Microchip MPLAB XC8 Compiler V2.31

Linker command line:

-W-3 --edf=C:\Program Files\Microchip\xc8\v2.31\pic\dat\en_msgs.txt -cn \
  -h+dist/default/production\CO2MON.X.production.sym \
  --cmf=dist/default/production\CO2MON.X.production.cmf -z -Q16F18326 \
  -oC:\Users\ysuga\AppData\Local\Temp\sio0.2 --defsym=__MPLAB_BUILD=1 \
  -Mdist/default/production/CO2MON.X.production.map -E1 -ver=XC8 Compiler \
  --acfsm=1493 -ASTACK=02190h-027EFh -pstack=STACK -ACODE=00h-07FFhx8 \
  -ASTRCODE=00h-03FFFh -ASTRING=00h-0FFhx64 -ACONST=00h-0FFhx64 \
  -AENTRY=00h-0FFhx64 -ACOMMON=070h-07Fh -ABANK0=020h-06Fh \
  -ABANK1=0A0h-0EFh -ABANK2=0120h-016Fh -ABANK3=01A0h-01EFh \
  -ABANK4=0220h-026Fh -ABANK5=02A0h-02EFh -ABANK6=0320h-036Fh \
  -ABANK7=03A0h-03EFh -ABANK8=0420h-046Fh -ABANK9=04A0h-04EFh \
  -ABANK10=0520h-056Fh -ABANK11=05A0h-05EFh -ABANK12=0620h-066Fh \
  -ABANK13=06A0h-06EFh -ABANK14=0720h-076Fh -ABANK15=07A0h-07EFh \
  -ABANK16=0820h-086Fh -ABANK17=08A0h-08EFh -ABANK18=0920h-096Fh \
  -ABANK19=09A0h-09EFh -ABANK20=0A20h-0A6Fh -ABANK21=0AA0h-0AEFh \
  -ABANK22=0B20h-0B6Fh -ABANK23=0BA0h-0BEFh -ABANK24=0C20h-0C6Fh \
  -ABANK25=0CA0h-0CBFh -ABIGRAM=02000h-027EFh \
  -ARAM=020h-06Fh,0A0h-0EFh,0120h-016Fh,01A0h-01EFh,0220h-026Fh,02A0h-02EFh,0320h-036Fh,03A0h-03EFh,0420h-046Fh,04A0h-04EFh,0520h-056Fh,05A0h-05EFh,0620h-066Fh,06A0h-06EFh,0720h-076Fh,07A0h-07EFh,0820h-086Fh,08A0h-08EFh,0920h-096Fh,09A0h-09EFh,0A20h-0A6Fh,0AA0h-0AEFh,0B20h-0B6Fh,0BA0h-0BEFh,0C20h-0C6Fh,0CA0h-0CBFh \
  -AABS1=020h-07Fh,0A0h-0EFh,0120h-016Fh,01A0h-01EFh,0220h-026Fh,02A0h-02EFh,0320h-036Fh,03A0h-03EFh,0420h-046Fh,04A0h-04EFh,0520h-056Fh,05A0h-05EFh,0620h-066Fh,06A0h-06EFh,0720h-076Fh,07A0h-07EFh,0820h-086Fh,08A0h-08EFh,0920h-096Fh,09A0h-09EFh,0A20h-0A6Fh,0AA0h-0AEFh,0B20h-0B6Fh,0BA0h-0BEFh,0C20h-0C6Fh,0CA0h-0CBFh \
  -ASFR0=00h-01Fh -ASFR1=080h-09Fh -ASFR2=0100h-011Fh -ASFR3=0180h-019Fh \
  -ASFR4=0200h-021Fh -ASFR5=0280h-029Fh -ASFR6=0300h-031Fh \
  -ASFR7=0380h-039Fh -ASFR8=0400h-041Fh -ASFR9=0480h-049Fh \
  -ASFR10=0500h-051Fh -ASFR11=0580h-059Fh -ASFR12=0600h-061Fh \
  -ASFR13=0680h-069Fh -ASFR14=0700h-071Fh -ASFR15=0780h-079Fh \
  -ASFR16=0800h-081Fh -ASFR17=0880h-089Fh -ASFR18=0900h-091Fh \
  -ASFR19=0980h-099Fh -ASFR20=0A00h-0A1Fh -ASFR21=0A80h-0A9Fh \
  -ASFR22=0B00h-0B1Fh -ASFR23=0B80h-0B9Fh -ASFR24=0C00h-0C1Fh \
  -ASFR25=0C80h-0C9Fh -ASFR26=0D00h-0D6Fh -ASFR27=0D80h-0DEFh \
  -ASFR28=0E00h-0E6Fh -ASFR29=0E80h-0EEFh -ASFR30=0F00h-0F6Fh \
  -ASFR31=0F80h-0FEFh -ACONFIG=08007h-0800Ah -DCONFIG=2 \
  -AIDLOC=08000h-08003h -DIDLOC=2 -AEEDATA=00h-0FFh/0F000h \
  -peeprom_data=EEDATA -DEEDATA=2 -DCODE=2 -DSTRCODE=2 -DSTRING=2 -DCONST=2 \
  -DENTRY=2 -preset_vec=00h,intentry,init,end_init -ppowerup=CODE \
  -pcinit=CODE -pfunctab=ENTRY -k C:\Users\ysuga\AppData\Local\Temp\sio0.o \
  dist/default/production\CO2MON.X.production.o 

Object code version is 3.11

Machine type is 16F18326



                Name                               Link     Load   Length Selector   Space Scale
C:\Users\ysuga\AppData\Local\Temp\sio0.o
                end_init                              2        2        2        0       0
                reset_vec                             0        0        2        0       0
                config                             8007     8007        4        0       4
dist/default/production\CO2MON.X.production.o
                cinit                               7DD      7DD       23      FBA       0
                config                             8007     8007        4        0       4
                text50                             27B8     27B8       18     4F70       0
                text49                                B        B        D       16       0
                text48                             2786     2786        9     4F0C       0
                text47                             276C     276C        6     4ED8       0
                text46                             2772     2772        6     4EE4       0
                text45                             2778     2778        6     4EF0       0
                text44                             18D1     18D1       22     31A2       0
                text43                             1800     1800        4     2C98       0
                text42                             278F     278F        9     4F1E       0
                text41                             1916     1916       24     322C       0
                text40                             277E     277E        8     4EFC       0
                text39                              800      800        4      FBA       0
                text38                             27A2     27A2       16     4F44       0
                text37                             1CC1     1CC1       AC     3982       0
                text36                             2798     2798        A     4F30       0
                text35                             27D0     27D0       18     4FA0       0
                text34                             1850     1850       1F     30A0       0
                text33                             27E8     27E8       18     4FD0       0
                text32                             188F     188F       21     311E       0
                text31                             1D6D     1D6D       AF     3ADA       0
                text30                             128A     128A      101     2514       0
                text29                             1E1C     1E1C       EA     3C38       0
                text28                             181C     181C       1A     3038       0
                text27                                4        4        1        0       0
                text26                             1A36     1A36       50     346C       0
                text25                             195F     195F       29     32BE       0
                text24                             1836     1836       1A     306C       0
                text23                              804      804       59     1008       0
                text22                             14DC     14DC      170     29B8       0
                text21                             122B     122B       5F     2456       0
                text20                             1A86     1A86       53     350C       0
                text19                             164C     164C      1B4     2C98       0
                text18                             19E8     19E8       4E     33D0       0
                text17                             1C36     1C36       8B     386C       0
                text16                             18F3     18F3       23     31E6       0
                text15                              A95      A95      257     152A       0
                text14                             1220     1220        B     2440       0
                text13                              85D      85D      238     10BA       0
                text12                             186F     186F       20     30DE       0
                text11                             1BB0     1BB0       86     3760       0
                text10                             1B31     1B31       7F     3662       0
                text9                              1F06     1F06       FA     3E0C       0
                text8                              18B0     18B0       21     3160       0
                text7                              1804     1804       18     3008       0
                text6                              193A     193A       25     3274       0
                text5                                18       18      7C5       30       0
                text4                              1AD9     1AD9       58     35B2       0
                text3                               CEC      CEC      314     19D8       0
                text2                              19B4     19B4       34     3368       0
                text1                              1988     1988       2C     3310       0
                maintext                           138B     138B      151     2716       0
                cstackBANK0                          20       20       50       20       1
                cstackCOMMON                         70       70        E       70       1
                cstackBANK1                          A0       A0       48       A0       1
                cstackBANK2                         120      120       44      120       1
                cstackBANK3                         1A0      1A0       24      1A0       1
                clrtext                               5        5        6        A       0
                bssBANK4                            220      220       50      220       1
                bssBANK3                            1C4      1C4        C      1A0       1
                bssBANK2                            164      164        C      120       1
                bssBANK1                             E8       E8        7       A0       1
                stringtext7                        281C     281C        3     5000       0
                stringtext6                        2818     2818        4     5000       0
                stringtext5                        2814     2814        4     5000       0
                stringtext4                        2810     2810        4     5000       0
                stringtext3                        280C     280C        4     5000       0
                stringtext2                        2800     2800        C     5000       0
                nvBANK3                             1D0      1D0        6      1A0       1
                stringtext1                        1000     1000      21E     2000       0

TOTAL           Name                               Link     Load   Length     Space
        CLASS   STACK          

        CLASS   CODE           
                end_init                              2        2        2         0
                cinit                               7DD      7DD       23         0
                reset_vec                             0        0        2         0
                text50                             27B8     27B8       18         0
                text49                                B        B        D         0
                text48                             2786     2786        9         0
                text47                             276C     276C        6         0
                text46                             2772     2772        6         0
                text45                             2778     2778        6         0
                text44                             18D1     18D1       22         0
                text43                             1800     1800        4         0
                text42                             278F     278F        9         0
                text41                             1916     1916       24         0
                text40                             277E     277E        8         0
                text39                              800      800        4         0
                text38                             27A2     27A2       16         0
                text37                             1CC1     1CC1       AC         0
                text36                             2798     2798        A         0
                text35                             27D0     27D0       18         0
                text34                             1850     1850       1F         0
                text33                             27E8     27E8       18         0
                text32                             188F     188F       21         0
                text31                             1D6D     1D6D       AF         0
                text30                             128A     128A      101         0
                text29                             1E1C     1E1C       EA         0
                text28                             181C     181C       1A         0
                text27                                4        4        1         0
                text26                             1A36     1A36       50         0
                text25                             195F     195F       29         0
                text24                             1836     1836       1A         0
                text23                              804      804       59         0
                text22                             14DC     14DC      170         0
                text21                             122B     122B       5F         0
                text20                             1A86     1A86       53         0
                text19                             164C     164C      1B4         0
                text18                             19E8     19E8       4E         0
                text17                             1C36     1C36       8B         0
                text16                             18F3     18F3       23         0
                text15                              A95      A95      257         0
                text14                             1220     1220        B         0
                text13                              85D      85D      238         0
                text12                             186F     186F       20         0
                text11                             1BB0     1BB0       86         0
                text10                             1B31     1B31       7F         0
                text9                              1F06     1F06       FA         0
                text8                              18B0     18B0       21         0
                text7                              1804     1804       18         0
                text6                              193A     193A       25         0
                text5                                18       18      7C5         0
                text4                              1AD9     1AD9       58         0
                text3                               CEC      CEC      314         0
                text2                              19B4     19B4       34         0
                text1                              1988     1988       2C         0
                maintext                           138B     138B      151         0
                clrtext                               5        5        6         0

        CLASS   STRCODE        
                stringtext7                        281C     281C        3         0
                stringtext6                        2818     2818        4         0
                stringtext5                        2814     2814        4         0
                stringtext4                        2810     2810        4         0
                stringtext3                        280C     280C        4         0
                stringtext2                        2800     2800        C         0
                stringtext1                        1000     1000      21E         0

        CLASS   STRING         

        CLASS   CONST          

        CLASS   ENTRY          

        CLASS   COMMON         
                cstackCOMMON                         70       70        E         1

        CLASS   BANK0          
                cstackBANK0                          20       20       50         1

        CLASS   BANK1          
                cstackBANK1                          A0       A0       48         1
                bssBANK1                             E8       E8        7         1

        CLASS   BANK2          
                cstackBANK2                         120      120       44         1
                bssBANK2                            164      164        C         1

        CLASS   BANK3          
                cstackBANK3                         1A0      1A0       24         1
                bssBANK3                            1C4      1C4        C         1
                nvBANK3                             1D0      1D0        6         1

        CLASS   BANK4          
                bssBANK4                            220      220       50         1

        CLASS   BANK5          

        CLASS   BANK6          

        CLASS   BANK7          

        CLASS   BANK8          

        CLASS   BANK9          

        CLASS   BANK10         

        CLASS   BANK11         

        CLASS   BANK12         

        CLASS   BANK13         

        CLASS   BANK14         

        CLASS   BANK15         

        CLASS   BANK16         

        CLASS   BANK17         

        CLASS   BANK18         

        CLASS   BANK19         

        CLASS   BANK20         

        CLASS   BANK21         

        CLASS   BANK22         

        CLASS   BANK23         

        CLASS   BANK24         

        CLASS   BANK25         

        CLASS   BIGRAM         

        CLASS   RAM            

        CLASS   ABS1           
                abs_s1                               7E       7E        2         1

        CLASS   SFR0           

        CLASS   SFR1           

        CLASS   SFR2           

        CLASS   SFR3           

        CLASS   SFR4           

        CLASS   SFR5           

        CLASS   SFR6           

        CLASS   SFR7           

        CLASS   SFR8           

        CLASS   SFR9           

        CLASS   SFR10          

        CLASS   SFR11          

        CLASS   SFR12          

        CLASS   SFR13          

        CLASS   SFR14          

        CLASS   SFR15          

        CLASS   SFR16          

        CLASS   SFR17          

        CLASS   SFR18          

        CLASS   SFR19          

        CLASS   SFR20          

        CLASS   SFR21          

        CLASS   SFR22          

        CLASS   SFR23          

        CLASS   SFR24          

        CLASS   SFR25          

        CLASS   SFR26          

        CLASS   SFR27          

        CLASS   SFR28          

        CLASS   SFR29          

        CLASS   SFR30          

        CLASS   SFR31          

        CLASS   CONFIG         
                config                             8007     8007        4         4

        CLASS   IDLOC          

        CLASS   EEDATA         

        CLASS   BANK31         

        CLASS   BANK30         

        CLASS   BANK29         

        CLASS   BANK28         

        CLASS   BANK27         

        CLASS   BANK26         



SEGMENTS        Name                           Load    Length   Top    Selector   Space  Class     Delta

                reset_vec                      000000  000005  000005         0       0  CODE        2
                clrtext                        000005  000006  00000B         A       0  CODE        2
                text49                         00000B  00000D  000018        16       0  CODE        2
                cstackBANK0                    000020  000050  000070        20       1  BANK0       1
                text5                          000018  0007C5  0007DD        30       0  CODE        2
                cstackCOMMON                   000070  00000E  00007E        70       1  COMMON      1
                cstackBANK1                    0000A0  00004F  0000EF        A0       1  BANK1       1
                cstackBANK2                    000120  000050  000170       120       1  BANK2       1
                cstackBANK3                    0001A0  000036  0001D6       1A0       1  BANK3       1
                bssBANK4                       000220  000050  000270       220       1  BANK4       1
                cinit                          0007DD  000027  000804       FBA       0  CODE        2
                text23                         000804  000059  00085D      1008       0  CODE        2
                text13                         00085D  000238  000A95      10BA       0  CODE        2
                text15                         000A95  000257  000CEC      152A       0  CODE        2
                text3                          000CEC  000314  001000      19D8       0  CODE        2
                stringtext1                    001000  00021E  00121E      2000       0  STRCODE     2
                text14                         001220  00000B  00122B      2440       0  CODE        2
                text21                         00122B  00005F  00128A      2456       0  CODE        2
                text30                         00128A  000101  00138B      2514       0  CODE        2
                maintext                       00138B  000151  0014DC      2716       0  CODE        2
                text22                         0014DC  000170  00164C      29B8       0  CODE        2
                text19                         00164C  0001B8  001804      2C98       0  CODE        2
                text7                          001804  000018  00181C      3008       0  CODE        2
                text28                         00181C  00001A  001836      3038       0  CODE        2
                text24                         001836  00001A  001850      306C       0  CODE        2
                text34                         001850  00001F  00186F      30A0       0  CODE        2
                text12                         00186F  000020  00188F      30DE       0  CODE        2
                text32                         00188F  000021  0018B0      311E       0  CODE        2
                text8                          0018B0  000021  0018D1      3160       0  CODE        2
                text44                         0018D1  000022  0018F3      31A2       0  CODE        2
                text16                         0018F3  000023  001916      31E6       0  CODE        2
                text41                         001916  000024  00193A      322C       0  CODE        2
                text6                          00193A  000025  00195F      3274       0  CODE        2
                text25                         00195F  000029  001988      32BE       0  CODE        2
                text1                          001988  00002C  0019B4      3310       0  CODE        2
                text2                          0019B4  000034  0019E8      3368       0  CODE        2
                text18                         0019E8  00004E  001A36      33D0       0  CODE        2
                text26                         001A36  000050  001A86      346C       0  CODE        2
                text20                         001A86  000053  001AD9      350C       0  CODE        2
                text4                          001AD9  000058  001B31      35B2       0  CODE        2
                text10                         001B31  00007F  001BB0      3662       0  CODE        2
                text11                         001BB0  000086  001C36      3760       0  CODE        2
                text17                         001C36  00008B  001CC1      386C       0  CODE        2
                text37                         001CC1  0000AC  001D6D      3982       0  CODE        2
                text31                         001D6D  0000AF  001E1C      3ADA       0  CODE        2
                text29                         001E1C  0000EA  001F06      3C38       0  CODE        2
                text9                          001F06  0000FA  002000      3E0C       0  CODE        2
                text47                         00276C  000006  002772      4ED8       0  CODE        2
                text46                         002772  000006  002778      4EE4       0  CODE        2
                text45                         002778  000006  00277E      4EF0       0  CODE        2
                text40                         00277E  000008  002786      4EFC       0  CODE        2
                text48                         002786  000009  00278F      4F0C       0  CODE        2
                text42                         00278F  000009  002798      4F1E       0  CODE        2
                text36                         002798  00000A  0027A2      4F30       0  CODE        2
                text38                         0027A2  000016  0027B8      4F44       0  CODE        2
                text50                         0027B8  000018  0027D0      4F70       0  CODE        2
                text35                         0027D0  000018  0027E8      4FA0       0  CODE        2
                text33                         0027E8  000018  002800      4FD0       0  CODE        2
                stringtext2                    002800  00001F  00281F      5000       0  STRCODE     2


UNUSED ADDRESS RANGES

        Name                Unused          Largest block    Delta
        BANK1            000EF-000EF               1           1
        BANK10           00520-0056F              50           1
        BANK11           005A0-005EF              50           1
        BANK12           00620-0066F              50           1
        BANK13           006A0-006EF              50           1
        BANK14           00720-0076F              50           1
        BANK15           007A0-007EF              50           1
        BANK16           00820-0086F              50           1
        BANK17           008A0-008EF              50           1
        BANK18           00920-0096F              50           1
        BANK19           009A0-009EF              50           1
        BANK20           00A20-00A6F              50           1
        BANK21           00AA0-00AEF              50           1
        BANK22           00B20-00B6F              50           1
        BANK23           00BA0-00BEF              50           1
        BANK24           00C20-00C6F              50           1
        BANK25           00CA0-00CBF              20           1
        BANK3            001D6-001EF              1A           1
        BANK5            002A0-002EF              50           1
        BANK6            00320-0036F              50           1
        BANK7            003A0-003EF              50           1
        BANK8            00420-0046F              50           1
        BANK9            004A0-004EF              50           1
        BIGRAM           02000-027EF             7F0           1
        CODE             0121E-0121F               2           2
                         02000-0276B             76C
                         0281F-03FFF             800
        CONST            0121E-0121F               2           2
                         02000-0276B             100
                         0281F-03FFF             100
        EEDATA           0F000-0F0FF             100           2
        ENTRY            0121E-0121F               2           2
                         02000-0276B             100
                         0281F-03FFF             100
        IDLOC            08000-08003               4           2
        RAM              000EF-000EF               1           1
                         001D6-001EF              1A
                         002A0-002EF              50
                         00320-0036F              50
                         003A0-003EF              50
                         00420-0046F              50
                         004A0-004EF              50
                         00520-0056F              50
                         005A0-005EF              50
                         00620-0066F              50
                         006A0-006EF              50
                         00720-0076F              50
                         007A0-007EF              50
                         00820-0086F              50
                         008A0-008EF              50
                         00920-0096F              50
                         009A0-009EF              50
                         00A20-00A6F              50
                         00AA0-00AEF              50
                         00B20-00B6F              50
                         00BA0-00BEF              50
                         00C20-00C6F              50
                         00CA0-00CBF              20
        SFR0             00000-0001F              20           1
        SFR1             00080-0009F              20           1
        SFR10            00500-0051F              20           1
        SFR11            00580-0059F              20           1
        SFR12            00600-0061F              20           1
        SFR13            00680-0069F              20           1
        SFR14            00700-0071F              20           1
        SFR15            00780-0079F              20           1
        SFR16            00800-0081F              20           1
        SFR17            00880-0089F              20           1
        SFR18            00900-0091F              20           1
        SFR19            00980-0099F              20           1
        SFR2             00100-0011F              20           1
        SFR20            00A00-00A1F              20           1
        SFR21            00A80-00A9F              20           1
        SFR22            00B00-00B1F              20           1
        SFR23            00B80-00B9F              20           1
        SFR24            00C00-00C1F              20           1
        SFR25            00C80-00C9F              20           1
        SFR26            00D00-00D6F              70           1
        SFR27            00D80-00DEF              70           1
        SFR28            00E00-00E6F              70           1
        SFR29            00E80-00EEF              70           1
        SFR3             00180-0019F              20           1
        SFR30            00F00-00F6F              70           1
        SFR31            00F80-00FEF              70           1
        SFR4             00200-0021F              20           1
        SFR5             00280-0029F              20           1
        SFR6             00300-0031F              20           1
        SFR7             00380-0039F              20           1
        SFR8             00400-0041F              20           1
        SFR9             00480-0049F              20           1
        STACK            02190-027EF             660           1
        STRCODE          0121E-0121F               2           2
                         02000-0276B             76C
                         0281F-03FFF            17E1
        STRING           0121E-0121F               2           2
                         02000-0276B             100
                         0281F-03FFF             100

                                  Symbol Table

?_ADC_GetConversion                            cstackCOMMON 00070
?__Umul8_16                                    cstackCOMMON 00070
?___aodiv                                      cstackBANK0  00020
?___aomod                                      cstackBANK0  00020
?___awdiv                                      cstackCOMMON 00070
?___awmod                                      cstackCOMMON 00070
?___fladd                                      cstackBANK0  00035
?___fldiv                                      cstackBANK0  00051
?___flmul                                      cstackBANK0  00020
?___flneg                                      cstackCOMMON 00070
?___flsub                                      cstackBANK0  00049
?___fltol                                      cstackBANK0  0006B
?___fpclassifyf                                cstackCOMMON 00070
?___wmul                                       cstackCOMMON 00070
?___xxtofl                                     cstackCOMMON 00070
?_abs                                          cstackCOMMON 00073
?_atoi                                         cstackCOMMON 00076
?_dtoa                                         cstackBANK0  00030
?_efgtoa                                       cstackBANK1  000B0
?_floorf                                       cstackBANK0  0006B
?_isdigit                                      cstackCOMMON 00070
?_isspace                                      cstackCOMMON 00070
?_isupper                                      cstackCOMMON 00070
?_pad                                          cstackBANK0  00024
?_sprintf                                      cstackBANK2  0015C
?_strlen                                       cstackCOMMON 00070
?_strncmp                                      cstackCOMMON 00070
?_tolower                                      cstackCOMMON 00076
?_vfpfcnvrt                                    cstackBANK1  000B9
?_vfprintf                                     cstackBANK2  00159
ADC_GetConversion@channel                      cstackCOMMON 00073
ADC_SelectChannel@channel                      cstackCOMMON 00071
EUSART_SetErrorHandler@interruptHandler        cstackCOMMON 00070
EUSART_SetFramingErrorHandler@interruptHandler cstackCOMMON 00070
EUSART_SetOverrunErrorHandler@interruptHandler cstackCOMMON 00070
EUSART_Write@txData                            cstackCOMMON 00070
_ADACT                                         (abs)        0009F
_ADCON0                                        (abs)        0009D
_ADCON0bits                                    (abs)        0009D
_ADCON1                                        (abs)        0009E
_ADC_GetConversion                             text50       027B8
_ADC_Initialize                                text48       02786
_ADC_SelectChannel                             text49       0000B
_ADRESH                                        (abs)        0009C
_ADRESL                                        (abs)        0009B
_ANSELA                                        (abs)        0018C
_ANSELC                                        (abs)        0018E
_BAUD1CON                                      (abs)        0019F
_EUSART_DefaultErrorHandler                    (abs)        00000
_EUSART_DefaultFramingErrorHandler             (abs)        00000
_EUSART_DefaultOverrunErrorHandler             (abs)        00000
_EUSART_ErrorHandler                           nvBANK3      001D0
_EUSART_FramingErrorHandler                    nvBANK3      001D4
_EUSART_Initialize                             text44       018D1
_EUSART_OverrunErrorHandler                    nvBANK3      001D2
_EUSART_SetErrorHandler                        text47       0276C
_EUSART_SetFramingErrorHandler                 text46       02772
_EUSART_SetOverrunErrorHandler                 text45       02778
_EUSART_Write                                  text36       02798
_FVRCON                                        (abs)        00117
_FVRCONbits                                    (abs)        00117
_FVR_Initialize                                text43       01800
_INLVLA                                        (abs)        0038C
_INLVLC                                        (abs)        0038E
_LATA                                          (abs)        0010C
_LATC                                          (abs)        0010E
_ODCONA                                        (abs)        0028C
_ODCONC                                        (abs)        0028E
_OSCCON1                                       (abs)        00919
_OSCCON3                                       (abs)        0091B
_OSCEN                                         (abs)        0091D
_OSCFRQ                                        (abs)        0091F
_OSCILLATOR_Initialize                         text42       0278F
_OSCTUNE                                       (abs)        0091E
_PIN_MANAGER_Initialize                        text41       01916
_PIR1bits                                      (abs)        00011
_PMD0                                          (abs)        00911
_PMD1                                          (abs)        00912
_PMD2                                          (abs)        00913
_PMD3                                          (abs)        00914
_PMD4                                          (abs)        00915
_PMD5                                          (abs)        00916
_PMD_Initialize                                text40       0277E
_RC1REG                                        (abs)        00199
_RC1STA                                        (abs)        0019D
_RC1STAbits                                    (abs)        0019D
_RC4PPS                                        (abs)        00EA4
_RXPPS                                         (abs)        00E24
_SLRCONA                                       (abs)        0030C
_SLRCONC                                       (abs)        0030E
_SP1BRGH                                       (abs)        0019C
_SP1BRGL                                       (abs)        0019B
_SYSTEM_Initialize                             text38       027A2
_TRISA                                         (abs)        0008C
_TRISC                                         (abs)        0008E
_TX1REG                                        (abs)        0019A
_TX1STA                                        (abs)        0019E
_TX1STAbits                                    (abs)        0019E
_WDTCON                                        (abs)        00097
_WDT_Initialize                                text39       00800
_WPUA                                          (abs)        0020C
_WPUC                                          (abs)        0020E
__Habs1                                        abs1         00000
__Hbank0                                       bank0        00000
__Hbank1                                       bank1        00000
__Hbank10                                      bank10       00000
__Hbank11                                      bank11       00000
__Hbank12                                      bank12       00000
__Hbank13                                      bank13       00000
__Hbank14                                      bank14       00000
__Hbank15                                      bank15       00000
__Hbank16                                      bank16       00000
__Hbank17                                      bank17       00000
__Hbank18                                      bank18       00000
__Hbank19                                      bank19       00000
__Hbank2                                       bank2        00000
__Hbank20                                      bank20       00000
__Hbank21                                      bank21       00000
__Hbank22                                      bank22       00000
__Hbank23                                      bank23       00000
__Hbank24                                      bank24       00000
__Hbank25                                      bank25       00000
__Hbank26                                      bank26       00000
__Hbank27                                      bank27       00000
__Hbank28                                      bank28       00000
__Hbank29                                      bank29       00000
__Hbank3                                       bank3        00000
__Hbank30                                      bank30       00000
__Hbank31                                      bank31       00000
__Hbank4                                       bank4        00000
__Hbank5                                       bank5        00000
__Hbank6                                       bank6        00000
__Hbank7                                       bank7        00000
__Hbank8                                       bank8        00000
__Hbank9                                       bank9        00000
__Hbigram                                      bigram       00000
__HbssBANK1                                    bssBANK1     00000
__HbssBANK2                                    bssBANK2     00000
__HbssBANK3                                    bssBANK3     00000
__HbssBANK4                                    bssBANK4     00000
__Hcinit                                       cinit        00800
__Hclrtext                                     clrtext      00000
__Hcode                                        code         00000
__Hcommon                                      common       00000
__Hconfig                                      config       0800B
__HcstackBANK0                                 cstackBANK0  00000
__HcstackBANK1                                 cstackBANK1  00000
__HcstackBANK2                                 cstackBANK2  00000
__HcstackBANK3                                 cstackBANK3  00000
__HcstackCOMMON                                cstackCOMMON 00000
__Heeprom_data                                 eeprom_data  00000
__Hend_init                                    end_init     00004
__Hfunctab                                     functab      00000
__Hinit                                        init         00002
__Hintentry                                    intentry     00002
__Hmaintext                                    maintext     00000
__HnvBANK3                                     nvBANK3      00000
__Hpowerup                                     powerup      00000
__Hram                                         ram          00000
__Hreset_vec                                   reset_vec    00002
__Hsfr0                                        sfr0         00000
__Hsfr1                                        sfr1         00000
__Hsfr10                                       sfr10        00000
__Hsfr11                                       sfr11        00000
__Hsfr12                                       sfr12        00000
__Hsfr13                                       sfr13        00000
__Hsfr14                                       sfr14        00000
__Hsfr15                                       sfr15        00000
__Hsfr16                                       sfr16        00000
__Hsfr17                                       sfr17        00000
__Hsfr18                                       sfr18        00000
__Hsfr19                                       sfr19        00000
__Hsfr2                                        sfr2         00000
__Hsfr20                                       sfr20        00000
__Hsfr21                                       sfr21        00000
__Hsfr22                                       sfr22        00000
__Hsfr23                                       sfr23        00000
__Hsfr24                                       sfr24        00000
__Hsfr25                                       sfr25        00000
__Hsfr26                                       sfr26        00000
__Hsfr27                                       sfr27        00000
__Hsfr28                                       sfr28        00000
__Hsfr29                                       sfr29        00000
__Hsfr3                                        sfr3         00000
__Hsfr30                                       sfr30        00000
__Hsfr31                                       sfr31        00000
__Hsfr4                                        sfr4         00000
__Hsfr5                                        sfr5         00000
__Hsfr6                                        sfr6         00000
__Hsfr7                                        sfr7         00000
__Hsfr8                                        sfr8         00000
__Hsfr9                                        sfr9         00000
__Hspace_0                                     (abs)        0281F
__Hspace_1                                     (abs)        00270
__Hspace_2                                     (abs)        00000
__Hspace_3                                     (abs)        00000
__Hspace_4                                     (abs)        10012
__Hstack                                       stack        00000
__Hstrings                                     strings      00000
__Hstringtext1                                 stringtext1  00000
__Hstringtext2                                 stringtext2  00000
__Hstringtext3                                 stringtext3  00000
__Hstringtext4                                 stringtext4  00000
__Hstringtext5                                 stringtext5  00000
__Hstringtext6                                 stringtext6  00000
__Hstringtext7                                 stringtext7  00000
__Hstringtext8                                 stringtext8  00000
__Htext                                        text         00000
__Labs1                                        abs1         00000
__Lbank0                                       bank0        00000
__Lbank1                                       bank1        00000
__Lbank10                                      bank10       00000
__Lbank11                                      bank11       00000
__Lbank12                                      bank12       00000
__Lbank13                                      bank13       00000
__Lbank14                                      bank14       00000
__Lbank15                                      bank15       00000
__Lbank16                                      bank16       00000
__Lbank17                                      bank17       00000
__Lbank18                                      bank18       00000
__Lbank19                                      bank19       00000
__Lbank2                                       bank2        00000
__Lbank20                                      bank20       00000
__Lbank21                                      bank21       00000
__Lbank22                                      bank22       00000
__Lbank23                                      bank23       00000
__Lbank24                                      bank24       00000
__Lbank25                                      bank25       00000
__Lbank26                                      bank26       00000
__Lbank27                                      bank27       00000
__Lbank28                                      bank28       00000
__Lbank29                                      bank29       00000
__Lbank3                                       bank3        00000
__Lbank30                                      bank30       00000
__Lbank31                                      bank31       00000
__Lbank4                                       bank4        00000
__Lbank5                                       bank5        00000
__Lbank6                                       bank6        00000
__Lbank7                                       bank7        00000
__Lbank8                                       bank8        00000
__Lbank9                                       bank9        00000
__Lbigram                                      bigram       00000
__LbssBANK1                                    bssBANK1     00000
__LbssBANK2                                    bssBANK2     00000
__LbssBANK3                                    bssBANK3     00000
__LbssBANK4                                    bssBANK4     00000
__Lcinit                                       cinit        007DD
__Lclrtext                                     clrtext      00000
__Lcode                                        code         00000
__Lcommon                                      common       00000
__Lconfig                                      config       00000
__LcstackBANK0                                 cstackBANK0  00000
__LcstackBANK1                                 cstackBANK1  00000
__LcstackBANK2                                 cstackBANK2  00000
__LcstackBANK3                                 cstackBANK3  00000
__LcstackCOMMON                                cstackCOMMON 00000
__Leeprom_data                                 eeprom_data  00000
__Lend_init                                    end_init     00002
__Lfunctab                                     functab      00000
__Linit                                        init         00002
__Lintentry                                    intentry     00002
__Lmaintext                                    maintext     00000
__LnvBANK3                                     nvBANK3      00000
__Lpowerup                                     powerup      00000
__Lram                                         ram          00000
__Lreset_vec                                   reset_vec    00000
__Lsfr0                                        sfr0         00000
__Lsfr1                                        sfr1         00000
__Lsfr10                                       sfr10        00000
__Lsfr11                                       sfr11        00000
__Lsfr12                                       sfr12        00000
__Lsfr13                                       sfr13        00000
__Lsfr14                                       sfr14        00000
__Lsfr15                                       sfr15        00000
__Lsfr16                                       sfr16        00000
__Lsfr17                                       sfr17        00000
__Lsfr18                                       sfr18        00000
__Lsfr19                                       sfr19        00000
__Lsfr2                                        sfr2         00000
__Lsfr20                                       sfr20        00000
__Lsfr21                                       sfr21        00000
__Lsfr22                                       sfr22        00000
__Lsfr23                                       sfr23        00000
__Lsfr24                                       sfr24        00000
__Lsfr25                                       sfr25        00000
__Lsfr26                                       sfr26        00000
__Lsfr27                                       sfr27        00000
__Lsfr28                                       sfr28        00000
__Lsfr29                                       sfr29        00000
__Lsfr3                                        sfr3         00000
__Lsfr30                                       sfr30        00000
__Lsfr31                                       sfr31        00000
__Lsfr4                                        sfr4         00000
__Lsfr5                                        sfr5         00000
__Lsfr6                                        sfr6         00000
__Lsfr7                                        sfr7         00000
__Lsfr8                                        sfr8         00000
__Lsfr9                                        sfr9         00000
__Lspace_0                                     (abs)        00000
__Lspace_1                                     (abs)        00000
__Lspace_2                                     (abs)        00000
__Lspace_3                                     (abs)        00000
__Lspace_4                                     (abs)        00000
__Lstack                                       stack        00000
__Lstrings                                     strings      00000
__Lstringtext1                                 stringtext1  00000
__Lstringtext2                                 stringtext2  00000
__Lstringtext3                                 stringtext3  00000
__Lstringtext4                                 stringtext4  00000
__Lstringtext5                                 stringtext5  00000
__Lstringtext6                                 stringtext6  00000
__Lstringtext7                                 stringtext7  00000
__Lstringtext8                                 stringtext8  00000
__Ltext                                        text         00000
__S0                                           (abs)        0281F
__S1                                           (abs)        00270
__S2                                           (abs)        00000
__S3                                           (abs)        00000
__Umul8_16                                     text16       018F3
__Umul8_16@multiplicand                        cstackCOMMON 00070
__Umul8_16@multiplier                          cstackCOMMON 00078
__Umul8_16@product                             cstackCOMMON 00074
__Umul8_16@word_mpld                           cstackCOMMON 00076
___aodiv                                       text30       0128A
___aodiv@counter                               cstackCOMMON 00071
___aodiv@dividend                              cstackBANK0  00028
___aodiv@divisor                               cstackBANK0  00020
___aodiv@quotient                              cstackCOMMON 00073
___aodiv@sign                                  cstackCOMMON 00072
___aomod                                       text29       01E1C
___aomod@counter                               cstackCOMMON 00071
___aomod@dividend                              cstackBANK0  00028
___aomod@divisor                               cstackBANK0  00020
___aomod@sign                                  cstackCOMMON 00072
___awdiv                                       text21       0122B
___awdiv@counter                               cstackCOMMON 00075
___awdiv@dividend                              cstackCOMMON 00072
___awdiv@divisor                               cstackCOMMON 00070
___awdiv@quotient                              cstackCOMMON 00077
___awdiv@sign                                  cstackCOMMON 00076
___awmod                                       text20       01A86
___awmod@counter                               cstackCOMMON 00075
___awmod@dividend                              cstackCOMMON 00072
___awmod@divisor                               cstackCOMMON 00070
___awmod@sign                                  cstackCOMMON 00076
___fladd                                       text13       0085D
___fladd@a                                     cstackBANK0  00039
___fladd@aexp                                  cstackBANK0  00046
___fladd@b                                     cstackBANK0  00035
___fladd@bexp                                  cstackBANK0  00047
___fladd@grs                                   cstackBANK0  00048
___fladd@signs                                 cstackBANK0  00045
___fldiv                                       text19       0164C
___fldiv@a                                     cstackBANK0  00051
___fldiv@aexp                                  cstackBANK0  0006A
___fldiv@b                                     cstackBANK0  00055
___fldiv@bexp                                  cstackBANK0  00069
___fldiv@grs                                   cstackBANK0  00065
___fldiv@new_exp                               cstackBANK0  00063
___fldiv@rem                                   cstackBANK0  0005E
___fldiv@sign                                  cstackBANK0  00062
___fleq                                        text18       019E8
___fleq@ff1                                    cstackCOMMON 00070
___fleq@ff2                                    cstackCOMMON 00074
___flge                                        text17       01C36
___flge@ff1                                    cstackBANK0  00035
___flge@ff2                                    cstackBANK0  00039
___flmul                                       text15       00A95
___flmul@a                                     cstackBANK0  00024
___flmul@aexp                                  cstackBANK0  0002D
___flmul@b                                     cstackBANK0  00020
___flmul@bexp                                  cstackBANK0  0002E
___flmul@grs                                   cstackBANK0  00029
___flmul@prod                                  cstackBANK0  0002F
___flmul@sign                                  cstackBANK0  00028
___flmul@temp                                  cstackBANK0  00033
___flneg                                       text14       01220
___flneg@f1                                    cstackCOMMON 00070
___flsub                                       text12       0186F
___flsub@a                                     cstackBANK0  00049
___flsub@b                                     cstackBANK0  0004D
___fltol                                       text11       01BB0
___fltol@exp1                                  cstackBANK1  000A6
___fltol@f1                                    cstackBANK0  0006B
___fltol@sign1                                 cstackBANK1  000A5
___fpclassifyf                                 text10       01B31
___fpclassifyf@F465                            bssBANK2     00168
___fpclassifyf@e                               cstackBANK0  00020
___fpclassifyf@u                               cstackBANK0  00022
___fpclassifyf@x                               cstackCOMMON 00070
___int_sp                                      stack        00000
___latbits                                     (abs)        00003
___sp                                          stack        00000
___stackhi                                     (abs)        027EF
___stacklo                                     (abs)        02190
___wmul                                        text34       01850
___wmul@multiplicand                           cstackCOMMON 00072
___wmul@multiplier                             cstackCOMMON 00070
___wmul@product                                cstackCOMMON 00074
___xxtofl                                      text37       01CC1
___xxtofl@arg                                  cstackCOMMON 0007A
___xxtofl@exp                                  cstackCOMMON 00079
___xxtofl@sign                                 cstackCOMMON 00078
___xxtofl@val                                  cstackCOMMON 00070
__end_of_ADC_GetConversion                     text50       027D0
__end_of_ADC_Initialize                        text48       0278F
__end_of_ADC_SelectChannel                     text49       00018
__end_of_EUSART_Initialize                     text44       018F3
__end_of_EUSART_SetErrorHandler                text47       02772
__end_of_EUSART_SetFramingErrorHandler         text46       02778
__end_of_EUSART_SetOverrunErrorHandler         text45       0277E
__end_of_EUSART_Write                          text36       027A2
__end_of_FVR_Initialize                        text43       01804
__end_of_OSCILLATOR_Initialize                 text42       02798
__end_of_PIN_MANAGER_Initialize                text41       0193A
__end_of_PMD_Initialize                        text40       02786
__end_of_SYSTEM_Initialize                     text38       027B8
__end_of_WDT_Initialize                        text39       00804
__end_of__Umul8_16                             text16       01916
__end_of___aodiv                               text30       0138B
__end_of___aomod                               text29       01F06
__end_of___awdiv                               text21       0128A
__end_of___awmod                               text20       01AD9
__end_of___fladd                               text13       00A95
__end_of___fldiv                               text19       01800
__end_of___fleq                                text18       01A36
__end_of___flge                                text17       01CC1
__end_of___flmul                               text15       00CEC
__end_of___flneg                               text14       0122B
__end_of___flsub                               text12       0188F
__end_of___fltol                               text11       01C36
__end_of___fpclassifyf                         text10       01BB0
__end_of___wmul                                text34       0186F
__end_of___xxtofl                              text37       01D6D
__end_of__initialization                       cinit        007FD
__end_of_abs                                   text28       01836
__end_of_atoi                                  text31       01E1C
__end_of_co2_table                             stringtext1  0121E
__end_of_dtoa                                  text22       0164C
__end_of_efgtoa                                text5        007DD
__end_of_floorf                                text9        02000
__end_of_fputc                                 text26       01A86
__end_of_fputs                                 text25       01988
__end_of_isdigit                               text33       02800
__end_of_isspace                               text32       018B0
__end_of_isupper                               text7        0181C
__end_of_main                                  maintext     014DC
__end_of_pad                                   text23       0085D
__end_of_putch                                 text27       00005
__end_of_putstr                                text35       027E8
__end_of_sprintf                               text1        019B4
__end_of_strcpy                                text8        018D1
__end_of_strlen                                text24       01850
__end_of_strncmp                               text4        01B31
__end_of_tolower                               text6        0195F
__end_of_vfpfcnvrt                             text3        01000
__end_of_vfprintf                              text2        019E8
__initialization                               cinit        007DD
__pbssBANK1                                    bssBANK1     000E8
__pbssBANK2                                    bssBANK2     00164
__pbssBANK3                                    bssBANK3     001C4
__pbssBANK4                                    bssBANK4     00220
__pcstackBANK0                                 cstackBANK0  00020
__pcstackBANK1                                 cstackBANK1  000A0
__pcstackBANK2                                 cstackBANK2  00120
__pcstackBANK3                                 cstackBANK3  001A0
__pcstackCOMMON                                cstackCOMMON 00070
__pmaintext                                    maintext     0138B
__pnvBANK3                                     nvBANK3      001D0
__pstringtext1                                 stringtext1  01000
__pstringtext2                                 stringtext2  02800
__pstringtext3                                 stringtext3  0280C
__pstringtext4                                 stringtext4  02810
__pstringtext5                                 stringtext5  02814
__pstringtext6                                 stringtext6  02818
__pstringtext7                                 stringtext7  0281C
__pstringtext8                                 stringtext8  00000
__ptext1                                       text1        01988
__ptext10                                      text10       01B31
__ptext11                                      text11       01BB0
__ptext12                                      text12       0186F
__ptext13                                      text13       0085D
__ptext14                                      text14       01220
__ptext15                                      text15       00A95
__ptext16                                      text16       018F3
__ptext17                                      text17       01C36
__ptext18                                      text18       019E8
__ptext19                                      text19       0164C
__ptext2                                       text2        019B4
__ptext20                                      text20       01A86
__ptext21                                      text21       0122B
__ptext22                                      text22       014DC
__ptext23                                      text23       00804
__ptext24                                      text24       01836
__ptext25                                      text25       0195F
__ptext26                                      text26       01A36
__ptext27                                      text27       00004
__ptext28                                      text28       0181C
__ptext29                                      text29       01E1C
__ptext3                                       text3        00CEC
__ptext30                                      text30       0128A
__ptext31                                      text31       01D6D
__ptext32                                      text32       0188F
__ptext33                                      text33       027E8
__ptext34                                      text34       01850
__ptext35                                      text35       027D0
__ptext36                                      text36       02798
__ptext37                                      text37       01CC1
__ptext38                                      text38       027A2
__ptext39                                      text39       00800
__ptext4                                       text4        01AD9
__ptext40                                      text40       0277E
__ptext41                                      text41       01916
__ptext42                                      text42       0278F
__ptext43                                      text43       01800
__ptext44                                      text44       018D1
__ptext45                                      text45       02778
__ptext46                                      text46       02772
__ptext47                                      text47       0276C
__ptext48                                      text48       02786
__ptext49                                      text49       0000B
__ptext5                                       text5        00018
__ptext50                                      text50       027B8
__ptext6                                       text6        0193A
__ptext7                                       text7        01804
__ptext8                                       text8        018B0
__ptext9                                       text9        01F06
__size_of_ADC_GetConversion                    (abs)        00000
__size_of_ADC_Initialize                       (abs)        00000
__size_of_ADC_SelectChannel                    (abs)        00000
__size_of_EUSART_Initialize                    (abs)        00000
__size_of_EUSART_SetErrorHandler               (abs)        00000
__size_of_EUSART_SetFramingErrorHandler        (abs)        00000
__size_of_EUSART_SetOverrunErrorHandler        (abs)        00000
__size_of_EUSART_Write                         (abs)        00000
__size_of_FVR_Initialize                       (abs)        00000
__size_of_OSCILLATOR_Initialize                (abs)        00000
__size_of_PIN_MANAGER_Initialize               (abs)        00000
__size_of_PMD_Initialize                       (abs)        00000
__size_of_SYSTEM_Initialize                    (abs)        00000
__size_of_WDT_Initialize                       (abs)        00000
__size_of__Umul8_16                            (abs)        00000
__size_of___aodiv                              (abs)        00000
__size_of___aomod                              (abs)        00000
__size_of___awdiv                              (abs)        00000
__size_of___awmod                              (abs)        00000
__size_of___fladd                              (abs)        00000
__size_of___fldiv                              (abs)        00000
__size_of___fleq                               (abs)        00000
__size_of___flge                               (abs)        00000
__size_of___flmul                              (abs)        00000
__size_of___flneg                              (abs)        00000
__size_of___flsub                              (abs)        00000
__size_of___fltol                              (abs)        00000
__size_of___fpclassifyf                        (abs)        00000
__size_of___wmul                               (abs)        00000
__size_of___xxtofl                             (abs)        00000
__size_of_abs                                  (abs)        00000
__size_of_atoi                                 (abs)        00000
__size_of_dtoa                                 (abs)        00000
__size_of_efgtoa                               (abs)        00000
__size_of_floorf                               (abs)        00000
__size_of_fputc                                (abs)        00000
__size_of_fputs                                (abs)        00000
__size_of_isdigit                              (abs)        00000
__size_of_isspace                              (abs)        00000
__size_of_isupper                              (abs)        00000
__size_of_main                                 (abs)        00000
__size_of_pad                                  (abs)        00000
__size_of_putch                                (abs)        00000
__size_of_putstr                               (abs)        00000
__size_of_sprintf                              (abs)        00000
__size_of_strcpy                               (abs)        00000
__size_of_strlen                               (abs)        00000
__size_of_strncmp                              (abs)        00000
__size_of_tolower                              (abs)        00000
__size_of_vfpfcnvrt                            (abs)        00000
__size_of_vfprintf                             (abs)        00000
_abs                                           text28       0181C
_atoi                                          text31       01D6D
_atoi$1067                                     cstackBANK0  00022
_atoi$1068                                     cstackBANK0  00026
_atoi$1069                                     cstackBANK0  00024
_co2_table                                     stringtext1  01000
_dbuf                                          bssBANK4     00220
_dtoa                                          text22       014DC
_dtoa$976                                      cstackBANK0  0003B
_efgtoa                                        text5        00018
_efgtoa$1000                                   cstackBANK2  00120
_efgtoa$1001                                   cstackBANK2  00122
_efgtoa$1005                                   cstackBANK2  00124
_efgtoa$1009                                   cstackBANK2  00126
_efgtoa$1010                                   cstackBANK2  00128
_efgtoa$1011                                   cstackBANK2  0012A
_eusartRxLastError                             bssBANK1     000EE
_flags                                         bssBANK1     000EC
_floorf                                        text9        01F06
_fputc                                         text26       01A36
_fputs                                         text25       0195F
_isdigit                                       text33       027E8
_isspace                                       text32       0188F
_isspace$1098                                  cstackCOMMON 00074
_isupper                                       text7        01804
_main                                          maintext     0138B
_nout                                          bssBANK2     0016C
_pad                                           text23       00804
_prec                                          bssBANK1     000EA
_putch                                         text27       00004
_putstr                                        text35       027D0
_sprintf                                       text1        01988
_strcpy                                        text8        018B0
_strlen                                        text24       01836
_strncmp                                       text4        01AD9
_tSys                                          bssBANK3     001C4
_tolower                                       text6        0193A
_tolower$1162                                  cstackCOMMON 0007C
_vfpfcnvrt                                     text3        00CEC
_vfpfcnvrt$1025                                cstackBANK1  000C9
_vfpfcnvrt$1026                                cstackBANK1  000CB
_vfpfcnvrt$1031                                cstackBANK1  000CD
_vfprintf                                      text2        019B4
_width                                         bssBANK1     000E8
abs@a                                          cstackCOMMON 00073
atoi@n                                         cstackBANK0  00027
atoi@neg                                       cstackBANK0  00020
atoi@s                                         cstackCOMMON 00076
btemp                                          (abs)        0007E
clear_ram0                                     clrtext      00005
dtoa@d                                         cstackBANK0  00030
dtoa@fp                                        cstackBANK0  0003D
dtoa@i                                         cstackBANK0  0004C
dtoa@n                                         cstackBANK0  00044
dtoa@p                                         cstackBANK0  0003E
dtoa@s                                         cstackBANK0  00042
dtoa@w                                         cstackBANK0  00040
efgtoa@c                                       cstackBANK1  000B4
efgtoa@d                                       cstackBANK2  00138
efgtoa@e                                       cstackBANK2  00151
efgtoa@f                                       cstackBANK1  000B0
efgtoa@fp                                      cstackBANK2  0013C
efgtoa@g                                       cstackBANK2  0014D
efgtoa@h                                       cstackBANK2  00143
efgtoa@i                                       cstackBANK2  0014B
efgtoa@l                                       cstackBANK2  00147
efgtoa@m                                       cstackBANK2  00132
efgtoa@mode                                    cstackBANK2  00142
efgtoa@n                                       cstackBANK2  00153
efgtoa@ne                                      cstackBANK2  00130
efgtoa@nmode                                   cstackBANK2  00141
efgtoa@ou                                      cstackBANK2  00134
efgtoa@p                                       cstackBANK2  0013D
efgtoa@pp                                      cstackBANK2  0012E
efgtoa@sign                                    cstackBANK2  0013A
efgtoa@t                                       cstackBANK2  0012C
efgtoa@u                                       cstackBANK2  00155
efgtoa@w                                       cstackBANK2  0013F
end_of_initialization                          cinit        007FD
floorf@F527                                    bssBANK2     00164
floorf@e                                       cstackBANK1  000AA
floorf@m                                       cstackBANK1  000A6
floorf@u                                       cstackBANK1  000AC
floorf@x                                       cstackBANK0  0006B
fputc@c                                        cstackCOMMON 00070
fputc@fp                                       cstackCOMMON 00072
fputs@c                                        cstackBANK0  00020
fputs@fp                                       cstackCOMMON 00078
fputs@i                                        cstackBANK0  00021
fputs@s                                        cstackBANK0  00023
intlevel0                                      functab      00000
intlevel1                                      functab      00000
intlevel2                                      functab      00000
intlevel3                                      functab      00000
intlevel4                                      functab      00000
intlevel5                                      functab      00000
isdigit@c                                      cstackCOMMON 00070
isspace@c                                      cstackCOMMON 00070
isupper@c                                      cstackCOMMON 00070
main@fco2                                      cstackBANK3  001B8
main@ftotal                                    cstackBANK3  001BC
main@i                                         cstackBANK3  001C0
main@n                                         cstackBANK3  001C2
main@s                                         cstackBANK3  001A0
pad@buf                                        cstackBANK0  00024
pad@fp                                         cstackBANK0  0002B
pad@i                                          cstackBANK0  00027
pad@p                                          cstackBANK0  00025
pad@w                                          cstackBANK0  00029
putstr@p                                       cstackCOMMON 00072
reset_vec                                      reset_vec    00000
sprintf@ap                                     cstackBANK1  000E0
sprintf@f                                      cstackBANK1  000E1
sprintf@fmt                                    cstackBANK2  0015C
sprintf@s                                      cstackBANK1  000DF
start                                          init         00002
start_initialization                           cinit        007DD
strcpy@d                                       cstackCOMMON 00076
strcpy@dest                                    cstackCOMMON 00077
strcpy@s                                       cstackCOMMON 00074
strcpy@src                                     cstackCOMMON 00070
strlen@a                                       cstackCOMMON 00073
strlen@s                                       cstackCOMMON 00074
strncmp@_l                                     cstackCOMMON 00075
strncmp@_r                                     cstackCOMMON 00070
strncmp@l                                      cstackCOMMON 00078
strncmp@n                                      cstackCOMMON 00072
strncmp@r                                      cstackCOMMON 00076
tolower@c                                      cstackCOMMON 00076
vfpfcnvrt@ap                                   cstackBANK1  000BA
vfpfcnvrt@c                                    cstackBANK1  000D6
vfpfcnvrt@ct                                   cstackBANK1  000D3
vfpfcnvrt@f                                    cstackBANK1  000CF
vfpfcnvrt@fmt                                  cstackBANK1  000B9
vfpfcnvrt@fp                                   cstackBANK1  000D7
vfpfcnvrt@ll                                   cstackBANK1  000C1
vfprintf@ap                                    cstackBANK2  0015B
vfprintf@cfmt                                  cstackBANK1  000DB
vfprintf@fmt                                   cstackBANK2  00159
vfprintf@fp                                    cstackBANK1  000DA
wtemp0                                         (abs)        0007E


FUNCTION INFORMATION:

 *************** function _main *****************
 Defined at:
		line 110 in file "main.c"
 Parameters:    Size  Location     Type
		None
 Auto vars:     Size  Location     Type
  i               2   32[BANK3 ] int 
  s              20    0[BANK3 ] unsigned char [20]
  ftotal          4   28[BANK3 ] float 
  fco2            4   24[BANK3 ] float 
  fvr20           4    0        float 
  e               4    0        float 
  n               2   34[BANK3 ] int 
  p               2    0        PTR unsigned char 
 Return value:  Size  Location     Type
                  1    wreg      void 
 Registers used:
		wreg, fsr0l, fsr0h, fsr1l, fsr1h, status,2, status,0, pclath, cstack
 Tracked objects:
		On entry : 
		On exit  : 
		Unchanged: 
 Data sizes:     COMMON   BANK0   BANK1   BANK2   BANK3   BANK4   BANK5   BANK6   BANK7   BANK8   BANK9  BANK10  BANK11  BANK12  BANK13  BANK14  BANK15  BANK16  BANK17  BANK18  BANK19  BANK20  BANK21  BANK22  BANK23  BANK24  BANK25
      Params:         0       0       0       0       0       0       0       0       0       0       0       0       0       0       0       0       0       0       0       0       0       0       0       0       0       0       0
      Locals:         0       0       0       0      36       0       0       0       0       0       0       0       0       0       0       0       0       0       0       0       0       0       0       0       0       0       0
[...]
      Locals:         0       0       0       0       0       0       0       0       0       0       0       0       0       0       0       0       0       0       0       0       0       0       0       0       0       0       0
      Temps:          0       0       0       0       0       0       0       0       0       0       0       0       0       0       0       0       0       0       0       0       0       0       0       0       0       0       0
      Totals:         0       0       0       0       0       0       0       0       0       0       0       0       0       0       0       0       0       0       0       0       0       0       0       0       0       0       0
Total ram usage:        0 bytes
 Hardware stack levels used:    1
 Hardware stack levels required when called:    1
 This function calls:
		_EUSART_SetErrorHandler
		_EUSART_SetFramingErrorHandler
		_EUSART_SetOverrunErrorHandler
 This function is called by:
		_SYSTEM_Initialize
 This function uses a non-reentrant model


 *************** function _EUSART_SetOverrunErrorHandler *****************
 Defined at:
		line 161 in file "mcc_generated_files/eusart.c"
 Parameters:    Size  Location     Type
  interruptHan    2    0[COMMON] PTR FTN()void 
		 -> EUSART_DefaultOverrunErrorHandler(1), 
 Auto vars:     Size  Location     Type
		None
 Return value:  Size  Location     Type
                  1    wreg      void 
 Registers used:
		wreg
 Tracked objects:
		On entry : 
		On exit  : 
		Unchanged: 
 Data sizes:     COMMON   BANK0   BANK1   BANK2   BANK3   BANK4   BANK5   BANK6   BANK7   BANK8   BANK9  BANK10  BANK11  BANK12  BANK13  BANK14  BANK15  BANK16  BANK17  BANK18  BANK19  BANK20  BANK21  BANK22  BANK23  BANK24  BANK25
      Params:         2       0       0       0       0       0       0       0       0       0       0       0       0       0       0       0       0       0       0       0       0       0       0       0       0       0       0
      Locals:         0       0       0       0       0       0       0       0       0       0       0       0       0       0       0       0       0       0       0       0       0       0       0       0       0       0       0
      Temps:          0       0       0       0       0       0       0       0       0       0       0       0       0       0       0       0       0       0       0       0       0       0       0       0       0       0       0
      Totals:         2       0       0       0       0       0       0       0       0       0       0       0       0       0       0       0       0       0       0       0       0       0       0       0       0       0       0
Total ram usage:        2 bytes
 Hardware stack levels used:    1
 This function calls:
		Nothing
 This function is called by:
		_EUSART_Initialize
 This function uses a non-reentrant model


 *************** function _EUSART_SetFramingErrorHandler *****************
 Defined at:
		line 157 in file "mcc_generated_files/eusart.c"
 Parameters:    Size  Location     Type
  interruptHan    2    0[COMMON] PTR FTN()void 
		 -> EUSART_DefaultFramingErrorHandler(1), 
 Auto vars:     Size  Location     Type
		None
 Return value:  Size  Location     Type
                  1    wreg      void 
 Registers used:
		wreg
 Tracked objects:
		On entry : 
		On exit  : 
		Unchanged: 
 Data sizes:     COMMON   BANK0   BANK1   BANK2   BANK3   BANK4   BANK5   BANK6   BANK7   BANK8   BANK9  BANK10  BANK11  BANK12  BANK13  BANK14  BANK15  BANK16  BANK17  BANK18  BANK19  BANK20  BANK21  BANK22  BANK23  BANK24  BANK25
      Params:         2       0       0       0       0       0       0       0       0       0       0       0       0       0       0       0       0       0       0       0       0       0       0       0       0       0       0
      Locals:         0       0       0       0       0       0       0       0       0       0       0       0       0       0       0       0       0       0       0       0       0       0       0       0       0       0       0
      Temps:          0       0       0       0       0       0       0       0       0       0       0       0       0       0       0       0       0       0       0       0       0       0       0       0       0       0       0
      Totals:         2       0       0       0       0       0       0       0       0       0       0       0       0       0       0       0       0       0       0       0       0       0       0       0       0       0       0
Total ram usage:        2 bytes
 Hardware stack levels used:    1
 This function calls:
		Nothing
 This function is called by:
		_EUSART_Initialize
 This function uses a non-reentrant model


 *************** function _EUSART_SetErrorHandler *****************
 Defined at:
		line 165 in file "mcc_generated_files/eusart.c"
 Parameters:    Size  Location     Type
  interruptHan    2    0[COMMON] PTR FTN()void 
		 -> EUSART_DefaultErrorHandler(1), 
 Auto vars:     Size  Location     Type
		None
 Return value:  Size  Location     Type
                  1    wreg      void 
 Registers used:
		wreg
 Tracked objects:
		On entry : 
		On exit  : 
		Unchanged: 
 Data sizes:     COMMON   BANK0   BANK1   BANK2   BANK3   BANK4   BANK5   BANK6   BANK7   BANK8   BANK9  BANK10  BANK11  BANK12  BANK13  BANK14  BANK15  BANK16  BANK17  BANK18  BANK19  BANK20  BANK21  BANK22  BANK23  BANK24  BANK25
      Params:         2       0       0       0       0       0       0       0       0       0       0       0       0       0       0       0       0       0       0       0       0       0       0       0       0       0       0
      Locals:         0       0       0       0       0       0       0       0       0       0       0       0       0       0       0       0       0       0       0       0       0       0       0       0       0       0       0
      Temps:          0       0       0       0       0       0       0       0       0       0       0       0       0       0       0       0       0       0       0       0       0       0       0       0       0       0       0
      Totals:         2       0       0       0       0       0       0       0       0       0       0       0       0       0       0       0       0       0       0       0       0       0       0       0       0       0       0
Total ram usage:        2 bytes
 Hardware stack levels used:    1
 This function calls:
		Nothing
 This function is called by:
		_EUSART_Initialize
 This function uses a non-reentrant model


 *************** function _ADC_Initialize *****************
 Defined at:
		line 67 in file "mcc_generated_files/adc.c"
 Parameters:    Size  Location     Type
		None
 Auto vars:     Size  Location     Type
		None
 Return value:  Size  Location     Type
                  1    wreg      void 
 Registers used:
		wreg, status,2
 Tracked objects:
		On entry : 
		On exit  : 
		Unchanged: 
 Data sizes:     COMMON   BANK0   BANK1   BANK2   BANK3   BANK4   BANK5   BANK6   BANK7   BANK8   BANK9  BANK10  BANK11  BANK12  BANK13  BANK14  BANK15  BANK16  BANK17  BANK18  BANK19  BANK20  BANK21  BANK22  BANK23  BANK24  BANK25
      Params:         0       0       0       0       0       0       0       0       0       0       0       0       0       0       0       0       0       0       0       0       0       0       0       0       0       0       0
      Locals:         0       0       0       0       0       0       0       0       0       0       0       0       0       0       0       0       0       0       0       0       0       0       0       0       0       0       0
      Temps:          0       0       0       0       0       0       0       0       0       0       0       0       0       0       0       0       0       0       0       0       0       0       0       0       0       0       0
      Totals:         0       0       0       0       0       0       0       0       0       0       0       0       0       0       0       0       0       0       0       0       0       0       0       0       0       0       0
Total ram usage:        0 bytes
 Hardware stack levels used:    1
 This function calls:
		Nothing
 This function is called by:
		_SYSTEM_Initialize
 This function uses a non-reentrant model


 *************** function _ADC_SelectChannel *****************
 Defined at:
		line 88 in file "mcc_generated_files/adc.c"
 Parameters:    Size  Location     Type
  channel         1    wreg     enum E6327
 Auto vars:     Size  Location     Type
  channel         1    1[COMMON] enum E6327
 Return value:  Size  Location     Type
                  1    wreg      void 
 Registers used:
		wreg, status,2, status,0
 Tracked objects:
		On entry : 
		On exit  : 
		Unchanged: 
 Data sizes:     COMMON   BANK0   BANK1   BANK2   BANK3   BANK4   BANK5   BANK6   BANK7   BANK8   BANK9  BANK10  BANK11  BANK12  BANK13  BANK14  BANK15  BANK16  BANK17  BANK18  BANK19  BANK20  BANK21  BANK22  BANK23  BANK24  BANK25
      Params:         0       0       0       0       0       0       0       0       0       0       0       0       0       0       0       0       0       0       0       0       0       0       0       0       0       0       0
      Locals:         1       0       0       0       0       0       0       0       0       0       0       0       0       0       0       0       0       0       0       0       0       0       0       0       0       0       0
      Temps:          1       0       0       0       0       0       0       0       0       0       0       0       0       0       0       0       0       0       0       0       0       0       0       0       0       0       0
      Totals:         2       0       0       0       0       0       0       0       0       0       0       0       0       0       0       0       0       0       0       0       0       0       0       0       0       0       0
Total ram usage:        2 bytes
 Hardware stack levels used:    1
 This function calls:
		Nothing
 This function is called by:
		_main
 This function uses a non-reentrant model


 *************** function _ADC_GetConversion *****************
 Defined at:
		line 115 in file "mcc_generated_files/adc.c"
 Parameters:    Size  Location     Type
  channel         1    wreg     enum E6327
 Auto vars:     Size  Location     Type
  channel         1    3[COMMON] enum E6327
 Return value:  Size  Location     Type
                  2    0[COMMON] unsigned short 
 Registers used:
		wreg, status,2, status,0
 Tracked objects:
		On entry : 
		On exit  : 
		Unchanged: 
 Data sizes:     COMMON   BANK0   BANK1   BANK2   BANK3   BANK4   BANK5   BANK6   BANK7   BANK8   BANK9  BANK10  BANK11  BANK12  BANK13  BANK14  BANK15  BANK16  BANK17  BANK18  BANK19  BANK20  BANK21  BANK22  BANK23  BANK24  BANK25
      Params:         2       0       0       0       0       0       0       0       0       0       0       0       0       0       0       0       0       0       0       0       0       0       0       0       0       0       0
      Locals:         1       0       0       0       0       0       0       0       0       0       0       0       0       0       0       0       0       0       0       0       0       0       0       0       0       0       0
      Temps:          1       0       0       0       0       0       0       0       0       0       0       0       0       0       0       0       0       0       0       0       0       0       0       0       0       0       0
      Totals:         4       0       0       0       0       0       0       0       0       0       0       0       0       0       0       0       0       0       0       0       0       0       0       0       0       0       0
Total ram usage:        4 bytes
 Hardware stack levels used:    1
 This function calls:
		Nothing
 This function is called by:
		_main
 This function uses a non-reentrant model



MODULE INFORMATION

Module		Function		Class		Link	Load	Size
C:\Program Files\Microchip\xc8\v2.31\pic\sources\c99\common\isdigit.c
		_isdigit       		CODE           	27E8	0000	24

C:\Program Files\Microchip\xc8\v2.31\pic\sources\c99\common\isdigit.c estimated size: 24

C:\Program Files\Microchip\xc8\v2.31\pic\sources\c99\common\sprcadd.c
		___flsub       		CODE           	186F	0000	32
		___fladd       		CODE           	085D	0000	568

C:\Program Files\Microchip\xc8\v2.31\pic\sources\c99\common\sprcadd.c estimated size: 600

C:\Program Files\Microchip\xc8\v2.31\pic\sources\c99\common\flneg.c
		___flneg       		CODE           	1220	0000	11

C:\Program Files\Microchip\xc8\v2.31\pic\sources\c99\common\flneg.c estimated size: 11

mcc_generated_files/fvr.c
		_FVR_Initialize		CODE           	1800	0000	4

mcc_generated_files/fvr.c estimated size: 4

C:\Program Files\Microchip\xc8\v2.31\pic\sources\c99\common\putch.c
		_putch         		CODE           	0004	0000	1

C:\Program Files\Microchip\xc8\v2.31\pic\sources\c99\common\putch.c estimated size: 1

C:\Program Files\Microchip\xc8\v2.31\pic\sources\c99\common\nf_fputs.c
		_fputs         		CODE           	195F	0000	41

C:\Program Files\Microchip\xc8\v2.31\pic\sources\c99\common\nf_fputs.c estimated size: 41

C:\Program Files\Microchip\xc8\v2.31\pic\sources\c99\common\xxtofl.c
		___xxtofl      		CODE           	1CC1	0000	172

C:\Program Files\Microchip\xc8\v2.31\pic\sources\c99\common\xxtofl.c estimated size: 172

C:\Program Files\Microchip\xc8\v2.31\pic\sources\c99\common\aomod.c
		___aomod       		CODE           	1E1C	0000	234

C:\Program Files\Microchip\xc8\v2.31\pic\sources\c99\common\aomod.c estimated size: 234

C:\Program Files\Microchip\xc8\v2.31\pic\sources\c99\common\atoi.c
		_atoi          		CODE           	1D6D	0000	175

C:\Program Files\Microchip\xc8\v2.31\pic\sources\c99\common\atoi.c estimated size: 175

C:\Program Files\Microchip\xc8\v2.31\pic\sources\c99\common\fleq.c
		___fleq        		CODE           	19E8	0000	78

C:\Program Files\Microchip\xc8\v2.31\pic\sources\c99\common\fleq.c estimated size: 78

C:\Program Files\Microchip\xc8\v2.31\pic\sources\c99\common\abs.c
		_abs           		CODE           	181C	0000	26

C:\Program Files\Microchip\xc8\v2.31\pic\sources\c99\common\abs.c estimated size: 26

C:\Program Files\Microchip\xc8\v2.31\pic\sources\c99\common\strlen.c
		_strlen        		CODE           	1836	0000	26

C:\Program Files\Microchip\xc8\v2.31\pic\sources\c99\common\strlen.c estimated size: 26

C:\Program Files\Microchip\xc8\v2.31\pic\sources\c99\common\floorf.c
		_floorf        		CODE           	1F06	0000	250

C:\Program Files\Microchip\xc8\v2.31\pic\sources\c99\common\floorf.c estimated size: 250

mcc_generated_files/pin_manager.c
		_PIN_MANAGER_Initialize		CODE           	1916	0000	36

mcc_generated_files/pin_manager.c estimated size: 36

C:\Program Files\Microchip\xc8\v2.31\pic\sources\c99\common\strcpy.c
		_strcpy        		CODE           	18B0	0000	33

C:\Program Files\Microchip\xc8\v2.31\pic\sources\c99\common\strcpy.c estimated size: 33

C:\Program Files\Microchip\xc8\v2.31\pic\sources\c99\common\awmod.c
		___awmod       		CODE           	1A86	0000	83

C:\Program Files\Microchip\xc8\v2.31\pic\sources\c99\common\awmod.c estimated size: 83

mcc_generated_files/adc.c
		_ADC_Initialize		CODE           	2786	0000	9
		_ADC_GetConversion		CODE           	27B8	0000	24
		_ADC_SelectChannel		CODE           	000B	0000	13

mcc_generated_files/adc.c estimated size: 46

C:\Program Files\Microchip\xc8\v2.31\pic\sources\c99\common\Umul8_16.c
		__Umul8_16     		CODE           	18F3	0000	35

C:\Program Files\Microchip\xc8\v2.31\pic\sources\c99\common\Umul8_16.c estimated size: 35

C:\Program Files\Microchip\xc8\v2.31\pic\sources\c99\common\isupper.c
		_isupper       		CODE           	1804	0000	24

C:\Program Files\Microchip\xc8\v2.31\pic\sources\c99\common\isupper.c estimated size: 24

C:\Program Files\Microchip\xc8\v2.31\pic\sources\c99\common\aodiv.c
		___aodiv       		CODE           	128A	0000	257

C:\Program Files\Microchip\xc8\v2.31\pic\sources\c99\common\aodiv.c estimated size: 257

C:\Program Files\Microchip\xc8\v2.31\pic\sources\c99\common\nf_fputc.c
		_fputc         		CODE           	1A36	0000	80

C:\Program Files\Microchip\xc8\v2.31\pic\sources\c99\common\nf_fputc.c estimated size: 80

shared
		__initialization		CODE           	07DD	0000	32
		_co2_table     		STRCODE        	1000	0000	542

shared estimated size: 574

mcc_generated_files/mcc.c
		_WDT_Initialize		CODE           	0800	0000	4
		_PMD_Initialize		CODE           	277E	0000	8
		_OSCILLATOR_Initialize		CODE           	278F	0000	9
		_SYSTEM_Initialize		CODE           	27A2	0000	22

mcc_generated_files/mcc.c estimated size: 43

C:\Program Files\Microchip\xc8\v2.31\pic\sources\c99\common\tolower.c
		_tolower       		CODE           	193A	0000	37

C:\Program Files\Microchip\xc8\v2.31\pic\sources\c99\common\tolower.c estimated size: 37

C:\Program Files\Microchip\xc8\v2.31\pic\sources\c99\common\sprcmul.c
		___flmul       		CODE           	0A95	0000	599

C:\Program Files\Microchip\xc8\v2.31\pic\sources\c99\common\sprcmul.c estimated size: 599

C:\Program Files\Microchip\xc8\v2.31\pic\sources\c99\common\awdiv.c
		___awdiv       		CODE           	122B	0000	95

C:\Program Files\Microchip\xc8\v2.31\pic\sources\c99\common\awdiv.c estimated size: 95

C:\Program Files\Microchip\xc8\v2.31\pic\sources\c99\common\doprnt.c
		_vfpfcnvrt     		CODE           	0CEC	0000	788
		_efgtoa        		CODE           	0018	0000	1989
		_pad           		CODE           	0804	0000	89
		_dtoa          		CODE           	14DC	0000	368
		_vfprintf      		CODE           	19B4	0000	52

C:\Program Files\Microchip\xc8\v2.31\pic\sources\c99\common\doprnt.c estimated size: 3286

C:\Program Files\Microchip\xc8\v2.31\pic\sources\c99\common\sprcdiv.c
		___fldiv       		CODE           	164C	0000	436

C:\Program Files\Microchip\xc8\v2.31\pic\sources\c99\common\sprcdiv.c estimated size: 436

C:\Program Files\Microchip\xc8\v2.31\pic\sources\c99\common\fltol.c
		___fltol       		CODE           	1BB0	0000	134

C:\Program Files\Microchip\xc8\v2.31\pic\sources\c99\common\fltol.c estimated size: 134

C:\Program Files\Microchip\xc8\v2.31\pic\sources\c99\common\nf_sprintf.c
		_sprintf       		CODE           	1988	0000	44

C:\Program Files\Microchip\xc8\v2.31\pic\sources\c99\common\nf_sprintf.c estimated size: 44

C:\Program Files\Microchip\xc8\v2.31\pic\sources\c99\common\__fpclassifyf.c
		___fpclassifyf 		CODE           	1B31	0000	127

C:\Program Files\Microchip\xc8\v2.31\pic\sources\c99\common\__fpclassifyf.c estimated size: 127

C:\Program Files\Microchip\xc8\v2.31\pic\sources\c99\common\flge.c
		___flge        		CODE           	1C36	0000	139

C:\Program Files\Microchip\xc8\v2.31\pic\sources\c99\common\flge.c estimated size: 139

C:\Program Files\Microchip\xc8\v2.31\pic\sources\c99\common\isspace.c
		_isspace       		CODE           	188F	0000	33

C:\Program Files\Microchip\xc8\v2.31\pic\sources\c99\common\isspace.c estimated size: 33

C:\Program Files\Microchip\xc8\v2.31\pic\sources\c99\common\Umul16.c
		___wmul        		CODE           	1850	0000	31

C:\Program Files\Microchip\xc8\v2.31\pic\sources\c99\common\Umul16.c estimated size: 31

mcc_generated_files/eusart.c
		_EUSART_Write  		CODE           	2798	0000	10
		_EUSART_Initialize		CODE           	18D1	0000	34
		_EUSART_SetFramingErrorHandler		CODE           	2772	0000	6
		_EUSART_SetErrorHandler		CODE           	276C	0000	6
		_EUSART_SetOverrunErrorHandler		CODE           	2778	0000	6

mcc_generated_files/eusart.c estimated size: 62

main.c
		_main          		CODE           	138B	0000	337
		_putstr        		CODE           	27D0	0000	24

main.c estimated size: 361

C:\Program Files\Microchip\xc8\v2.31\pic\sources\c99\common\strncmp.c
		_strncmp       		CODE           	1AD9	0000	88

C:\Program Files\Microchip\xc8\v2.31\pic\sources\c99\common\strncmp.c estimated size: 88

