Microchip MPLAB XC8 Compiler V2.31

Linker command line:

-W-3 --edf=C:\Program Files\Microchip\xc8\v2.31\pic\dat\en_msgs.txt -cn \
  -h+dist/default/debug\CO2MON.X.debug.sym \
  --cmf=dist/default/debug\CO2MON.X.debug.cmf -z -Q16F18326 \
  -oC:\Users\ysuga\AppData\Local\Temp\s7oo.2 --defsym=__MPLAB_BUILD=1 \
  -Mdist/default/debug/CO2MON.X.debug.map -E1 -ver=XC8 Compiler \
  --acfsm=1493 -ASTACK=02190h-0271Bh -pstack=STACK -ACODE=00h-07FFhx8 \
  -ASTRCODE=00h-03FFFh -ASTRING=00h-0FFhx64 -ACONST=00h-0FFhx64 \
  -AENTRY=00h-0FFhx64 -ACOMMON=070h-07Fh -ABANK0=020h-06Fh \
  -ABANK1=0A0h-0EFh -ABANK2=0120h-016Fh -ABANK3=01A0h-01EFh \
  -ABANK4=0220h-026Fh -ABANK5=02A0h-02EFh -ABANK6=0320h-036Fh \
  -ABANK7=03A0h-03EFh -ABANK8=0420h-046Fh -ABANK9=04A0h-04EFh \
  -ABANK10=0520h-056Fh -ABANK11=05A0h-05EFh -ABANK12=0620h-066Fh \
  -ABANK13=06A0h-06EFh -ABANK14=0720h-076Fh -ABANK15=07A0h-07EFh \
  -ABANK16=0820h-086Fh -ABANK17=08A0h-08EFh -ABANK18=0920h-096Fh \
  -ABANK19=09A0h-09EFh -ABANK20=0A20h-0A6Fh -ABANK21=0AA0h-0AEFh \
  -ABANK22=0B20h-0B6Fh -ABANK23=0BA0h-0BEFh -ABANK24=0C20h-0C6Fh \
  -ABANK25=0CA0h-0CBFh -ABIGRAM=02000h-027EFh \
  -ARAM=020h-06Fh,0A0h-0EFh,0120h-016Fh,01A0h-01EFh,0220h-026Fh,02A0h-02EFh,0320h-036Fh,03A0h-03EFh,0420h-046Fh,04A0h-04EFh,0520h-056Fh,05A0h-05EFh,0620h-066Fh,06A0h-06EFh,0720h-076Fh,07A0h-07EFh,0820h-086Fh,08A0h-08EFh,0920h-096Fh,09A0h-09EFh,0A20h-0A6Fh,0AA0h-0AEFh,0B20h-0B6Fh,0BA0h-0BEFh,0C20h-0C6Fh,0CA0h-0CBFh \
  -AABS1=020h-07Fh,0A0h-0EFh,0120h-016Fh,01A0h-01EFh,0220h-026Fh,02A0h-02EFh,0320h-036Fh,03A0h-03EFh,0420h-046Fh,04A0h-04EFh,0520h-056Fh,05A0h-05EFh,0620h-066Fh,06A0h-06EFh,0720h-076Fh,07A0h-07EFh,0820h-086Fh,08A0h-08EFh,0920h-096Fh,09A0h-09EFh,0A20h-0A6Fh,0AA0h-0AEFh,0B20h-0B6Fh,0BA0h-0BEFh,0C20h-0C6Fh,0CA0h-0CBFh \
  -ASFR0=00h-01Fh -ASFR1=080h-09Fh -ASFR2=0100h-011Fh -ASFR3=0180h-019Fh \
  -ASFR4=0200h-021Fh -ASFR5=0280h-029Fh -ASFR6=0300h-031Fh \
  -ASFR7=0380h-039Fh -ASFR8=0400h-041Fh -ASFR9=0480h-049Fh \
  -ASFR10=0500h-051Fh -ASFR11=0580h-059Fh -ASFR12=0600h-061Fh \
  -ASFR13=0680h-069Fh -ASFR14=0700h-071Fh -ASFR15=0780h-079Fh \
  -ASFR16=0800h-081Fh -ASFR17=0880h-089Fh -ASFR18=0900h-091Fh \
  -ASFR19=0980h-099Fh -ASFR20=0A00h-0A1Fh -ASFR21=0A80h-0A9Fh \
  -ASFR22=0B00h-0B1Fh -ASFR23=0B80h-0B9Fh -ASFR24=0C00h-0C1Fh \
  -ASFR25=0C80h-0C9Fh -ASFR26=0D00h-0D6Fh -ASFR27=0D80h-0DEFh \
  -ASFR28=0E00h-0E6Fh -ASFR29=0E80h-0EEFh -ASFR30=0F00h-0F6Fh \
  -ASFR31=0F80h-0FEFh -ACONFIG=08007h-0800Ah -DCONFIG=2 \
  -AIDLOC=08000h-08003h -DIDLOC=2 -AEEDATA=00h-0FFh/0F000h \
  -peeprom_data=EEDATA -DEEDATA=2 -DCODE=2 -DSTRCODE=2 -DSTRING=2 -DCONST=2 \
  -DENTRY=2 -preset_vec=00h,intentry,init,end_init -ppowerup=CODE \
  -pcinit=CODE -pfunctab=ENTRY -k C:\Users\ysuga\AppData\Local\Temp\s7oo.o \
  dist/default/debug\CO2MON.X.debug.o 

Object code version is 3.11

Machine type is 16F18326



                Name                               Link     Load   Length Selector   Space Scale
C:\Users\ysuga\AppData\Local\Temp\s7oo.o
                end_init                              2        2        2        0       0
                reset_vec                             0        0        2        0       0
                config                             8007     8007        4        0       4
dist/default/debug\CO2MON.X.debug.o
                cinit                               7D7      7D7       29      FAE       0
                config                             8007     8007        4        0       4
                text49                             1A05     1A05       18     340A       0
                text48                             19E2     19E2        D     33C4       0
                text47                             19CC     19CC        A     3398       0
                text46                             19C3     19C3        9     3386       0
                text45                             19A9     19A9        6     3352       0
                text44                             19AF     19AF        6     335E       0
                text43                             19B5     19B5        6     336A       0
                text42                             1B02     1B02       22     3604       0
                text41                             19A1     19A1        4     3342       0
                text40                             1000     1000        9     1902       0
                text39                             1B47     1B47       24     368E       0
                text38                             19BB     19BB        8     3376       0
                text37                             19A5     19A5        4     334A       0
                text36                             19EF     19EF       16     33DE       0
                text35                             1EA5     1EA5       AC     3D4A       0
                text34                             1A81     1A81       1F     3502       0
                text33                             1A1D     1A1D       18     343A       0
                text32                             1AC0     1AC0       21     3580       0
                text31                             1F51     1F51       AF     3EA2       0
                text30                             120A     120A      101     2414       0
                text29                             1035     1035       EA     206A       0
                text28                             1A4D     1A4D       1A     349A       0
                text27                              800      800        1      FAE       0
                text26                             1C91     1C91       56     3922       0
                text25                             1B90     1B90       29     3720       0
                text24                             1A67     1A67       1A     34CE       0
                text23                             1CE7     1CE7       59     39CE       0
                text22                             1451     1451      170     28A2       0
                text21                                F        F       5F       1E       0
                text20                             1C3E     1C3E       53     387C       0
                text19                              876      876      1B4     10EC       0
                text18                             1BF0     1BF0       4E     37E0       0
                text17                             1E1A     1E1A       8B     3C34       0
                text16                             1B24     1B24       23     3648       0
                text15                              A2A      A2A      257     1454       0
                text14                                4        4        B        0       0
                text13                             15C1     15C1      23F     2B82       0
                text12                             1AA0     1AA0       20     3540       0
                text11                              801      801       75     1002       0
                text10                             1D9B     1D9B       7F     3B36       0
                text9                              111F     111F       EB     223E       0
                text8                              1AE1     1AE1       21     35C2       0
                text7                              1A35     1A35       18     346A       0
                text6                              1B6B     1B6B       25     36D6       0
                text5                                6E       6E      769       DC       0
                text4                              1D40     1D40       5B     3A80       0
                text3                               C81      C81      37F     1902       0
                text2                              1BB9     1BB9       37     3772       0
                text1                              1009     1009       2C     2012       0
                maintext                           130B     130B      146     2616       0
                cstackBANK0                          20       20       50       20       1
                cstackCOMMON                         70       70        E       70       1
                cstackBANK1                          A0       A0       50       A0       1
                cstackBANK2                         120      120       4C      120       1
                clrtext                            19D6     19D6        C     33AC       0
                bssBANK4                            220      220       50      220       1
                bssBANK3                            1A0      1A0        F      1A0       1
                bssBANK2                            16C      16C        4      120       1
                stringtext7                        201C     201C        3     4000       0
                stringtext6                        2018     2018        4     4000       0
                stringtext5                        2014     2014        4     4000       0
                stringtext4                        2010     2010        4     4000       0
                stringtext3                        200C     200C        4     4000       0
                stringtext2                        2000     2000        C     4000       0
                nvBANK3                             1AF      1AF        6      1A0       1
                stringtext1                        1800     1800       CE     3000       0

TOTAL           Name                               Link     Load   Length     Space
        CLASS   STACK          

        CLASS   CODE           
                end_init                              2        2        2         0
                cinit                               7D7      7D7       29         0
                reset_vec                             0        0        2         0
                text49                             1A05     1A05       18         0
                text48                             19E2     19E2        D         0
                text47                             19CC     19CC        A         0
                text46                             19C3     19C3        9         0
                text45                             19A9     19A9        6         0
                text44                             19AF     19AF        6         0
                text43                             19B5     19B5        6         0
                text42                             1B02     1B02       22         0
                text41                             19A1     19A1        4         0
                text40                             1000     1000        9         0
                text39                             1B47     1B47       24         0
                text38                             19BB     19BB        8         0
                text37                             19A5     19A5        4         0
                text36                             19EF     19EF       16         0
                text35                             1EA5     1EA5       AC         0
                text34                             1A81     1A81       1F         0
                text33                             1A1D     1A1D       18         0
                text32                             1AC0     1AC0       21         0
                text31                             1F51     1F51       AF         0
                text30                             120A     120A      101         0
                text29                             1035     1035       EA         0
                text28                             1A4D     1A4D       1A         0
                text27                              800      800        1         0
                text26                             1C91     1C91       56         0
                text25                             1B90     1B90       29         0
                text24                             1A67     1A67       1A         0
                text23                             1CE7     1CE7       59         0
                text22                             1451     1451      170         0
                text21                                F        F       5F         0
                text20                             1C3E     1C3E       53         0
                text19                              876      876      1B4         0
                text18                             1BF0     1BF0       4E         0
                text17                             1E1A     1E1A       8B         0
                text16                             1B24     1B24       23         0
                text15                              A2A      A2A      257         0
                text14                                4        4        B         0
                text13                             15C1     15C1      23F         0
                text12                             1AA0     1AA0       20         0
                text11                              801      801       75         0
                text10                             1D9B     1D9B       7F         0
                text9                              111F     111F       EB         0
                text8                              1AE1     1AE1       21         0
                text7                              1A35     1A35       18         0
                text6                              1B6B     1B6B       25         0
                text5                                6E       6E      769         0
                text4                              1D40     1D40       5B         0
                text3                               C81      C81      37F         0
                text2                              1BB9     1BB9       37         0
                text1                              1009     1009       2C         0
                maintext                           130B     130B      146         0
                clrtext                            19D6     19D6        C         0

        CLASS   STRCODE        
                stringtext7                        201C     201C        3         0
                stringtext6                        2018     2018        4         0
                stringtext5                        2014     2014        4         0
                stringtext4                        2010     2010        4         0
                stringtext3                        200C     200C        4         0
                stringtext2                        2000     2000        C         0
                stringtext1                        1800     1800       CE         0

        CLASS   STRING         

        CLASS   CONST          

        CLASS   ENTRY          

        CLASS   COMMON         
                cstackCOMMON                         70       70        E         1

        CLASS   BANK0          
                cstackBANK0                          20       20       50         1

        CLASS   BANK1          
                cstackBANK1                          A0       A0       50         1

        CLASS   BANK2          
                cstackBANK2                         120      120       4C         1
                bssBANK2                            16C      16C        4         1

        CLASS   BANK3          
                bssBANK3                            1A0      1A0        F         1
                nvBANK3                             1AF      1AF        6         1

        CLASS   BANK4          
                bssBANK4                            220      220       50         1

        CLASS   BANK5          

        CLASS   BANK6          

        CLASS   BANK7          

        CLASS   BANK8          

        CLASS   BANK9          

        CLASS   BANK10         

        CLASS   BANK11         

        CLASS   BANK12         

        CLASS   BANK13         

        CLASS   BANK14         

        CLASS   BANK15         

        CLASS   BANK16         

        CLASS   BANK17         

        CLASS   BANK18         

        CLASS   BANK19         

        CLASS   BANK20         

        CLASS   BANK21         

        CLASS   BANK22         

        CLASS   BANK23         

        CLASS   BANK24         

        CLASS   BANK25         

        CLASS   BIGRAM         

        CLASS   RAM            

        CLASS   ABS1           
                abs_s1                               7E       7E        2         1
                abs_s1                              B5C      B5C       14         1
                abs_s1                              BA0      BA0       50         1
                abs_s1                              C20      C20       50         1
                abs_s1                              CA0      CA0       20         1
                abs_s1                             271C     271C        0         1

        CLASS   SFR0           

        CLASS   SFR1           

        CLASS   SFR2           

        CLASS   SFR3           

        CLASS   SFR4           

        CLASS   SFR5           

        CLASS   SFR6           

        CLASS   SFR7           

        CLASS   SFR8           

        CLASS   SFR9           

        CLASS   SFR10          

        CLASS   SFR11          

        CLASS   SFR12          

        CLASS   SFR13          

        CLASS   SFR14          

        CLASS   SFR15          

        CLASS   SFR16          

        CLASS   SFR17          

        CLASS   SFR18          

        CLASS   SFR19          

        CLASS   SFR20          

        CLASS   SFR21          

        CLASS   SFR22          

        CLASS   SFR23          

        CLASS   SFR24          

        CLASS   SFR25          

        CLASS   SFR26          

        CLASS   SFR27          

        CLASS   SFR28          

        CLASS   SFR29          

        CLASS   SFR30          

        CLASS   SFR31          

        CLASS   CONFIG         
                config                             8007     8007        4         4

        CLASS   IDLOC          

        CLASS   EEDATA         

        CLASS   BANK31         

        CLASS   BANK30         

        CLASS   BANK29         

        CLASS   BANK28         

        CLASS   BANK27         

        CLASS   BANK26         



SEGMENTS        Name                           Load    Length   Top    Selector   Space  Class     Delta

                reset_vec                      000000  00000F  00000F         0       0  CODE        2
                text21                         00000F  00005F  00006E        1E       0  CODE        2
                cstackBANK0                    000020  000050  000070        20       1  BANK0       1
                cstackCOMMON                   000070  00000E  00007E        70       1  COMMON      1
                cstackBANK1                    0000A0  000050  0000F0        A0       1  BANK1       1
                text5                          00006E  000769  0007D7        DC       0  CODE        2
                cstackBANK2                    000120  000050  000170       120       1  BANK2       1
                bssBANK3                       0001A0  000015  0001B5       1A0       1  BANK3       1
                bssBANK4                       000220  000050  000270       220       1  BANK4       1
                cinit                          0007D7  00002A  000801       FAE       0  CODE        2
                text11                         000801  000075  000876      1002       0  CODE        2
                text19                         000876  0001B4  000A2A      10EC       0  CODE        2
                text15                         000A2A  000257  000C81      1454       0  CODE        2
                text3                          000C81  000388  001009      1902       0  CODE        2
                text1                          001009  00002C  001035      2012       0  CODE        2
                text29                         001035  0000EA  00111F      206A       0  CODE        2
                text9                          00111F  0000EB  00120A      223E       0  CODE        2
                text30                         00120A  000101  00130B      2414       0  CODE        2
                maintext                       00130B  000146  001451      2616       0  CODE        2
                text22                         001451  000170  0015C1      28A2       0  CODE        2
                text13                         0015C1  00023F  001800      2B82       0  CODE        2
                stringtext1                    001800  0000CE  0018CE      3000       0  STRCODE     2
                text41                         0019A1  000004  0019A5      3342       0  CODE        2
                text37                         0019A5  000004  0019A9      334A       0  CODE        2
                text45                         0019A9  000006  0019AF      3352       0  CODE        2
                text44                         0019AF  000006  0019B5      335E       0  CODE        2
                text43                         0019B5  000006  0019BB      336A       0  CODE        2
                text38                         0019BB  000008  0019C3      3376       0  CODE        2
                text46                         0019C3  000009  0019CC      3386       0  CODE        2
                text47                         0019CC  00000A  0019D6      3398       0  CODE        2
                clrtext                        0019D6  00000C  0019E2      33AC       0  CODE        2
                text48                         0019E2  00000D  0019EF      33C4       0  CODE        2
                text36                         0019EF  000016  001A05      33DE       0  CODE        2
                text49                         001A05  000018  001A1D      340A       0  CODE        2
                text33                         001A1D  000018  001A35      343A       0  CODE        2
                text7                          001A35  000018  001A4D      346A       0  CODE        2
                text28                         001A4D  00001A  001A67      349A       0  CODE        2
                text24                         001A67  00001A  001A81      34CE       0  CODE        2
                text34                         001A81  00001F  001AA0      3502       0  CODE        2
                text12                         001AA0  000020  001AC0      3540       0  CODE        2
                text32                         001AC0  000021  001AE1      3580       0  CODE        2
                text8                          001AE1  000021  001B02      35C2       0  CODE        2
                text42                         001B02  000022  001B24      3604       0  CODE        2
                text16                         001B24  000023  001B47      3648       0  CODE        2
                text39                         001B47  000024  001B6B      368E       0  CODE        2
                text6                          001B6B  000025  001B90      36D6       0  CODE        2
                text25                         001B90  000029  001BB9      3720       0  CODE        2
                text2                          001BB9  000037  001BF0      3772       0  CODE        2
                text18                         001BF0  00004E  001C3E      37E0       0  CODE        2
                text20                         001C3E  000053  001C91      387C       0  CODE        2
                text26                         001C91  000056  001CE7      3922       0  CODE        2
                text23                         001CE7  000059  001D40      39CE       0  CODE        2
                text4                          001D40  00005B  001D9B      3A80       0  CODE        2
                text10                         001D9B  00007F  001E1A      3B36       0  CODE        2
                text17                         001E1A  00008B  001EA5      3C34       0  CODE        2
                text35                         001EA5  0000AC  001F51      3D4A       0  CODE        2
                text31                         001F51  0000AF  002000      3EA2       0  CODE        2
                stringtext2                    002000  00001F  00201F      4000       0  STRCODE     2


UNUSED ADDRESS RANGES

        Name                Unused          Largest block    Delta
        BANK10           00520-0056F              50           1
        BANK11           005A0-005EF              50           1
        BANK12           00620-0066F              50           1
        BANK13           006A0-006EF              50           1
        BANK14           00720-0076F              50           1
        BANK15           007A0-007EF              50           1
        BANK16           00820-0086F              50           1
        BANK17           008A0-008EF              50           1
        BANK18           00920-0096F              50           1
        BANK19           009A0-009EF              50           1
        BANK20           00A20-00A6F              50           1
        BANK21           00AA0-00AEF              50           1
        BANK22           00B20-00B5B              3C           1
        BANK3            001B5-001EF              3B           1
        BANK5            002A0-002EF              50           1
        BANK6            00320-0036F              50           1
        BANK7            003A0-003EF              50           1
        BANK8            00420-0046F              50           1
        BANK9            004A0-004EF              50           1
        BIGRAM           02000-027EF             7F0           1
        CODE             018CE-019A0              D3           2
                         0201F-03FFF             800
        CONST            018CE-019A0              32           2
                         0201F-03FFF             100
        EEDATA           0F000-0F0FF             100           2
        ENTRY            018CE-019A0              32           2
                         0201F-03FFF             100
        IDLOC            08000-08003               4           2
        RAM              001B5-001EF              3B           1
                         002A0-002EF              50
                         00320-0036F              50
                         003A0-003EF              50
                         00420-0046F              50
                         004A0-004EF              50
                         00520-0056F              50
                         005A0-005EF              50
                         00620-0066F              50
                         006A0-006EF              50
                         00720-0076F              50
                         007A0-007EF              50
                         00820-0086F              50
                         008A0-008EF              50
                         00920-0096F              50
                         009A0-009EF              50
                         00A20-00A6F              50
                         00AA0-00AEF              50
                         00B20-00B5B              3C
        SFR0             00000-0001F              20           1
        SFR1             00080-0009F              20           1
        SFR10            00500-0051F              20           1
        SFR11            00580-0059F              20           1
        SFR12            00600-0061F              20           1
        SFR13            00680-0069F              20           1
        SFR14            00700-0071F              20           1
        SFR15            00780-0079F              20           1
        SFR16            00800-0081F              20           1
        SFR17            00880-0089F              20           1
        SFR18            00900-0091F              20           1
        SFR19            00980-0099F              20           1
        SFR2             00100-0011F              20           1
        SFR20            00A00-00A1F              20           1
        SFR21            00A80-00A9F              20           1
        SFR22            00B00-00B1F              20           1
        SFR23            00B80-00B9F              20           1
        SFR24            00C00-00C1F              20           1
        SFR25            00C80-00C9F              20           1
        SFR26            00D00-00D6F              70           1
        SFR27            00D80-00DEF              70           1
        SFR28            00E00-00E6F              70           1
        SFR29            00E80-00EEF              70           1
        SFR3             00180-0019F              20           1
        SFR30            00F00-00F6F              70           1
        SFR31            00F80-00FEF              70           1
        SFR4             00200-0021F              20           1
        SFR5             00280-0029F              20           1
        SFR6             00300-0031F              20           1
        SFR7             00380-0039F              20           1
        SFR8             00400-0041F              20           1
        SFR9             00480-0049F              20           1
        STACK            02190-0271B             58C           1
        STRCODE          018CE-019A0              D3           2
                         0201F-03FFF            1FE1
        STRING           018CE-019A0              32           2
                         0201F-03FFF             100

                                  Symbol Table

?_ADC_GetConversion                            cstackCOMMON 00070
?__Umul8_16                                    cstackCOMMON 00070
?___aodiv                                      cstackBANK0  00020
?___aomod                                      cstackBANK0  00020
?___awdiv                                      cstackCOMMON 00070
?___awmod                                      cstackCOMMON 00070
?___fladd                                      cstackCOMMON 00070
?___fldiv                                      cstackBANK0  00030
?___flmul                                      cstackBANK0  0004A
?___flneg                                      cstackCOMMON 00070
?___flsub                                      cstackBANK0  00028
?___fltol                                      cstackBANK0  0004A
?___fpclassifyf                                cstackCOMMON 00070
?___wmul                                       cstackCOMMON 00070
?___xxtofl                                     cstackCOMMON 00070
?_abs                                          cstackCOMMON 00073
?_atoi                                         cstackCOMMON 00076
?_dtoa                                         cstackBANK0  00030
?_efgtoa                                       cstackBANK1  000A0
?_floorf                                       cstackBANK0  0004A
?_isdigit                                      cstackCOMMON 00070
?_isspace                                      cstackCOMMON 00070
?_isupper                                      cstackCOMMON 00070
?_pad                                          cstackBANK0  00024
?_sprintf                                      cstackBANK2  0013A
?_strlen                                       cstackCOMMON 00070
?_strncmp                                      cstackCOMMON 00070
?_tolower                                      cstackCOMMON 00076
?_vfpfcnvrt                                    cstackBANK1  000E2
?_vfprintf                                     cstackBANK1  000EA
ADC_GetConversion@channel                      cstackCOMMON 00073
ADC_SelectChannel@channel                      cstackCOMMON 00071
EUSART_SetErrorHandler@interruptHandler        cstackCOMMON 00070
EUSART_SetFramingErrorHandler@interruptHandler cstackCOMMON 00070
EUSART_SetOverrunErrorHandler@interruptHandler cstackCOMMON 00070
EUSART_Write@txData                            cstackCOMMON 00070
_ADACT                                         (abs)        0009F
_ADCON0                                        (abs)        0009D
_ADCON0bits                                    (abs)        0009D
_ADCON1                                        (abs)        0009E
_ADC_GetConversion                             text49       01A05
_ADC_Initialize                                text46       019C3
_ADC_SelectChannel                             text48       019E2
_ADRESH                                        (abs)        0009C
_ADRESL                                        (abs)        0009B
_ANSELA                                        (abs)        0018C
_ANSELC                                        (abs)        0018E
_BAUD1CON                                      (abs)        0019F
_EUSART_DefaultErrorHandler                    (abs)        00000
_EUSART_DefaultFramingErrorHandler             (abs)        00000
_EUSART_DefaultOverrunErrorHandler             (abs)        00000
_EUSART_ErrorHandler                           nvBANK3      001AF
_EUSART_FramingErrorHandler                    nvBANK3      001B3
_EUSART_Initialize                             text42       01B02
_EUSART_OverrunErrorHandler                    nvBANK3      001B1
_EUSART_SetErrorHandler                        text45       019A9
_EUSART_SetFramingErrorHandler                 text44       019AF
_EUSART_SetOverrunErrorHandler                 text43       019B5
_EUSART_Write                                  text47       019CC
_FVRCON                                        (abs)        00117
_FVRCONbits                                    (abs)        00117
_FVR_Initialize                                text41       019A1
_INLVLA                                        (abs)        0038C
_INLVLC                                        (abs)        0038E
_LATA                                          (abs)        0010C
_LATC                                          (abs)        0010E
_ODCONA                                        (abs)        0028C
_ODCONC                                        (abs)        0028E
_OSCCON1                                       (abs)        00919
_OSCCON3                                       (abs)        0091B
_OSCEN                                         (abs)        0091D
_OSCFRQ                                        (abs)        0091F
_OSCILLATOR_Initialize                         text40       01000
_OSCTUNE                                       (abs)        0091E
_PIN_MANAGER_Initialize                        text39       01B47
_PIR1bits                                      (abs)        00011
_PMD0                                          (abs)        00911
_PMD1                                          (abs)        00912
_PMD2                                          (abs)        00913
_PMD3                                          (abs)        00914
_PMD4                                          (abs)        00915
_PMD5                                          (abs)        00916
_PMD_Initialize                                text38       019BB
_RC1REG                                        (abs)        00199
_RC1STA                                        (abs)        0019D
_RC1STAbits                                    (abs)        0019D
_RC4PPS                                        (abs)        00EA4
_RXPPS                                         (abs)        00E24
_SLRCONA                                       (abs)        0030C
_SLRCONC                                       (abs)        0030E
_SP1BRGH                                       (abs)        0019C
_SP1BRGL                                       (abs)        0019B
_SYSTEM_Initialize                             text36       019EF
_TRISA                                         (abs)        0008C
_TRISC                                         (abs)        0008E
_TX1REG                                        (abs)        0019A
_TX1STA                                        (abs)        0019E
_TX1STAbits                                    (abs)        0019E
_WDTCON                                        (abs)        00097
_WDT_Initialize                                text37       019A5
_WPUA                                          (abs)        0020C
_WPUC                                          (abs)        0020E
__Habs1                                        abs1         00000
__Hbank0                                       bank0        00000
__Hbank1                                       bank1        00000
__Hbank10                                      bank10       00000
__Hbank11                                      bank11       00000
__Hbank12                                      bank12       00000
__Hbank13                                      bank13       00000
__Hbank14                                      bank14       00000
__Hbank15                                      bank15       00000
__Hbank16                                      bank16       00000
__Hbank17                                      bank17       00000
__Hbank18                                      bank18       00000
__Hbank19                                      bank19       00000
__Hbank2                                       bank2        00000
__Hbank20                                      bank20       00000
__Hbank21                                      bank21       00000
__Hbank22                                      bank22       00000
__Hbank23                                      bank23       00000
__Hbank24                                      bank24       00000
__Hbank25                                      bank25       00000
__Hbank26                                      bank26       00000
__Hbank27                                      bank27       00000
__Hbank28                                      bank28       00000
__Hbank29                                      bank29       00000
__Hbank3                                       bank3        00000
__Hbank30                                      bank30       00000
__Hbank31                                      bank31       00000
__Hbank4                                       bank4        00000
__Hbank5                                       bank5        00000
__Hbank6                                       bank6        00000
__Hbank7                                       bank7        00000
__Hbank8                                       bank8        00000
__Hbank9                                       bank9        00000
__Hbigram                                      bigram       00000
__HbssBANK2                                    bssBANK2     00000
__HbssBANK3                                    bssBANK3     00000
__HbssBANK4                                    bssBANK4     00000
__Hcinit                                       cinit        00800
__Hclrtext                                     clrtext      00000
__Hcode                                        code         00000
__Hcommon                                      common       00000
__Hconfig                                      config       0800B
__HcstackBANK0                                 cstackBANK0  00000
__HcstackBANK1                                 cstackBANK1  00000
__HcstackBANK2                                 cstackBANK2  00000
__HcstackCOMMON                                cstackCOMMON 00000
__Heeprom_data                                 eeprom_data  00000
__Hend_init                                    end_init     00004
__Hfunctab                                     functab      00000
__Hinit                                        init         00002
__Hintentry                                    intentry     00002
__Hmaintext                                    maintext     00000
__HnvBANK3                                     nvBANK3      00000
__Hpowerup                                     powerup      00000
__Hram                                         ram          00000
__Hreset_vec                                   reset_vec    00002
__Hsfr0                                        sfr0         00000
__Hsfr1                                        sfr1         00000
__Hsfr10                                       sfr10        00000
__Hsfr11                                       sfr11        00000
__Hsfr12                                       sfr12        00000
__Hsfr13                                       sfr13        00000
__Hsfr14                                       sfr14        00000
__Hsfr15                                       sfr15        00000
__Hsfr16                                       sfr16        00000
__Hsfr17                                       sfr17        00000
__Hsfr18                                       sfr18        00000
__Hsfr19                                       sfr19        00000
__Hsfr2                                        sfr2         00000
__Hsfr20                                       sfr20        00000
__Hsfr21                                       sfr21        00000
__Hsfr22                                       sfr22        00000
__Hsfr23                                       sfr23        00000
__Hsfr24                                       sfr24        00000
__Hsfr25                                       sfr25        00000
__Hsfr26                                       sfr26        00000
__Hsfr27                                       sfr27        00000
__Hsfr28                                       sfr28        00000
__Hsfr29                                       sfr29        00000
__Hsfr3                                        sfr3         00000
__Hsfr30                                       sfr30        00000
__Hsfr31                                       sfr31        00000
__Hsfr4                                        sfr4         00000
__Hsfr5                                        sfr5         00000
__Hsfr6                                        sfr6         00000
__Hsfr7                                        sfr7         00000
__Hsfr8                                        sfr8         00000
__Hsfr9                                        sfr9         00000
__Hspace_0                                     (abs)        0201F
__Hspace_1                                     (abs)        00270
__Hspace_2                                     (abs)        00000
__Hspace_3                                     (abs)        00000
__Hspace_4                                     (abs)        10012
__Hstack                                       stack        00000
__Hstrings                                     strings      00000
__Hstringtext1                                 stringtext1  00000
__Hstringtext2                                 stringtext2  00000
__Hstringtext3                                 stringtext3  00000
__Hstringtext4                                 stringtext4  00000
__Hstringtext5                                 stringtext5  00000
__Hstringtext6                                 stringtext6  00000
__Hstringtext7                                 stringtext7  00000
__Hstringtext8                                 stringtext8  00000
__Htext                                        text         00000
__Labs1                                        abs1         00000
__Lbank0                                       bank0        00000
__Lbank1                                       bank1        00000
__Lbank10                                      bank10       00000
__Lbank11                                      bank11       00000
__Lbank12                                      bank12       00000
__Lbank13                                      bank13       00000
__Lbank14                                      bank14       00000
__Lbank15                                      bank15       00000
__Lbank16                                      bank16       00000
__Lbank17                                      bank17       00000
__Lbank18                                      bank18       00000
__Lbank19                                      bank19       00000
__Lbank2                                       bank2        00000
__Lbank20                                      bank20       00000
__Lbank21                                      bank21       00000
__Lbank22                                      bank22       00000
__Lbank23                                      bank23       00000
__Lbank24                                      bank24       00000
__Lbank25                                      bank25       00000
__Lbank26                                      bank26       00000
__Lbank27                                      bank27       00000
__Lbank28                                      bank28       00000
__Lbank29                                      bank29       00000
__Lbank3                                       bank3        00000
__Lbank30                                      bank30       00000
__Lbank31                                      bank31       00000
__Lbank4                                       bank4        00000
__Lbank5                                       bank5        00000
__Lbank6                                       bank6        00000
__Lbank7                                       bank7        00000
__Lbank8                                       bank8        00000
__Lbank9                                       bank9        00000
__Lbigram                                      bigram       00000
__LbssBANK2                                    bssBANK2     00000
__LbssBANK3                                    bssBANK3     00000
__LbssBANK4                                    bssBANK4     00000
__Lcinit                                       cinit        007D7
__Lclrtext                                     clrtext      00000
__Lcode                                        code         00000
__Lcommon                                      common       00000
__Lconfig                                      config       00000
__LcstackBANK0                                 cstackBANK0  00000
__LcstackBANK1                                 cstackBANK1  00000
__LcstackBANK2                                 cstackBANK2  00000
__LcstackCOMMON                                cstackCOMMON 00000
__Leeprom_data                                 eeprom_data  00000
__Lend_init                                    end_init     00002
__Lfunctab                                     functab      00000
__Linit                                        init         00002
__Lintentry                                    intentry     00002
__Lmaintext                                    maintext     00000
__LnvBANK3                                     nvBANK3      00000
__Lpowerup                                     powerup      00000
__Lram                                         ram          00000
__Lreset_vec                                   reset_vec    00000
__Lsfr0                                        sfr0         00000
__Lsfr1                                        sfr1         00000
__Lsfr10                                       sfr10        00000
__Lsfr11                                       sfr11        00000
__Lsfr12                                       sfr12        00000
__Lsfr13                                       sfr13        00000
__Lsfr14                                       sfr14        00000
__Lsfr15                                       sfr15        00000
__Lsfr16                                       sfr16        00000
__Lsfr17                                       sfr17        00000
__Lsfr18                                       sfr18        00000
__Lsfr19                                       sfr19        00000
__Lsfr2                                        sfr2         00000
__Lsfr20                                       sfr20        00000
__Lsfr21                                       sfr21        00000
__Lsfr22                                       sfr22        00000
__Lsfr23                                       sfr23        00000
__Lsfr24                                       sfr24        00000
__Lsfr25                                       sfr25        00000
__Lsfr26                                       sfr26        00000
__Lsfr27                                       sfr27        00000
__Lsfr28                                       sfr28        00000
__Lsfr29                                       sfr29        00000
__Lsfr3                                        sfr3         00000
__Lsfr30                                       sfr30        00000
__Lsfr31                                       sfr31        00000
__Lsfr4                                        sfr4         00000
__Lsfr5                                        sfr5         00000
__Lsfr6                                        sfr6         00000
__Lsfr7                                        sfr7         00000
__Lsfr8                                        sfr8         00000
__Lsfr9                                        sfr9         00000
__Lspace_0                                     (abs)        00000
__Lspace_1                                     (abs)        00000
__Lspace_2                                     (abs)        00000
__Lspace_3                                     (abs)        00000
__Lspace_4                                     (abs)        00000
__Lstack                                       stack        00000
__Lstrings                                     strings      00000
__Lstringtext1                                 stringtext1  00000
__Lstringtext2                                 stringtext2  00000
__Lstringtext3                                 stringtext3  00000
__Lstringtext4                                 stringtext4  00000
__Lstringtext5                                 stringtext5  00000
__Lstringtext6                                 stringtext6  00000
__Lstringtext7                                 stringtext7  00000
__Lstringtext8                                 stringtext8  00000
__Ltext                                        text         00000
__S0                                           (abs)        0201F
__S1                                           (abs)        00270
__S2                                           (abs)        00000
__S3                                           (abs)        00000
__Umul8_16                                     text16       01B24
__Umul8_16@multiplicand                        cstackCOMMON 00070
__Umul8_16@multiplier                          cstackCOMMON 00078
__Umul8_16@product                             cstackCOMMON 00074
__Umul8_16@word_mpld                           cstackCOMMON 00076
___aodiv                                       text30       0120A
___aodiv@counter                               cstackCOMMON 00071
___aodiv@dividend                              cstackBANK0  00028
___aodiv@divisor                               cstackBANK0  00020
___aodiv@quotient                              cstackCOMMON 00073
___aodiv@sign                                  cstackCOMMON 00072
___aomod                                       text29       01035
___aomod@counter                               cstackCOMMON 00071
___aomod@dividend                              cstackBANK0  00028
___aomod@divisor                               cstackBANK0  00020
___aomod@sign                                  cstackCOMMON 00072
___awdiv                                       text21       0000F
___awdiv@counter                               cstackCOMMON 00075
___awdiv@dividend                              cstackCOMMON 00072
___awdiv@divisor                               cstackCOMMON 00070
___awdiv@quotient                              cstackCOMMON 00077
___awdiv@sign                                  cstackCOMMON 00076
___awmod                                       text20       01C3E
___awmod@counter                               cstackCOMMON 00075
___awmod@dividend                              cstackCOMMON 00072
___awmod@divisor                               cstackCOMMON 00070
___awmod@sign                                  cstackCOMMON 00076
___fladd                                       text13       015C1
___fladd@a                                     cstackCOMMON 00074
___fladd@aexp                                  cstackCOMMON 00079
___fladd@b                                     cstackCOMMON 00070
___fladd@bexp                                  cstackCOMMON 0007A
___fladd@grs                                   cstackCOMMON 0007B
___fladd@signs                                 cstackCOMMON 00078
___fldiv                                       text19       00876
___fldiv@a                                     cstackBANK0  00030
___fldiv@aexp                                  cstackBANK0  00049
___fldiv@b                                     cstackBANK0  00034
___fldiv@bexp                                  cstackBANK0  00048
___fldiv@grs                                   cstackBANK0  00044
___fldiv@new_exp                               cstackBANK0  00042
___fldiv@rem                                   cstackBANK0  0003D
___fldiv@sign                                  cstackBANK0  00041
___fleq                                        text18       01BF0
___fleq@ff1                                    cstackCOMMON 00070
___fleq@ff2                                    cstackCOMMON 00074
___flge                                        text17       01E1A
___flge@ff1                                    cstackBANK0  00064
___flge@ff2                                    cstackBANK0  00068
___flmul                                       text15       00A2A
___flmul@a                                     cstackBANK0  0004E
___flmul@aexp                                  cstackBANK0  0005C
___flmul@b                                     cstackBANK0  0004A
___flmul@bexp                                  cstackBANK0  0005D
___flmul@grs                                   cstackBANK0  00058
___flmul@prod                                  cstackBANK0  0005E
___flmul@sign                                  cstackBANK0  00057
___flmul@temp                                  cstackBANK0  00062
___flneg                                       text14       00004
___flneg@f1                                    cstackCOMMON 00070
___flsub                                       text12       01AA0
___flsub@a                                     cstackBANK0  00028
___flsub@b                                     cstackBANK0  0002C
___fltol                                       text11       00801
___fltol@exp1                                  cstackCOMMON 0007D
___fltol@f1                                    cstackBANK0  0004A
___fltol@sign1                                 cstackCOMMON 0007C
___fpclassifyf                                 text10       01D9B
___fpclassifyf@F465                            bssBANK3     001A4
___fpclassifyf@e                               cstackBANK0  00020
___fpclassifyf@u                               cstackBANK0  00022
___fpclassifyf@x                               cstackCOMMON 00070
___int_sp                                      stack        00000
___latbits                                     (abs)        00003
___sp                                          stack        00000
___stackhi                                     (abs)        0271B
___stacklo                                     (abs)        02190
___wmul                                        text34       01A81
___wmul@multiplicand                           cstackCOMMON 00072
___wmul@multiplier                             cstackCOMMON 00070
___wmul@product                                cstackCOMMON 00074
___xxtofl                                      text35       01EA5
___xxtofl@arg                                  cstackCOMMON 0007A
___xxtofl@exp                                  cstackCOMMON 00079
___xxtofl@sign                                 cstackCOMMON 00078
___xxtofl@val                                  cstackCOMMON 00070
__end_of_ADC_GetConversion                     text49       01A1D
__end_of_ADC_Initialize                        text46       019CC
__end_of_ADC_SelectChannel                     text48       019EF
__end_of_EUSART_Initialize                     text42       01B24
__end_of_EUSART_SetErrorHandler                text45       019AF
__end_of_EUSART_SetFramingErrorHandler         text44       019B5
__end_of_EUSART_SetOverrunErrorHandler         text43       019BB
__end_of_EUSART_Write                          text47       019D6
__end_of_FVR_Initialize                        text41       019A5
__end_of_OSCILLATOR_Initialize                 text40       01009
__end_of_PIN_MANAGER_Initialize                text39       01B6B
__end_of_PMD_Initialize                        text38       019C3
__end_of_SYSTEM_Initialize                     text36       01A05
__end_of_WDT_Initialize                        text37       019A9
__end_of__Umul8_16                             text16       01B47
__end_of___aodiv                               text30       0130B
__end_of___aomod                               text29       0111F
__end_of___awdiv                               text21       0006E
__end_of___awmod                               text20       01C91
__end_of___fladd                               text13       01800
__end_of___fldiv                               text19       00A2A
__end_of___fleq                                text18       01C3E
__end_of___flge                                text17       01EA5
__end_of___flmul                               text15       00C81
__end_of___flneg                               text14       0000F
__end_of___flsub                               text12       01AC0
__end_of___fltol                               text11       00876
__end_of___fpclassifyf                         text10       01E1A
__end_of___wmul                                text34       01AA0
__end_of___xxtofl                              text35       01F51
__end_of__initialization                       cinit        007FD
__end_of_abs                                   text28       01A67
__end_of_atoi                                  text31       02000
__end_of_co2_table                             stringtext1  018CE
__end_of_dtoa                                  text22       015C1
__end_of_efgtoa                                text5        007D7
__end_of_floorf                                text9        0120A
__end_of_fputc                                 text26       01CE7
__end_of_fputs                                 text25       01BB9
__end_of_isdigit                               text33       01A35
__end_of_isspace                               text32       01AE1
__end_of_isupper                               text7        01A4D
__end_of_main                                  maintext     01451
__end_of_pad                                   text23       01D40
__end_of_putch                                 text27       00801
__end_of_sprintf                               text1        01035
__end_of_strcpy                                text8        01B02
__end_of_strlen                                text24       01A81
__end_of_strncmp                               text4        01D9B
__end_of_tolower                               text6        01B90
__end_of_vfpfcnvrt                             text3        01000
__end_of_vfprintf                              text2        01BF0
__initialization                               cinit        007D7
__pbssBANK2                                    bssBANK2     0016C
__pbssBANK3                                    bssBANK3     001A0
__pbssBANK4                                    bssBANK4     00220
__pbssBIGRAM                                   (abs)        0271C
__pcstackBANK0                                 cstackBANK0  00020
__pcstackBANK1                                 cstackBANK1  000A0
__pcstackBANK2                                 cstackBANK2  00120
__pcstackCOMMON                                cstackCOMMON 00070
__pmaintext                                    maintext     0130B
__pnvBANK3                                     nvBANK3      001AF
__pstringtext1                                 stringtext1  01800
__pstringtext2                                 stringtext2  02000
__pstringtext3                                 stringtext3  0200C
__pstringtext4                                 stringtext4  02010
__pstringtext5                                 stringtext5  02014
__pstringtext6                                 stringtext6  02018
__pstringtext7                                 stringtext7  0201C
__pstringtext8                                 stringtext8  00000
__ptext1                                       text1        01009
__ptext10                                      text10       01D9B
__ptext11                                      text11       00801
__ptext12                                      text12       01AA0
__ptext13                                      text13       015C1
__ptext14                                      text14       00004
__ptext15                                      text15       00A2A
__ptext16                                      text16       01B24
__ptext17                                      text17       01E1A
__ptext18                                      text18       01BF0
__ptext19                                      text19       00876
__ptext2                                       text2        01BB9
__ptext20                                      text20       01C3E
__ptext21                                      text21       0000F
__ptext22                                      text22       01451
__ptext23                                      text23       01CE7
__ptext24                                      text24       01A67
__ptext25                                      text25       01B90
__ptext26                                      text26       01C91
__ptext27                                      text27       00800
__ptext28                                      text28       01A4D
__ptext29                                      text29       01035
__ptext3                                       text3        00C81
__ptext30                                      text30       0120A
__ptext31                                      text31       01F51
__ptext32                                      text32       01AC0
__ptext33                                      text33       01A1D
__ptext34                                      text34       01A81
__ptext35                                      text35       01EA5
__ptext36                                      text36       019EF
__ptext37                                      text37       019A5
__ptext38                                      text38       019BB
__ptext39                                      text39       01B47
__ptext4                                       text4        01D40
__ptext40                                      text40       01000
__ptext41                                      text41       019A1
__ptext42                                      text42       01B02
__ptext43                                      text43       019B5
__ptext44                                      text44       019AF
__ptext45                                      text45       019A9
__ptext46                                      text46       019C3
__ptext47                                      text47       019CC
__ptext48                                      text48       019E2
__ptext49                                      text49       01A05
__ptext5                                       text5        0006E
__ptext6                                       text6        01B6B
__ptext7                                       text7        01A35
__ptext8                                       text8        01AE1
__ptext9                                       text9        0111F
__size_of_ADC_GetConversion                    (abs)        00000
__size_of_ADC_Initialize                       (abs)        00000
__size_of_ADC_SelectChannel                    (abs)        00000
__size_of_EUSART_Initialize                    (abs)        00000
__size_of_EUSART_SetErrorHandler               (abs)        00000
__size_of_EUSART_SetFramingErrorHandler        (abs)        00000
__size_of_EUSART_SetOverrunErrorHandler        (abs)        00000
__size_of_EUSART_Write                         (abs)        00000
__size_of_FVR_Initialize                       (abs)        00000
__size_of_OSCILLATOR_Initialize                (abs)        00000
__size_of_PIN_MANAGER_Initialize               (abs)        00000
__size_of_PMD_Initialize                       (abs)        00000
__size_of_SYSTEM_Initialize                    (abs)        00000
__size_of_WDT_Initialize                       (abs)        00000
__size_of__Umul8_16                            (abs)        00000
__size_of___aodiv                              (abs)        00000
__size_of___aomod                              (abs)        00000
__size_of___awdiv                              (abs)        00000
__size_of___awmod                              (abs)        00000
__size_of___fladd                              (abs)        00000
__size_of___fldiv                              (abs)        00000
__size_of___fleq                               (abs)        00000
__size_of___flge                               (abs)        00000
__size_of___flmul                              (abs)        00000
__size_of___flneg                              (abs)        00000
__size_of___flsub                              (abs)        00000
__size_of___fltol                              (abs)        00000
__size_of___fpclassifyf                        (abs)        00000
__size_of___wmul                               (abs)        00000
__size_of___xxtofl                             (abs)        00000
__size_of_abs                                  (abs)        00000
__size_of_atoi                                 (abs)        00000
__size_of_dtoa                                 (abs)        00000
__size_of_efgtoa                               (abs)        00000
__size_of_floorf                               (abs)        00000
__size_of_fputc                                (abs)        00000
__size_of_fputs                                (abs)        00000
__size_of_isdigit                              (abs)        00000
__size_of_isspace                              (abs)        00000
__size_of_isupper                              (abs)        00000
__size_of_main                                 (abs)        00000
__size_of_pad                                  (abs)        00000
__size_of_putch                                (abs)        00000
__size_of_sprintf                              (abs)        00000
__size_of_strcpy                               (abs)        00000
__size_of_strlen                               (abs)        00000
__size_of_strncmp                              (abs)        00000
__size_of_tolower                              (abs)        00000
__size_of_vfpfcnvrt                            (abs)        00000
__size_of_vfprintf                             (abs)        00000
_abs                                           text28       01A4D
_atoi                                          text31       01F51
_atoi$1064                                     cstackBANK0  00022
_atoi$1065                                     cstackBANK0  00026
_atoi$1066                                     cstackBANK0  00024
_co2_table                                     stringtext1  01800
_dbuf                                          bssBANK4     00220
_dtoa                                          text22       01451
_dtoa$973                                      cstackBANK0  0003B
_efgtoa                                        text5        0006E
_efgtoa$1002                                   cstackBANK1  000AD
_efgtoa$1006                                   cstackBANK1  000AF
_efgtoa$1007                                   cstackBANK1  000B1
_efgtoa$1008                                   cstackBANK1  000B3
_efgtoa$997                                    cstackBANK1  000A9
_efgtoa$998                                    cstackBANK1  000AB
_eusartRxLastError                             bssBANK3     001AE
_flags                                         bssBANK2     0016E
_floorf                                        text9        0111F
_fputc                                         text26       01C91
_fputs                                         text25       01B90
_isdigit                                       text33       01A1D
_isspace                                       text32       01AC0
_isspace$1095                                  cstackCOMMON 00074
_isupper                                       text7        01A35
_main                                          maintext     0130B
_nout                                          bssBANK3     001A8
_pad                                           text23       01CE7
_prec                                          bssBANK2     0016C
_putch                                         text27       00800
_sprintf                                       text1        01009
_strcpy                                        text8        01AE1
_strlen                                        text24       01A67
_strncmp                                       text4        01D40
_tSys                                          (abs)        0271C
_tolower                                       text6        01B6B
_tolower$1159                                  cstackCOMMON 0007C
_vfpfcnvrt                                     text3        00C81
_vfpfcnvrt$1022                                cstackBANK2  00128
_vfpfcnvrt$1023                                cstackBANK2  0012A
_vfpfcnvrt$1028                                cstackBANK2  0012C
_vfprintf                                      text2        01BB9
_width                                         bssBANK3     001AA
abs@a                                          cstackCOMMON 00073
atoi@n                                         cstackBANK0  00027
atoi@neg                                       cstackBANK0  00020
atoi@s                                         cstackCOMMON 00076
btemp                                          (abs)        0007E
clear_ram0                                     clrtext      019D6
dtoa@d                                         cstackBANK0  00030
dtoa@fp                                        cstackBANK0  0003D
dtoa@i                                         cstackBANK0  0004C
dtoa@n                                         cstackBANK0  00044
dtoa@p                                         cstackBANK0  0003E
dtoa@s                                         cstackBANK0  00042
dtoa@w                                         cstackBANK0  00040
efgtoa@c                                       cstackBANK1  000A4
efgtoa@d                                       cstackBANK1  000C1
efgtoa@e                                       cstackBANK1  000DA
efgtoa@f                                       cstackBANK1  000A0
efgtoa@fp                                      cstackBANK1  000C5
efgtoa@g                                       cstackBANK1  000D6
efgtoa@h                                       cstackBANK1  000CC
efgtoa@i                                       cstackBANK1  000D4
efgtoa@l                                       cstackBANK1  000D0
efgtoa@m                                       cstackBANK1  000BB
efgtoa@mode                                    cstackBANK1  000CB
efgtoa@n                                       cstackBANK1  000DC
efgtoa@ne                                      cstackBANK1  000B9
efgtoa@nmode                                   cstackBANK1  000CA
efgtoa@ou                                      cstackBANK1  000BD
efgtoa@p                                       cstackBANK1  000C6
efgtoa@pp                                      cstackBANK1  000B7
efgtoa@sign                                    cstackBANK1  000C3
efgtoa@t                                       cstackBANK1  000B5
efgtoa@u                                       cstackBANK1  000DE
efgtoa@w                                       cstackBANK1  000C8
end_of_initialization                          cinit        007FD
floorf@F527                                    bssBANK3     001A0
floorf@e                                       cstackBANK0  00058
floorf@m                                       cstackBANK0  00054
floorf@u                                       cstackBANK0  0005A
floorf@x                                       cstackBANK0  0004A
fputc@c                                        cstackCOMMON 00070
fputc@fp                                       cstackCOMMON 00072
fputs@c                                        cstackBANK0  00020
fputs@fp                                       cstackCOMMON 00078
fputs@i                                        cstackBANK0  00021
fputs@s                                        cstackBANK0  00023
intlevel0                                      functab      00000
intlevel1                                      functab      00000
intlevel2                                      functab      00000
intlevel3                                      functab      00000
intlevel4                                      functab      00000
intlevel5                                      functab      00000
isdigit@c                                      cstackCOMMON 00070
isspace@c                                      cstackCOMMON 00070
isupper@c                                      cstackCOMMON 00070
main@fco2                                      cstackBANK2  00161
main@fvr20                                     cstackBANK2  00165
main@n                                         cstackBANK2  0016A
main@p                                         cstackBANK2  00169
main@s                                         cstackBANK2  0014D
pad@buf                                        cstackBANK0  00024
pad@fp                                         cstackBANK0  0002B
pad@i                                          cstackBANK0  00027
pad@p                                          cstackBANK0  00025
pad@w                                          cstackBANK0  00029
reset_vec                                      reset_vec    00000
sprintf@ap                                     cstackBANK2  00145
sprintf@f                                      cstackBANK2  00146
sprintf@fmt                                    cstackBANK2  0013A
sprintf@s                                      cstackBANK2  00144
start                                          init         00002
start_initialization                           cinit        007D7
strcpy@d                                       cstackCOMMON 00076
strcpy@dest                                    cstackCOMMON 00077
strcpy@s                                       cstackCOMMON 00074
strcpy@src                                     cstackCOMMON 00070
strlen@a                                       cstackCOMMON 00073
strlen@s                                       cstackCOMMON 00074
strncmp@_l                                     cstackCOMMON 00075
strncmp@_r                                     cstackCOMMON 00070
strncmp@l                                      cstackCOMMON 00078
strncmp@n                                      cstackCOMMON 00072
strncmp@r                                      cstackCOMMON 00076
tolower@c                                      cstackCOMMON 00076
vfpfcnvrt@ap                                   cstackBANK1  000E3
vfpfcnvrt@c                                    cstackBANK2  00135
vfpfcnvrt@ct                                   cstackBANK2  00132
vfpfcnvrt@f                                    cstackBANK2  0012E
vfpfcnvrt@fmt                                  cstackBANK1  000E2
vfpfcnvrt@fp                                   cstackBANK2  00136
vfpfcnvrt@ll                                   cstackBANK2  00120
vfprintf@ap                                    cstackBANK1  000EC
vfprintf@cfmt                                  cstackBANK2  00138
vfprintf@fmt                                   cstackBANK1  000EA
vfprintf@fp                                    cstackBANK2  00137
wtemp0                                         (abs)        0007E


FUNCTION INFORMATION:

 *************** function _main *****************
 Defined at:
		line 84 in file "main.c"
 Parameters:    Size  Location     Type
		None
 Auto vars:     Size  Location     Type
  s              20   45[BANK2 ] unsigned char [20]
  fvr20           4   69[BANK2 ] float 
  fco2            4   65[BANK2 ] float 
  e               4    0        float 
  n               2   74[BANK2 ] int 
  p               1   73[BANK2 ] PTR unsigned char 
		 -> main@s(20), 
 Return value:  Size  Location     Type
                  1    wreg      void 
 Registers used:
		wreg, fsr0l, fsr0h, fsr1l, fsr1h, status,2, status,0, pclath, cstack
 Tracked objects:
		On entry : 
		On exit  : 
		Unchanged: 
 Data sizes:     COMMON   BANK0   BANK1   BANK2   BANK3   BANK4   BANK5   BANK6   BANK7   BANK8   BANK9  BANK10  BANK11  BANK12  BANK13  BANK14  BANK15  BANK16  BANK17  BANK18  BANK19  BANK20  BANK21  BANK22  BANK23  BANK24  BANK25
      Params:         0       0       0       0       0       0       0       0       0       0       0       0       0       0       0       0       0       0       0       0       0       0       0       0       0       0       0
      Locals:         0       0       0      31       0       0       0       0       0       0       0       0       0       0       0       0       0       0       0       0       0       0       0       0       0       0       0
      Temps:          0       0       0       2       0       0       0       0       0       0       0       0       0       0       0       0       0       0       0       0       0       0       0       0       0       0       0
      Totals:         0       0       0      33       0       0       0       0       0       0       0       0       0       0       0       0       0       0       0       0       0       0       0       0       0       0       0
Total ram usage:       33 bytes
 Hardware stack levels required when called:    8
 This function calls:
		_ADC_GetConversion
		_ADC_SelectChannel
		_EUSART_Write
		_SYSTEM_Initialize
		___fldiv
		___flmul
		___flsub
		___fltol
		___xxtofl
		_sprintf
 This function is called by:
		Startup code after reset
 This function uses a non-reentrant model


 *************** function _sprintf *****************
 Defined at:
		line 9 in file "C:\Program Files\Microchip\xc8\v2.31\pic\sources\c99\common\nf_sprintf.c"
 Parameters:    Size  Location     Type
  s               1    wreg     PTR unsigned char 
		 -> main@s(20), 
  fmt             2   26[BANK2 ] PTR const unsigned char 
		 -> STR_1(12), 
 Auto vars:     Size  Location     Type
  s               1   36[BANK2 ] PTR unsigned char 
		 -> main@s(20), 
  f               5   38[BANK2 ] struct _IO_FILE
  ret             2    0        int 
  ap              1   37[BANK2 ] PTR void [1]
		 -> ?_sprintf(2), 
 Return value:  Size  Location     Type
                  2   26[BANK2 ] int 
 Registers used:
		wreg, fsr0l, fsr0h, fsr1l, fsr1h, status,2, status,0, pclath, cstack
 Tracked objects:
		On entry : 
		On exit  : 
		Unchanged: 
[...]
      Params:         2       0       0       0       0       0       0       0       0       0       0       0       0       0       0       0       0       0       0       0       0       0       0       0       0       0       0
      Locals:         0       0       0       0       0       0       0       0       0       0       0       0       0       0       0       0       0       0       0       0       0       0       0       0       0       0       0
      Temps:          0       0       0       0       0       0       0       0       0       0       0       0       0       0       0       0       0       0       0       0       0       0       0       0       0       0       0
      Totals:         2       0       0       0       0       0       0       0       0       0       0       0       0       0       0       0       0       0       0       0       0       0       0       0       0       0       0
Total ram usage:        2 bytes
 Hardware stack levels used:    1
 This function calls:
		Nothing
 This function is called by:
		_EUSART_Initialize
 This function uses a non-reentrant model


 *************** function _EUSART_SetFramingErrorHandler *****************
 Defined at:
		line 157 in file "mcc_generated_files/eusart.c"
 Parameters:    Size  Location     Type
  interruptHan    2    0[COMMON] PTR FTN()void 
		 -> EUSART_DefaultFramingErrorHandler(1), 
 Auto vars:     Size  Location     Type
		None
 Return value:  Size  Location     Type
                  1    wreg      void 
 Registers used:
		wreg
 Tracked objects:
		On entry : 
		On exit  : 
		Unchanged: 
 Data sizes:     COMMON   BANK0   BANK1   BANK2   BANK3   BANK4   BANK5   BANK6   BANK7   BANK8   BANK9  BANK10  BANK11  BANK12  BANK13  BANK14  BANK15  BANK16  BANK17  BANK18  BANK19  BANK20  BANK21  BANK22  BANK23  BANK24  BANK25
      Params:         2       0       0       0       0       0       0       0       0       0       0       0       0       0       0       0       0       0       0       0       0       0       0       0       0       0       0
      Locals:         0       0       0       0       0       0       0       0       0       0       0       0       0       0       0       0       0       0       0       0       0       0       0       0       0       0       0
      Temps:          0       0       0       0       0       0       0       0       0       0       0       0       0       0       0       0       0       0       0       0       0       0       0       0       0       0       0
      Totals:         2       0       0       0       0       0       0       0       0       0       0       0       0       0       0       0       0       0       0       0       0       0       0       0       0       0       0
Total ram usage:        2 bytes
 Hardware stack levels used:    1
 This function calls:
		Nothing
 This function is called by:
		_EUSART_Initialize
 This function uses a non-reentrant model


 *************** function _EUSART_SetErrorHandler *****************
 Defined at:
		line 165 in file "mcc_generated_files/eusart.c"
 Parameters:    Size  Location     Type
  interruptHan    2    0[COMMON] PTR FTN()void 
		 -> EUSART_DefaultErrorHandler(1), 
 Auto vars:     Size  Location     Type
		None
 Return value:  Size  Location     Type
                  1    wreg      void 
 Registers used:
		wreg
 Tracked objects:
		On entry : 
		On exit  : 
		Unchanged: 
 Data sizes:     COMMON   BANK0   BANK1   BANK2   BANK3   BANK4   BANK5   BANK6   BANK7   BANK8   BANK9  BANK10  BANK11  BANK12  BANK13  BANK14  BANK15  BANK16  BANK17  BANK18  BANK19  BANK20  BANK21  BANK22  BANK23  BANK24  BANK25
      Params:         2       0       0       0       0       0       0       0       0       0       0       0       0       0       0       0       0       0       0       0       0       0       0       0       0       0       0
      Locals:         0       0       0       0       0       0       0       0       0       0       0       0       0       0       0       0       0       0       0       0       0       0       0       0       0       0       0
      Temps:          0       0       0       0       0       0       0       0       0       0       0       0       0       0       0       0       0       0       0       0       0       0       0       0       0       0       0
      Totals:         2       0       0       0       0       0       0       0       0       0       0       0       0       0       0       0       0       0       0       0       0       0       0       0       0       0       0
Total ram usage:        2 bytes
 Hardware stack levels used:    1
 This function calls:
		Nothing
 This function is called by:
		_EUSART_Initialize
 This function uses a non-reentrant model


 *************** function _ADC_Initialize *****************
 Defined at:
		line 67 in file "mcc_generated_files/adc.c"
 Parameters:    Size  Location     Type
		None
 Auto vars:     Size  Location     Type
		None
 Return value:  Size  Location     Type
                  1    wreg      void 
 Registers used:
		wreg, status,2
 Tracked objects:
		On entry : 
		On exit  : 
		Unchanged: 
 Data sizes:     COMMON   BANK0   BANK1   BANK2   BANK3   BANK4   BANK5   BANK6   BANK7   BANK8   BANK9  BANK10  BANK11  BANK12  BANK13  BANK14  BANK15  BANK16  BANK17  BANK18  BANK19  BANK20  BANK21  BANK22  BANK23  BANK24  BANK25
      Params:         0       0       0       0       0       0       0       0       0       0       0       0       0       0       0       0       0       0       0       0       0       0       0       0       0       0       0
      Locals:         0       0       0       0       0       0       0       0       0       0       0       0       0       0       0       0       0       0       0       0       0       0       0       0       0       0       0
      Temps:          0       0       0       0       0       0       0       0       0       0       0       0       0       0       0       0       0       0       0       0       0       0       0       0       0       0       0
      Totals:         0       0       0       0       0       0       0       0       0       0       0       0       0       0       0       0       0       0       0       0       0       0       0       0       0       0       0
Total ram usage:        0 bytes
 Hardware stack levels used:    1
 This function calls:
		Nothing
 This function is called by:
		_SYSTEM_Initialize
 This function uses a non-reentrant model


 *************** function _EUSART_Write *****************
 Defined at:
		line 132 in file "mcc_generated_files/eusart.c"
 Parameters:    Size  Location     Type
  txData          1    wreg     unsigned char 
 Auto vars:     Size  Location     Type
  txData          1    0[COMMON] unsigned char 
 Return value:  Size  Location     Type
                  1    wreg      void 
 Registers used:
		wreg
 Tracked objects:
		On entry : 
		On exit  : 
		Unchanged: 
 Data sizes:     COMMON   BANK0   BANK1   BANK2   BANK3   BANK4   BANK5   BANK6   BANK7   BANK8   BANK9  BANK10  BANK11  BANK12  BANK13  BANK14  BANK15  BANK16  BANK17  BANK18  BANK19  BANK20  BANK21  BANK22  BANK23  BANK24  BANK25
      Params:         0       0       0       0       0       0       0       0       0       0       0       0       0       0       0       0       0       0       0       0       0       0       0       0       0       0       0
      Locals:         1       0       0       0       0       0       0       0       0       0       0       0       0       0       0       0       0       0       0       0       0       0       0       0       0       0       0
      Temps:          0       0       0       0       0       0       0       0       0       0       0       0       0       0       0       0       0       0       0       0       0       0       0       0       0       0       0
      Totals:         1       0       0       0       0       0       0       0       0       0       0       0       0       0       0       0       0       0       0       0       0       0       0       0       0       0       0
Total ram usage:        1 bytes
 Hardware stack levels used:    1
 This function calls:
		Nothing
 This function is called by:
		_main
 This function uses a non-reentrant model


 *************** function _ADC_SelectChannel *****************
 Defined at:
		line 88 in file "mcc_generated_files/adc.c"
 Parameters:    Size  Location     Type
  channel         1    wreg     enum E6327
 Auto vars:     Size  Location     Type
  channel         1    1[COMMON] enum E6327
 Return value:  Size  Location     Type
                  1    wreg      void 
 Registers used:
		wreg, status,2, status,0
 Tracked objects:
		On entry : 
		On exit  : 
		Unchanged: 
 Data sizes:     COMMON   BANK0   BANK1   BANK2   BANK3   BANK4   BANK5   BANK6   BANK7   BANK8   BANK9  BANK10  BANK11  BANK12  BANK13  BANK14  BANK15  BANK16  BANK17  BANK18  BANK19  BANK20  BANK21  BANK22  BANK23  BANK24  BANK25
      Params:         0       0       0       0       0       0       0       0       0       0       0       0       0       0       0       0       0       0       0       0       0       0       0       0       0       0       0
      Locals:         1       0       0       0       0       0       0       0       0       0       0       0       0       0       0       0       0       0       0       0       0       0       0       0       0       0       0
      Temps:          1       0       0       0       0       0       0       0       0       0       0       0       0       0       0       0       0       0       0       0       0       0       0       0       0       0       0
      Totals:         2       0       0       0       0       0       0       0       0       0       0       0       0       0       0       0       0       0       0       0       0       0       0       0       0       0       0
Total ram usage:        2 bytes
 Hardware stack levels used:    1
 This function calls:
		Nothing
 This function is called by:
		_main
 This function uses a non-reentrant model


 *************** function _ADC_GetConversion *****************
 Defined at:
		line 115 in file "mcc_generated_files/adc.c"
 Parameters:    Size  Location     Type
  channel         1    wreg     enum E6327
 Auto vars:     Size  Location     Type
  channel         1    3[COMMON] enum E6327
 Return value:  Size  Location     Type
                  2    0[COMMON] unsigned short 
 Registers used:
		wreg, status,2, status,0
 Tracked objects:
		On entry : 
		On exit  : 
		Unchanged: 
 Data sizes:     COMMON   BANK0   BANK1   BANK2   BANK3   BANK4   BANK5   BANK6   BANK7   BANK8   BANK9  BANK10  BANK11  BANK12  BANK13  BANK14  BANK15  BANK16  BANK17  BANK18  BANK19  BANK20  BANK21  BANK22  BANK23  BANK24  BANK25
      Params:         2       0       0       0       0       0       0       0       0       0       0       0       0       0       0       0       0       0       0       0       0       0       0       0       0       0       0
      Locals:         1       0       0       0       0       0       0       0       0       0       0       0       0       0       0       0       0       0       0       0       0       0       0       0       0       0       0
      Temps:          1       0       0       0       0       0       0       0       0       0       0       0       0       0       0       0       0       0       0       0       0       0       0       0       0       0       0
      Totals:         4       0       0       0       0       0       0       0       0       0       0       0       0       0       0       0       0       0       0       0       0       0       0       0       0       0       0
Total ram usage:        4 bytes
 Hardware stack levels used:    1
 This function calls:
		Nothing
 This function is called by:
		_main
 This function uses a non-reentrant model



MODULE INFORMATION

Module		Function		Class		Link	Load	Size
C:\Program Files\Microchip\xc8\v2.31\pic\sources\c99\common\isdigit.c
		_isdigit       		CODE           	1A1D	0000	24

C:\Program Files\Microchip\xc8\v2.31\pic\sources\c99\common\isdigit.c estimated size: 24

C:\Program Files\Microchip\xc8\v2.31\pic\sources\c99\common\sprcadd.c
		___flsub       		CODE           	1AA0	0000	32
		___fladd       		CODE           	15C1	0000	575

C:\Program Files\Microchip\xc8\v2.31\pic\sources\c99\common\sprcadd.c estimated size: 607

C:\Program Files\Microchip\xc8\v2.31\pic\sources\c99\common\flneg.c
		___flneg       		CODE           	0004	0000	11

C:\Program Files\Microchip\xc8\v2.31\pic\sources\c99\common\flneg.c estimated size: 11

mcc_generated_files/fvr.c
		_FVR_Initialize		CODE           	19A1	0000	4

mcc_generated_files/fvr.c estimated size: 4

C:\Program Files\Microchip\xc8\v2.31\pic\sources\c99\common\putch.c
		_putch         		CODE           	0800	0000	1

C:\Program Files\Microchip\xc8\v2.31\pic\sources\c99\common\putch.c estimated size: 1

C:\Program Files\Microchip\xc8\v2.31\pic\sources\c99\common\nf_fputs.c
		_fputs         		CODE           	1B90	0000	41

C:\Program Files\Microchip\xc8\v2.31\pic\sources\c99\common\nf_fputs.c estimated size: 41

C:\Program Files\Microchip\xc8\v2.31\pic\sources\c99\common\xxtofl.c
		___xxtofl      		CODE           	1EA5	0000	172

C:\Program Files\Microchip\xc8\v2.31\pic\sources\c99\common\xxtofl.c estimated size: 172

C:\Program Files\Microchip\xc8\v2.31\pic\sources\c99\common\aomod.c
		___aomod       		CODE           	1035	0000	234

C:\Program Files\Microchip\xc8\v2.31\pic\sources\c99\common\aomod.c estimated size: 234

C:\Program Files\Microchip\xc8\v2.31\pic\sources\c99\common\atoi.c
		_atoi          		CODE           	1F51	0000	175

C:\Program Files\Microchip\xc8\v2.31\pic\sources\c99\common\atoi.c estimated size: 175

C:\Program Files\Microchip\xc8\v2.31\pic\sources\c99\common\fleq.c
		___fleq        		CODE           	1BF0	0000	78

C:\Program Files\Microchip\xc8\v2.31\pic\sources\c99\common\fleq.c estimated size: 78

C:\Program Files\Microchip\xc8\v2.31\pic\sources\c99\common\abs.c
		_abs           		CODE           	1A4D	0000	26

C:\Program Files\Microchip\xc8\v2.31\pic\sources\c99\common\abs.c estimated size: 26

C:\Program Files\Microchip\xc8\v2.31\pic\sources\c99\common\strlen.c
		_strlen        		CODE           	1A67	0000	26

C:\Program Files\Microchip\xc8\v2.31\pic\sources\c99\common\strlen.c estimated size: 26

C:\Program Files\Microchip\xc8\v2.31\pic\sources\c99\common\floorf.c
		_floorf        		CODE           	111F	0000	235

C:\Program Files\Microchip\xc8\v2.31\pic\sources\c99\common\floorf.c estimated size: 235

mcc_generated_files/pin_manager.c
		_PIN_MANAGER_Initialize		CODE           	1B47	0000	36

mcc_generated_files/pin_manager.c estimated size: 36

C:\Program Files\Microchip\xc8\v2.31\pic\sources\c99\common\strcpy.c
		_strcpy        		CODE           	1AE1	0000	33

C:\Program Files\Microchip\xc8\v2.31\pic\sources\c99\common\strcpy.c estimated size: 33

C:\Program Files\Microchip\xc8\v2.31\pic\sources\c99\common\awmod.c
		___awmod       		CODE           	1C3E	0000	83

C:\Program Files\Microchip\xc8\v2.31\pic\sources\c99\common\awmod.c estimated size: 83

mcc_generated_files/adc.c
		_ADC_Initialize		CODE           	19C3	0000	9
		_ADC_GetConversion		CODE           	1A05	0000	24
		_ADC_SelectChannel		CODE           	19E2	0000	13

mcc_generated_files/adc.c estimated size: 46

C:\Program Files\Microchip\xc8\v2.31\pic\sources\c99\common\Umul8_16.c
		__Umul8_16     		CODE           	1B24	0000	35

C:\Program Files\Microchip\xc8\v2.31\pic\sources\c99\common\Umul8_16.c estimated size: 35

C:\Program Files\Microchip\xc8\v2.31\pic\sources\c99\common\isupper.c
		_isupper       		CODE           	1A35	0000	24

C:\Program Files\Microchip\xc8\v2.31\pic\sources\c99\common\isupper.c estimated size: 24

C:\Program Files\Microchip\xc8\v2.31\pic\sources\c99\common\aodiv.c
		___aodiv       		CODE           	120A	0000	257

C:\Program Files\Microchip\xc8\v2.31\pic\sources\c99\common\aodiv.c estimated size: 257

C:\Program Files\Microchip\xc8\v2.31\pic\sources\c99\common\nf_fputc.c
		_fputc         		CODE           	1C91	0000	86

C:\Program Files\Microchip\xc8\v2.31\pic\sources\c99\common\nf_fputc.c estimated size: 86

shared
		__initialization		CODE           	07D7	0000	38
		_co2_table     		STRCODE        	1800	0000	206

shared estimated size: 244

mcc_generated_files/mcc.c
		_WDT_Initialize		CODE           	19A5	0000	4
		_PMD_Initialize		CODE           	19BB	0000	8
		_OSCILLATOR_Initialize		CODE           	1000	0000	9
		_SYSTEM_Initialize		CODE           	19EF	0000	22

mcc_generated_files/mcc.c estimated size: 43

C:\Program Files\Microchip\xc8\v2.31\pic\sources\c99\common\tolower.c
		_tolower       		CODE           	1B6B	0000	37

C:\Program Files\Microchip\xc8\v2.31\pic\sources\c99\common\tolower.c estimated size: 37

C:\Program Files\Microchip\xc8\v2.31\pic\sources\c99\common\sprcmul.c
		___flmul       		CODE           	0A2A	0000	599

C:\Program Files\Microchip\xc8\v2.31\pic\sources\c99\common\sprcmul.c estimated size: 599

C:\Program Files\Microchip\xc8\v2.31\pic\sources\c99\common\awdiv.c
		___awdiv       		CODE           	000F	0000	95

C:\Program Files\Microchip\xc8\v2.31\pic\sources\c99\common\awdiv.c estimated size: 95

C:\Program Files\Microchip\xc8\v2.31\pic\sources\c99\common\doprnt.c
		_vfpfcnvrt     		CODE           	0C81	0000	895
		_efgtoa        		CODE           	006E	0000	1897
		_pad           		CODE           	1CE7	0000	89
		_dtoa          		CODE           	1451	0000	368
		_vfprintf      		CODE           	1BB9	0000	55

C:\Program Files\Microchip\xc8\v2.31\pic\sources\c99\common\doprnt.c estimated size: 3304

C:\Program Files\Microchip\xc8\v2.31\pic\sources\c99\common\sprcdiv.c
		___fldiv       		CODE           	0876	0000	436

C:\Program Files\Microchip\xc8\v2.31\pic\sources\c99\common\sprcdiv.c estimated size: 436

C:\Program Files\Microchip\xc8\v2.31\pic\sources\c99\common\fltol.c
		___fltol       		CODE           	0801	0000	117

C:\Program Files\Microchip\xc8\v2.31\pic\sources\c99\common\fltol.c estimated size: 117

C:\Program Files\Microchip\xc8\v2.31\pic\sources\c99\common\nf_sprintf.c
		_sprintf       		CODE           	1009	0000	44

C:\Program Files\Microchip\xc8\v2.31\pic\sources\c99\common\nf_sprintf.c estimated size: 44

C:\Program Files\Microchip\xc8\v2.31\pic\sources\c99\common\__fpclassifyf.c
		___fpclassifyf 		CODE           	1D9B	0000	127

C:\Program Files\Microchip\xc8\v2.31\pic\sources\c99\common\__fpclassifyf.c estimated size: 127

C:\Program Files\Microchip\xc8\v2.31\pic\sources\c99\common\flge.c
		___flge        		CODE           	1E1A	0000	139

C:\Program Files\Microchip\xc8\v2.31\pic\sources\c99\common\flge.c estimated size: 139

C:\Program Files\Microchip\xc8\v2.31\pic\sources\c99\common\isspace.c
		_isspace       		CODE           	1AC0	0000	33

C:\Program Files\Microchip\xc8\v2.31\pic\sources\c99\common\isspace.c estimated size: 33

C:\Program Files\Microchip\xc8\v2.31\pic\sources\c99\common\Umul16.c
		___wmul        		CODE           	1A81	0000	31

C:\Program Files\Microchip\xc8\v2.31\pic\sources\c99\common\Umul16.c estimated size: 31

mcc_generated_files/eusart.c
		_EUSART_Write  		CODE           	19CC	0000	10
		_EUSART_Initialize		CODE           	1B02	0000	34
		_EUSART_SetFramingErrorHandler		CODE           	19AF	0000	6
		_EUSART_SetErrorHandler		CODE           	19A9	0000	6
		_EUSART_SetOverrunErrorHandler		CODE           	19B5	0000	6

mcc_generated_files/eusart.c estimated size: 62

main.c
		_main          		CODE           	130B	0000	326

main.c estimated size: 326

C:\Program Files\Microchip\xc8\v2.31\pic\sources\c99\common\strncmp.c
		_strncmp       		CODE           	1D40	0000	91

C:\Program Files\Microchip\xc8\v2.31\pic\sources\c99\common\strncmp.c estimated size: 91

