Microchip MPLAB XC8 Compiler V2.31

Linker command line:

-W-3 --edf=C:\Program Files\Microchip\xc8\v2.31\pic\dat\en_msgs.txt -cn \
  -h+dist/default/production\O2SENS.X.production.sym \
  --cmf=dist/default/production\O2SENS.X.production.cmf -z -w9 \
  --disl=596:off --norlf -Q16F18325 \
  -oC:\Users\ysuga\AppData\Local\Temp\ssf0.2 --defsym=__MPLAB_BUILD=1 \
  -Mdist/default/production/O2SENS.X.production.map -E1 -ver=XC8 Compiler \
  --acfsm=1493 -ACODE=00h-07FFhx4 -ASTRCODE=00h-01FFFh -ASTRING=00h-0FFhx32 \
  -ACONST=00h-0FFhx32 -AENTRY=00h-0FFhx32 -ACOMMON=070h-07Fh \
  -ABANK0=020h-06Fh -ABANK1=0A0h-0EFh -ABANK2=0120h-016Fh \
  -ABANK3=01A0h-01EFh -ABANK4=0220h-026Fh -ABANK5=02A0h-02EFh \
  -ABANK6=0320h-036Fh -ABANK7=03A0h-03EFh -ABANK8=0420h-046Fh \
  -ABANK9=04A0h-04EFh -ABANK10=0520h-056Fh -ABANK11=05A0h-05EFh \
  -ABANK12=0620h-064Fh -ABIGRAM=02000h-023EFh \
  -ARAM=020h-06Fh,0A0h-0EFh,0120h-016Fh,01A0h-01EFh,0220h-026Fh,02A0h-02EFh,0320h-036Fh,03A0h-03EFh,0420h-046Fh,04A0h-04EFh,0520h-056Fh,05A0h-05EFh,0620h-064Fh \
  -AABS1=020h-07Fh,0A0h-0EFh,0120h-016Fh,01A0h-01EFh,0220h-026Fh,02A0h-02EFh,0320h-036Fh,03A0h-03EFh,0420h-046Fh,04A0h-04EFh,0520h-056Fh,05A0h-05EFh,0620h-064Fh \
  -ASFR0=00h-01Fh -ASFR1=080h-09Fh -ASFR2=0100h-011Fh -ASFR3=0180h-019Fh \
  -ASFR4=0200h-021Fh -ASFR5=0280h-029Fh -ASFR6=0300h-031Fh \
  -ASFR7=0380h-039Fh -ASFR8=0400h-041Fh -ASFR9=0480h-049Fh \
  -ASFR10=0500h-051Fh -ASFR11=0580h-059Fh -ASFR12=0600h-061Fh \
  -ASFR13=0680h-06EFh -ASFR14=0700h-076Fh -ASFR15=0780h-07EFh \
  -ASFR16=0800h-086Fh -ASFR17=0880h-08EFh -ASFR18=0900h-096Fh \
  -ASFR19=0980h-09EFh -ASFR20=0A00h-0A6Fh -ASFR21=0A80h-0AEFh \
  -ASFR22=0B00h-0B6Fh -ASFR23=0B80h-0BEFh -ASFR24=0C00h-0C6Fh \
  -ASFR25=0C80h-0CEFh -ASFR26=0D00h-0D6Fh -ASFR27=0D80h-0DEFh \
  -ASFR28=0E00h-0E6Fh -ASFR29=0E80h-0EEFh -ASFR30=0F00h-0F6Fh \
  -ASFR31=0F80h-0FEFh -ACONFIG=08007h-0800Ah -DCONFIG=2 \
  -AIDLOC=08000h-08003h -DIDLOC=2 -AEEDATA=00h-0FFh/0F000h \
  -peeprom_data=EEDATA -DEEDATA=2 -DCODE=2 -DSTRCODE=2 -DSTRING=2 -DCONST=2 \
  -DENTRY=2 -preset_vec=00h,intentry,init,end_init -ppowerup=CODE \
  -pcinit=CODE -pfunctab=ENTRY -k C:\Users\ysuga\AppData\Local\Temp\ssf0.o \
  dist/default/production\O2SENS.X.production.o 

Object code version is 3.11

Machine type is 16F18325



                Name                               Link     Load   Length Selector   Space Scale
C:\Users\ysuga\AppData\Local\Temp\ssf0.o
                end_init                              2        2        3        0       0
                reset_vec                             0        0        2        0       0
                config                             8007     8007        4        0       4
dist/default/production\O2SENS.X.production.o
                cinit                               7D7      7D7       29      FAE       0
                config                             8007     8007        4        0       4
                text49                             1A33     1A33       1A     3466       0
                text48                             19E0     19E0        D     33C0       0
                text47                                5        5        A        0       0
                text46                             19B7     19B7        9     336E       0
                text45                             199D     199D        6     333A       0
                text44                             19A3     19A3        6     3346       0
                text43                             19A9     19A9        6     3352       0
                text42                             1B02     1B02       22     3604       0
                text41                             1995     1995        4     332A       0
                text40                             19C0     19C0        9     3380       0
                text39                             1B47     1B47       24     368E       0
                text38                             19AF     19AF        8     335E       0
                text37                             1999     1999        4     3332       0
                text36                             19ED     19ED       16     33DA       0
                text35                             1EA5     1EA5       AC     3D4A       0
                text34                             1A81     1A81       1F     3502       0
                text33                             1A03     1A03       18     3406       0
                text32                             1AC0     1AC0       21     3580       0
                text31                             1F51     1F51       AF     3EA2       0
                text30                             1202     1202      101     2404       0
                text29                             102D     102D       EA     205A       0
                text28                             1A4D     1A4D       1A     349A       0
                text27                              800      800        1      FAE       0
                text26                             1C91     1C91       56     3922       0
                text25                             1B90     1B90       29     3720       0
                text24                             1A67     1A67       1A     34CE       0
                text23                             1CE7     1CE7       59     39CE       0
                text22                             1451     1451      170     28A2       0
                text21                                F        F       5F       1E       0
                text20                             1C3E     1C3E       53     387C       0
                text19                              876      876      1B4     10EC       0
                text18                             1BF0     1BF0       4E     37E0       0
                text17                             1E1A     1E1A       8B     3C34       0
                text16                             1B24     1B24       23     3648       0
                text15                              A2A      A2A      257     1454       0
                text14                             19C9     19C9        B     3392       0
                text13                             15C1     15C1      23F     2B82       0
                text12                             1AA0     1AA0       20     3540       0
                text11                              801      801       75     1002       0
                text10                             1D9B     1D9B       7F     3B36       0
                text9                              1117     1117       EB     222E       0
                text8                              1AE1     1AE1       21     35C2       0
                text7                              1A1B     1A1B       18     3436       0
                text6                              1B6B     1B6B       25     36D6       0
                text5                                6E       6E      769       DC       0
                text4                              1D40     1D40       5B     3A80       0
                text3                               C81      C81      37F     1902       0
                text2                              1BB9     1BB9       37     3772       0
                text1                              1001     1001       2C     2002       0
                maintext                           1303     1303      14E     2606       0
                cstackBANK0                          20       20       50       20       1
                cstackCOMMON                         70       70        E       70       1
                cstackBANK1                          A0       A0       50       A0       1
                cstackBANK2                         120      120       4C      120       1
                clrtext                            19D4     19D4        C     33A8       0
                bssBANK4                            220      220       50      220       1
                bssBANK3                            1A0      1A0        F      1A0       1
                bssBANK2                            16C      16C        4      120       1
                stringtext7                        18EA     18EA        3     3000       0
                stringtext6                        18E6     18E6        4     3000       0
                stringtext5                        18E2     18E2        4     3000       0
                stringtext4                        18DE     18DE        4     3000       0
                stringtext3                        18DA     18DA        4     3000       0
                stringtext2                        18CE     18CE        C     3000       0
                nvBANK3                             1AF      1AF        6      1A0       1
                stringtext1                        1800     1800       CE     3000       0

TOTAL           Name                               Link     Load   Length     Space
        CLASS   CODE           
                end_init                              2        2        3         0
                cinit                               7D7      7D7       29         0
                reset_vec                             0        0        2         0
                text49                             1A33     1A33       1A         0
                text48                             19E0     19E0        D         0
                text47                                5        5        A         0
                text46                             19B7     19B7        9         0
                text45                             199D     199D        6         0
                text44                             19A3     19A3        6         0
                text43                             19A9     19A9        6         0
                text42                             1B02     1B02       22         0
                text41                             1995     1995        4         0
                text40                             19C0     19C0        9         0
                text39                             1B47     1B47       24         0
                text38                             19AF     19AF        8         0
                text37                             1999     1999        4         0
                text36                             19ED     19ED       16         0
                text35                             1EA5     1EA5       AC         0
                text34                             1A81     1A81       1F         0
                text33                             1A03     1A03       18         0
                text32                             1AC0     1AC0       21         0
                text31                             1F51     1F51       AF         0
                text30                             1202     1202      101         0
                text29                             102D     102D       EA         0
                text28                             1A4D     1A4D       1A         0
                text27                              800      800        1         0
                text26                             1C91     1C91       56         0
                text25                             1B90     1B90       29         0
                text24                             1A67     1A67       1A         0
                text23                             1CE7     1CE7       59         0
                text22                             1451     1451      170         0
                text21                                F        F       5F         0
                text20                             1C3E     1C3E       53         0
                text19                              876      876      1B4         0
                text18                             1BF0     1BF0       4E         0
                text17                             1E1A     1E1A       8B         0
                text16                             1B24     1B24       23         0
                text15                              A2A      A2A      257         0
                text14                             19C9     19C9        B         0
                text13                             15C1     15C1      23F         0
                text12                             1AA0     1AA0       20         0
                text11                              801      801       75         0
                text10                             1D9B     1D9B       7F         0
                text9                              1117     1117       EB         0
                text8                              1AE1     1AE1       21         0
                text7                              1A1B     1A1B       18         0
                text6                              1B6B     1B6B       25         0
                text5                                6E       6E      769         0
                text4                              1D40     1D40       5B         0
                text3                               C81      C81      37F         0
                text2                              1BB9     1BB9       37         0
                text1                              1001     1001       2C         0
                maintext                           1303     1303      14E         0
                clrtext                            19D4     19D4        C         0

        CLASS   STRCODE        
                stringtext7                        18EA     18EA        3         0
                stringtext6                        18E6     18E6        4         0
                stringtext5                        18E2     18E2        4         0
                stringtext4                        18DE     18DE        4         0
                stringtext3                        18DA     18DA        4         0
                stringtext2                        18CE     18CE        C         0
                stringtext1                        1800     1800       CE         0

        CLASS   STRING         

        CLASS   CONST          

        CLASS   ENTRY          

        CLASS   COMMON         
                cstackCOMMON                         70       70        E         1

        CLASS   BANK0          
                cstackBANK0                          20       20       50         1

        CLASS   BANK1          
                cstackBANK1                          A0       A0       50         1

        CLASS   BANK2          
                cstackBANK2                         120      120       4C         1
                bssBANK2                            16C      16C        4         1

        CLASS   BANK3          
                bssBANK3                            1A0      1A0        F         1
                nvBANK3                             1AF      1AF        6         1

        CLASS   BANK4          
                bssBANK4                            220      220       50         1

        CLASS   BANK5          

        CLASS   BANK6          

        CLASS   BANK7          

        CLASS   BANK8          

        CLASS   BANK9          

        CLASS   BANK10         

        CLASS   BANK11         

        CLASS   BANK12         

        CLASS   BIGRAM         

        CLASS   RAM            

        CLASS   ABS1           
                abs_s1                               7E       7E        2         1
                abs_s1                              4EC      4EC        4         1
                abs_s1                              520      520       50         1
                abs_s1                              5A0      5A0       50         1
                abs_s1                              620      620       30         1
                abs_s1                             231C     231C        0         1

        CLASS   SFR0           

        CLASS   SFR1           

        CLASS   SFR2           

        CLASS   SFR3           

        CLASS   SFR4           

        CLASS   SFR5           

        CLASS   SFR6           

        CLASS   SFR7           

        CLASS   SFR8           

        CLASS   SFR9           

        CLASS   SFR10          

        CLASS   SFR11          

        CLASS   SFR12          

        CLASS   SFR13          

        CLASS   SFR14          

        CLASS   SFR15          

        CLASS   SFR16          

        CLASS   SFR17          

        CLASS   SFR18          

        CLASS   SFR19          

        CLASS   SFR20          

        CLASS   SFR21          

        CLASS   SFR22          

        CLASS   SFR23          

        CLASS   SFR24          

        CLASS   SFR25          

        CLASS   SFR26          

        CLASS   SFR27          

        CLASS   SFR28          

        CLASS   SFR29          

        CLASS   SFR30          

        CLASS   SFR31          

        CLASS   CONFIG         
                config                             8007     8007        4         4

        CLASS   IDLOC          

        CLASS   EEDATA         

        CLASS   BANK31         

        CLASS   BANK30         

        CLASS   BANK29         

        CLASS   BANK28         

        CLASS   BANK27         

        CLASS   BANK26         

        CLASS   BANK25         

        CLASS   BANK24         

        CLASS   BANK23         

        CLASS   BANK22         

        CLASS   BANK21         

        CLASS   BANK20         

        CLASS   BANK19         

        CLASS   BANK18         

        CLASS   BANK17         

        CLASS   BANK16         

        CLASS   BANK15         

        CLASS   BANK14         

        CLASS   BANK13         

        CLASS   STACK          



SEGMENTS        Name                           Load    Length   Top    Selector   Space  Class     Delta

                reset_vec                      000000  00000F  00000F         0       0  CODE        2
                text21                         00000F  00005F  00006E        1E       0  CODE        2
                cstackBANK0                    000020  000050  000070        20       1  BANK0       1
                cstackCOMMON                   000070  00000E  00007E        70       1  COMMON      1
                cstackBANK1                    0000A0  000050  0000F0        A0       1  BANK1       1
                text5                          00006E  000769  0007D7        DC       0  CODE        2
                cstackBANK2                    000120  000050  000170       120       1  BANK2       1
                bssBANK3                       0001A0  000015  0001B5       1A0       1  BANK3       1
                bssBANK4                       000220  000050  000270       220       1  BANK4       1
                cinit                          0007D7  00002A  000801       FAE       0  CODE        2
                text11                         000801  000075  000876      1002       0  CODE        2
                text19                         000876  0001B4  000A2A      10EC       0  CODE        2
                text15                         000A2A  000257  000C81      1454       0  CODE        2
                text3                          000C81  00037F  001000      1902       0  CODE        2
                text1                          001001  00002C  00102D      2002       0  CODE        2
                text29                         00102D  0000EA  001117      205A       0  CODE        2
                text9                          001117  0000EB  001202      222E       0  CODE        2
                text30                         001202  000101  001303      2404       0  CODE        2
                maintext                       001303  00014E  001451      2606       0  CODE        2
                text22                         001451  000170  0015C1      28A2       0  CODE        2
                text13                         0015C1  00023F  001800      2B82       0  CODE        2
                stringtext1                    001800  0000ED  0018ED      3000       0  STRCODE     2
                text41                         001995  000004  001999      332A       0  CODE        2
                text37                         001999  000004  00199D      3332       0  CODE        2
                text45                         00199D  000006  0019A3      333A       0  CODE        2
                text44                         0019A3  000006  0019A9      3346       0  CODE        2
                text43                         0019A9  000006  0019AF      3352       0  CODE        2
                text38                         0019AF  000008  0019B7      335E       0  CODE        2
                text46                         0019B7  000009  0019C0      336E       0  CODE        2
                text40                         0019C0  000009  0019C9      3380       0  CODE        2
                text14                         0019C9  00000B  0019D4      3392       0  CODE        2
                clrtext                        0019D4  00000C  0019E0      33A8       0  CODE        2
                text48                         0019E0  00000D  0019ED      33C0       0  CODE        2
                text36                         0019ED  000016  001A03      33DA       0  CODE        2
                text33                         001A03  000018  001A1B      3406       0  CODE        2
                text7                          001A1B  000018  001A33      3436       0  CODE        2
                text49                         001A33  00001A  001A4D      3466       0  CODE        2
                text28                         001A4D  00001A  001A67      349A       0  CODE        2
                text24                         001A67  00001A  001A81      34CE       0  CODE        2
                text34                         001A81  00001F  001AA0      3502       0  CODE        2
                text12                         001AA0  000020  001AC0      3540       0  CODE        2
                text32                         001AC0  000021  001AE1      3580       0  CODE        2
                text8                          001AE1  000021  001B02      35C2       0  CODE        2
                text42                         001B02  000022  001B24      3604       0  CODE        2
                text16                         001B24  000023  001B47      3648       0  CODE        2
                text39                         001B47  000024  001B6B      368E       0  CODE        2
                text6                          001B6B  000025  001B90      36D6       0  CODE        2
                text25                         001B90  000029  001BB9      3720       0  CODE        2
                text2                          001BB9  000037  001BF0      3772       0  CODE        2
                text18                         001BF0  00004E  001C3E      37E0       0  CODE        2
                text20                         001C3E  000053  001C91      387C       0  CODE        2
                text26                         001C91  000056  001CE7      3922       0  CODE        2
                text23                         001CE7  000059  001D40      39CE       0  CODE        2
                text4                          001D40  00005B  001D9B      3A80       0  CODE        2
                text10                         001D9B  00007F  001E1A      3B36       0  CODE        2
                text17                         001E1A  00008B  001EA5      3C34       0  CODE        2
                text35                         001EA5  0000AC  001F51      3D4A       0  CODE        2
                text31                         001F51  0000AF  002000      3EA2       0  CODE        2


UNUSED ADDRESS RANGES

        Name                Unused          Largest block    Delta
        BANK3            001B5-001EF              3B           1
        BANK5            002A0-002EF              50           1
        BANK6            00320-0036F              50           1
        BANK7            003A0-003EF              50           1
        BANK8            00420-0046F              50           1
        BANK9            004A0-004EB              4C           1
        BIGRAM           02000-023EF             3F0           1
        CODE             01000-01000               1           2
                         018ED-01994              A8
        CONST            01000-01000               1           2
                         018ED-01994              13
        EEDATA           0F000-0F0FF             100           2
        ENTRY            01000-01000               1           2
                         018ED-01994              13
        IDLOC            08000-08003               4           2
        RAM              001B5-001EF              3B           1
                         002A0-002EF              50
                         00320-0036F              50
                         003A0-003EF              50
                         00420-0046F              50
                         004A0-004EB              4C
        SFR0             00000-0001F              20           1
        SFR1             00080-0009F              20           1
        SFR10            00500-0051F              20           1
        SFR11            00580-0059F              20           1
        SFR12            00600-0061F              20           1
        SFR13            00680-006EF              70           1
        SFR14            00700-0076F              70           1
        SFR15            00780-007EF              70           1
        SFR16            00800-0086F              70           1
        SFR17            00880-008EF              70           1
        SFR18            00900-0096F              70           1
        SFR19            00980-009EF              70           1
        SFR2             00100-0011F              20           1
        SFR20            00A00-00A6F              70           1
        SFR21            00A80-00AEF              70           1
        SFR22            00B00-00B6F              70           1
        SFR23            00B80-00BEF              70           1
        SFR24            00C00-00C6F              70           1
        SFR25            00C80-00CEF              70           1
        SFR26            00D00-00D6F              70           1
        SFR27            00D80-00DEF              70           1
        SFR28            00E00-00E6F              70           1
        SFR29            00E80-00EEF              70           1
        SFR3             00180-0019F              20           1
        SFR30            00F00-00F6F              70           1
        SFR31            00F80-00FEF              70           1
        SFR4             00200-0021F              20           1
        SFR5             00280-0029F              20           1
        SFR6             00300-0031F              20           1
        SFR7             00380-0039F              20           1
        SFR8             00400-0041F              20           1
        SFR9             00480-0049F              20           1
        STRCODE          01000-01000               1           2
                         018ED-01994              A8
        STRING           01000-01000               1           2
                         018ED-01994              13

                                  Symbol Table

_EUSART_DefaultErrorHandler                    (abs)        00000
_EUSART_DefaultFramingErrorHandler             (abs)        00000
_EUSART_DefaultOverrunErrorHandler             (abs)        00000
_INTERRUPT_GlobalInterruptEnable                                 
_INTERRUPT_PeripheralInterruptEnable                             
__Habs1                                        abs1         00000
__Hbank0                                       bank0        00000
__Hbank1                                       bank1        00000
__Hbank10                                      bank10       00000
__Hbank11                                      bank11       00000
__Hbank12                                      bank12       00000
__Hbank13                                      bank13       00000
__Hbank14                                      bank14       00000
__Hbank15                                      bank15       00000
__Hbank16                                      bank16       00000
__Hbank17                                      bank17       00000
__Hbank18                                      bank18       00000
__Hbank19                                      bank19       00000
__Hbank2                                       bank2        00000
__Hbank20                                      bank20       00000
__Hbank21                                      bank21       00000
__Hbank22                                      bank22       00000
__Hbank23                                      bank23       00000
__Hbank24                                      bank24       00000
__Hbank25                                      bank25       00000
__Hbank26                                      bank26       00000
__Hbank27                                      bank27       00000
__Hbank28                                      bank28       00000
__Hbank29                                      bank29       00000
__Hbank3                                       bank3        00000
__Hbank30                                      bank30       00000
__Hbank31                                      bank31       00000
__Hbank4                                       bank4        00000
__Hbank5                                       bank5        00000
__Hbank6                                       bank6        00000
__Hbank7                                       bank7        00000
__Hbank8                                       bank8        00000
__Hbank9                                       bank9        00000
__Hbigram                                      bigram       00000
__HbssBANK2                                    bssBANK2     00000
__HbssBANK3                                    bssBANK3     00000
__HbssBANK4                                    bssBANK4     00000
__Hclrtext                                     clrtext      00000
__Hcode                                        code         00000
__Hcommon                                      common       00000
__HcstackBANK0                                 cstackBANK0  00000
__HcstackBANK1                                 cstackBANK1  00000
__HcstackBANK2                                 cstackBANK2  00000
__HcstackCOMMON                                cstackCOMMON 00000
__Heeprom_data                                 eeprom_data  00000
__Hfunctab                                     functab      00000
__Hmaintext                                    maintext     00000
__HnvBANK3                                     nvBANK3      00000
__Hpowerup                                     powerup      00000
__Hram                                         ram          00000
__Hsfr0                                        sfr0         00000
__Hsfr1                                        sfr1         00000
__Hsfr10                                       sfr10        00000
__Hsfr11                                       sfr11        00000
__Hsfr12                                       sfr12        00000
__Hsfr13                                       sfr13        00000
__Hsfr14                                       sfr14        00000
__Hsfr15                                       sfr15        00000
__Hsfr16                                       sfr16        00000
__Hsfr17                                       sfr17        00000
__Hsfr18                                       sfr18        00000
__Hsfr19                                       sfr19        00000
__Hsfr2                                        sfr2         00000
__Hsfr20                                       sfr20        00000
__Hsfr21                                       sfr21        00000
__Hsfr22                                       sfr22        00000
__Hsfr23                                       sfr23        00000
__Hsfr24                                       sfr24        00000
__Hsfr25                                       sfr25        00000
__Hsfr26                                       sfr26        00000
__Hsfr27                                       sfr27        00000
__Hsfr28                                       sfr28        00000
__Hsfr29                                       sfr29        00000
__Hsfr3                                        sfr3         00000
__Hsfr30                                       sfr30        00000
__Hsfr31                                       sfr31        00000
__Hsfr4                                        sfr4         00000
__Hsfr5                                        sfr5         00000
__Hsfr6                                        sfr6         00000
__Hsfr7                                        sfr7         00000
__Hsfr8                                        sfr8         00000
__Hsfr9                                        sfr9         00000
__Hspace_2                                     (abs)        00000
__Hspace_3                                     (abs)        00000
__Hstack                                       stack        00000
__Hstrings                                     strings      00000
__Hstringtext1                                 stringtext1  00000
__Hstringtext2                                 stringtext2  00000
__Hstringtext3                                 stringtext3  00000
__Hstringtext4                                 stringtext4  00000
__Hstringtext5                                 stringtext5  00000
__Hstringtext6                                 stringtext6  00000
__Hstringtext7                                 stringtext7  00000
__Hstringtext8                                 stringtext8  00000
__Htext                                        text         00000
__Labs1                                        abs1         00000
__Lbank0                                       bank0        00000
__Lbank1                                       bank1        00000
__Lbank10                                      bank10       00000
__Lbank11                                      bank11       00000
__Lbank12                                      bank12       00000
__Lbank13                                      bank13       00000
__Lbank14                                      bank14       00000
__Lbank15                                      bank15       00000
__Lbank16                                      bank16       00000
__Lbank17                                      bank17       00000
__Lbank18                                      bank18       00000
__Lbank19                                      bank19       00000
__Lbank2                                       bank2        00000
__Lbank20                                      bank20       00000
__Lbank21                                      bank21       00000
__Lbank22                                      bank22       00000
__Lbank23                                      bank23       00000
__Lbank24                                      bank24       00000
__Lbank25                                      bank25       00000
__Lbank26                                      bank26       00000
__Lbank27                                      bank27       00000
__Lbank28                                      bank28       00000
__Lbank29                                      bank29       00000
__Lbank3                                       bank3        00000
__Lbank30                                      bank30       00000
__Lbank31                                      bank31       00000
__Lbank4                                       bank4        00000
__Lbank5                                       bank5        00000
__Lbank6                                       bank6        00000
__Lbank7                                       bank7        00000
__Lbank8                                       bank8        00000
__Lbank9                                       bank9        00000
__Lbigram                                      bigram       00000
__LbssBANK2                                    bssBANK2     00000
__LbssBANK3                                    bssBANK3     00000
__LbssBANK4                                    bssBANK4     00000
__Lclrtext                                     clrtext      00000
__Lcode                                        code         00000
__Lcommon                                      common       00000
__Lconfig                                      config       00000
__LcstackBANK0                                 cstackBANK0  00000
__LcstackBANK1                                 cstackBANK1  00000
__LcstackBANK2                                 cstackBANK2  00000
__LcstackCOMMON                                cstackCOMMON 00000
__Leeprom_data                                 eeprom_data  00000
__Lfunctab                                     functab      00000
__Lmaintext                                    maintext     00000
__LnvBANK3                                     nvBANK3      00000
__Lpowerup                                     powerup      00000
__Lram                                         ram          00000
__Lreset_vec                                   reset_vec    00000
__Lsfr0                                        sfr0         00000
__Lsfr1                                        sfr1         00000
__Lsfr10                                       sfr10        00000
__Lsfr11                                       sfr11        00000
__Lsfr12                                       sfr12        00000
__Lsfr13                                       sfr13        00000
__Lsfr14                                       sfr14        00000
__Lsfr15                                       sfr15        00000
__Lsfr16                                       sfr16        00000
__Lsfr17                                       sfr17        00000
__Lsfr18                                       sfr18        00000
__Lsfr19                                       sfr19        00000
__Lsfr2                                        sfr2         00000
__Lsfr20                                       sfr20        00000
__Lsfr21                                       sfr21        00000
__Lsfr22                                       sfr22        00000
__Lsfr23                                       sfr23        00000
__Lsfr24                                       sfr24        00000
__Lsfr25                                       sfr25        00000
__Lsfr26                                       sfr26        00000
__Lsfr27                                       sfr27        00000
__Lsfr28                                       sfr28        00000
__Lsfr29                                       sfr29        00000
__Lsfr3                                        sfr3         00000
__Lsfr30                                       sfr30        00000
__Lsfr31                                       sfr31        00000
__Lsfr4                                        sfr4         00000
__Lsfr5                                        sfr5         00000
__Lsfr6                                        sfr6         00000
__Lsfr7                                        sfr7         00000
__Lsfr8                                        sfr8         00000
__Lsfr9                                        sfr9         00000
__Lspace_0                                     (abs)        00000
__Lspace_1                                     (abs)        00000
__Lspace_2                                     (abs)        00000
__Lspace_3                                     (abs)        00000
__Lspace_4                                     (abs)        00000
__Lstack                                       stack        00000
__Lstrings                                     strings      00000
__Lstringtext1                                 stringtext1  00000
__Lstringtext2                                 stringtext2  00000
__Lstringtext3                                 stringtext3  00000
__Lstringtext4                                 stringtext4  00000
__Lstringtext5                                 stringtext5  00000
__Lstringtext6                                 stringtext6  00000
__Lstringtext7                                 stringtext7  00000
__Lstringtext8                                 stringtext8  00000
__Ltext                                        text         00000
__S3                                           (abs)        00000
___int_sp                                      stack        00000
___sp                                          stack        00000
___stackhi                                     (abs)        00000
___stacklo                                     (abs)        00000
__pstringtext8                                 stringtext8  00000
__size_of_ADC_GetConversion                    (abs)        00000
__size_of_ADC_Initialize                       (abs)        00000
__size_of_ADC_SelectChannel                    (abs)        00000
__size_of_EUSART_Initialize                    (abs)        00000
__size_of_EUSART_SetErrorHandler               (abs)        00000
__size_of_EUSART_SetFramingErrorHandler        (abs)        00000
__size_of_EUSART_SetOverrunErrorHandler        (abs)        00000
__size_of_EUSART_Write                         (abs)        00000
__size_of_FVR_Initialize                       (abs)        00000
__size_of_OSCILLATOR_Initialize                (abs)        00000
__size_of_PIN_MANAGER_Initialize               (abs)        00000
__size_of_PMD_Initialize                       (abs)        00000
__size_of_SYSTEM_Initialize                    (abs)        00000
__size_of_WDT_Initialize                       (abs)        00000
__size_of__Umul8_16                            (abs)        00000
__size_of___aodiv                              (abs)        00000
__size_of___aomod                              (abs)        00000
__size_of___awdiv                              (abs)        00000
__size_of___awmod                              (abs)        00000
__size_of___fladd                              (abs)        00000
__size_of___fldiv                              (abs)        00000
__size_of___fleq                               (abs)        00000
__size_of___flge                               (abs)        00000
__size_of___flmul                              (abs)        00000
__size_of___flneg                              (abs)        00000
__size_of___flsub                              (abs)        00000
__size_of___fltol                              (abs)        00000
__size_of___fpclassifyf                        (abs)        00000
__size_of___wmul                               (abs)        00000
__size_of___xxtofl                             (abs)        00000
__size_of_abs                                  (abs)        00000
__size_of_atoi                                 (abs)        00000
__size_of_dtoa                                 (abs)        00000
__size_of_efgtoa                               (abs)        00000
__size_of_floorf                               (abs)        00000
__size_of_fputc                                (abs)        00000
__size_of_fputs                                (abs)        00000
__size_of_isdigit                              (abs)        00000
__size_of_isspace                              (abs)        00000
__size_of_isupper                              (abs)        00000
__size_of_main                                 (abs)        00000
__size_of_pad                                  (abs)        00000
__size_of_putch                                (abs)        00000
__size_of_sprintf                              (abs)        00000
__size_of_strcpy                               (abs)        00000
__size_of_strlen                               (abs)        00000
__size_of_strncmp                              (abs)        00000
__size_of_tolower                              (abs)        00000
__size_of_vfpfcnvrt                            (abs)        00000
__size_of_vfprintf                             (abs)        00000
intlevel0                                      functab      00000
intlevel1                                      functab      00000
intlevel2                                      functab      00000
intlevel3                                      functab      00000
intlevel4                                      functab      00000
intlevel5                                      functab      00000
reset_vec                                      reset_vec    00000
___latbits                                     (abs)        00002
__Hinit                                        init         00002
__Hintentry                                    intentry     00002
__Hreset_vec                                   reset_vec    00002
__Lend_init                                    end_init     00002
__Linit                                        init         00002
__Lintentry                                    intentry     00002
start                                          init         00002
_EUSART_Write                                  text47       00005
__Hend_init                                    end_init     00005
__ptext47                                      text47       00005
_PIR1bits                                      (abs)        00011
___awdiv                                       text21       0000F
__end_of_EUSART_Write                          text47       0000F
__ptext21                                      text21       0000F
?___aodiv                                      cstackBANK0  00020
?___aomod                                      cstackBANK0  00020
___aodiv@divisor                               cstackBANK0  00020
___aomod@divisor                               cstackBANK0  00020
___fpclassifyf@e                               cstackBANK0  00020
__pcstackBANK0                                 cstackBANK0  00020
atoi@neg                                       cstackBANK0  00020
fputs@c                                        cstackBANK0  00020
fputs@i                                        cstackBANK0  00021
___fpclassifyf@u                               cstackBANK0  00022
_atoi$1076                                     cstackBANK0  00022
fputs@s                                        cstackBANK0  00023
?_pad                                          cstackBANK0  00024
_atoi$1078                                     cstackBANK0  00024
pad@buf                                        cstackBANK0  00024
pad@p                                          cstackBANK0  00025
_atoi$1077                                     cstackBANK0  00026
atoi@n                                         cstackBANK0  00027
pad@i                                          cstackBANK0  00027
?___flsub                                      cstackBANK0  00028
___aodiv@dividend                              cstackBANK0  00028
___aomod@dividend                              cstackBANK0  00028
___flsub@a                                     cstackBANK0  00028
pad@w                                          cstackBANK0  00029
pad@fp                                         cstackBANK0  0002B
___flsub@b                                     cstackBANK0  0002C
?___fldiv                                      cstackBANK0  00030
?_dtoa                                         cstackBANK0  00030
___fldiv@a                                     cstackBANK0  00030
dtoa@d                                         cstackBANK0  00030
___fldiv@b                                     cstackBANK0  00034
_dtoa$985                                      cstackBANK0  0003B
___fldiv@rem                                   cstackBANK0  0003D
dtoa@fp                                        cstackBANK0  0003D
dtoa@p                                         cstackBANK0  0003E
dtoa@w                                         cstackBANK0  00040
___fldiv@sign                                  cstackBANK0  00041
___fldiv@new_exp                               cstackBANK0  00042
dtoa@s                                         cstackBANK0  00042
___fldiv@grs                                   cstackBANK0  00044
dtoa@n                                         cstackBANK0  00044
___fldiv@bexp                                  cstackBANK0  00048
___fldiv@aexp                                  cstackBANK0  00049
?___flmul                                      cstackBANK0  0004A
?___fltol                                      cstackBANK0  0004A
?_floorf                                       cstackBANK0  0004A
___flmul@b                                     cstackBANK0  0004A
___fltol@f1                                    cstackBANK0  0004A
floorf@x                                       cstackBANK0  0004A
dtoa@i                                         cstackBANK0  0004C
___flmul@a                                     cstackBANK0  0004E
floorf@m                                       cstackBANK0  00054
___flmul@sign                                  cstackBANK0  00057
___flmul@grs                                   cstackBANK0  00058
floorf@e                                       cstackBANK0  00058
floorf@u                                       cstackBANK0  0005A
___flmul@aexp                                  cstackBANK0  0005C
___flmul@bexp                                  cstackBANK0  0005D
___flmul@prod                                  cstackBANK0  0005E
___flmul@temp                                  cstackBANK0  00062
___flge@ff1                                    cstackBANK0  00064
___flge@ff2                                    cstackBANK0  00068
?_ADC_GetConversion                            cstackCOMMON 00070
?__Umul8_16                                    cstackCOMMON 00070
?___awdiv                                      cstackCOMMON 00070
?___awmod                                      cstackCOMMON 00070
?___fladd                                      cstackCOMMON 00070
?___flneg                                      cstackCOMMON 00070
?___fpclassifyf                                cstackCOMMON 00070
?___wmul                                       cstackCOMMON 00070
?___xxtofl                                     cstackCOMMON 00070
?_isdigit                                      cstackCOMMON 00070
?_isspace                                      cstackCOMMON 00070
?_isupper                                      cstackCOMMON 00070
?_strlen                                       cstackCOMMON 00070
?_strncmp                                      cstackCOMMON 00070
EUSART_SetErrorHandler@interruptHandler        cstackCOMMON 00070
EUSART_SetFramingErrorHandler@interruptHandler cstackCOMMON 00070
EUSART_SetOverrunErrorHandler@interruptHandler cstackCOMMON 00070
EUSART_Write@txData                            cstackCOMMON 00070
__Umul8_16@multiplicand                        cstackCOMMON 00070
___awdiv@divisor                               cstackCOMMON 00070
___awmod@divisor                               cstackCOMMON 00070
___fladd@b                                     cstackCOMMON 00070
___fleq@ff1                                    cstackCOMMON 00070
___flneg@f1                                    cstackCOMMON 00070
___fpclassifyf@x                               cstackCOMMON 00070
___wmul@multiplier                             cstackCOMMON 00070
___xxtofl@val                                  cstackCOMMON 00070
__pcstackCOMMON                                cstackCOMMON 00070
fputc@c                                        cstackCOMMON 00070
isdigit@c                                      cstackCOMMON 00070
isspace@c                                      cstackCOMMON 00070
isupper@c                                      cstackCOMMON 00070
strcpy@src                                     cstackCOMMON 00070
strncmp@_r                                     cstackCOMMON 00070
ADC_SelectChannel@channel                      cstackCOMMON 00071
___aodiv@counter                               cstackCOMMON 00071
___aomod@counter                               cstackCOMMON 00071
___aodiv@sign                                  cstackCOMMON 00072
___aomod@sign                                  cstackCOMMON 00072
___awdiv@dividend                              cstackCOMMON 00072
___awmod@dividend                              cstackCOMMON 00072
___wmul@multiplicand                           cstackCOMMON 00072
fputc@fp                                       cstackCOMMON 00072
strncmp@n                                      cstackCOMMON 00072
?_abs                                          cstackCOMMON 00073
ADC_GetConversion@channel                      cstackCOMMON 00073
___aodiv@quotient                              cstackCOMMON 00073
abs@a                                          cstackCOMMON 00073
__Umul8_16@product                             cstackCOMMON 00074
___fladd@a                                     cstackCOMMON 00074
___fleq@ff2                                    cstackCOMMON 00074
___wmul@product                                cstackCOMMON 00074
_isspace$1107                                  cstackCOMMON 00074
___awdiv@counter                               cstackCOMMON 00075
___awmod@counter                               cstackCOMMON 00075
?_atoi                                         cstackCOMMON 00076
?_tolower                                      cstackCOMMON 00076
__Umul8_16@word_mpld                           cstackCOMMON 00076
___awdiv@sign                                  cstackCOMMON 00076
___awmod@sign                                  cstackCOMMON 00076
atoi@s                                         cstackCOMMON 00076
___awdiv@quotient                              cstackCOMMON 00077
__Umul8_16@multiplier                          cstackCOMMON 00078
___fladd@signs                                 cstackCOMMON 00078
___xxtofl@sign                                 cstackCOMMON 00078
___fladd@aexp                                  cstackCOMMON 00079
___xxtofl@exp                                  cstackCOMMON 00079
___fladd@bexp                                  cstackCOMMON 0007A
___xxtofl@arg                                  cstackCOMMON 0007A
___fladd@grs                                   cstackCOMMON 0007B
___fltol@sign1                                 cstackCOMMON 0007C
_tolower$1171                                  cstackCOMMON 0007C
___fltol@exp1                                  cstackCOMMON 0007D
_TRISA                                         (abs)        0008C
_TRISC                                         (abs)        0008E
_WDTCON                                        (abs)        00097
_ADRESL                                        (abs)        0009B
_ADRESH                                        (abs)        0009C
_ADCON0                                        (abs)        0009D
_ADCON0bits                                    (abs)        0009D
_ADCON1                                        (abs)        0009E
_ADACT                                         (abs)        0009F
?_efgtoa                                       cstackBANK1  000A0
__pcstackBANK1                                 cstackBANK1  000A0
_efgtoa$1009                                   cstackBANK1  000A9
_efgtoa$1010                                   cstackBANK1  000AB
_efgtoa$1014                                   cstackBANK1  000AD
_efgtoa$1018                                   cstackBANK1  000AF
_efgtoa$1019                                   cstackBANK1  000B1
_efgtoa$1020                                   cstackBANK1  000B3
btemp                                          (abs)        0007E
strlen@a                                       cstackCOMMON 00073
strcpy@s                                       cstackCOMMON 00074
strlen@s                                       cstackCOMMON 00074
strncmp@_l                                     cstackCOMMON 00075
strcpy@d                                       cstackCOMMON 00076
strncmp@r                                      cstackCOMMON 00076
tolower@c                                      cstackCOMMON 00076
strcpy@dest                                    cstackCOMMON 00077
fputs@fp                                       cstackCOMMON 00078
strncmp@l                                      cstackCOMMON 00078
wtemp0                                         (abs)        0007E
efgtoa@f                                       cstackBANK1  000A0
efgtoa@c                                       cstackBANK1  000A4
efgtoa@t                                       cstackBANK1  000B5
efgtoa@pp                                      cstackBANK1  000B7
efgtoa@ne                                      cstackBANK1  000B9
efgtoa@m                                       cstackBANK1  000BB
efgtoa@ou                                      cstackBANK1  000BD
efgtoa@d                                       cstackBANK1  000C1
efgtoa@sign                                    cstackBANK1  000C3
efgtoa@fp                                      cstackBANK1  000C5
efgtoa@p                                       cstackBANK1  000C6
efgtoa@w                                       cstackBANK1  000C8
efgtoa@nmode                                   cstackBANK1  000CA
efgtoa@mode                                    cstackBANK1  000CB
efgtoa@h                                       cstackBANK1  000CC
efgtoa@l                                       cstackBANK1  000D0
efgtoa@i                                       cstackBANK1  000D4
efgtoa@g                                       cstackBANK1  000D6
efgtoa@e                                       cstackBANK1  000DA
__end_of___awdiv                               text21       0006E
__ptext5                                       text5        0006E
_efgtoa                                        text5        0006E
efgtoa@n                                       cstackBANK1  000DC
efgtoa@u                                       cstackBANK1  000DE
?_vfpfcnvrt                                    cstackBANK1  000E2
?_vfprintf                                     cstackBANK1  000EA
_LATA                                          (abs)        0010C
_LATC                                          (abs)        0010E
_FVRCON                                        (abs)        00117
_FVRCONbits                                    (abs)        00117
__pcstackBANK2                                 cstackBANK2  00120
_vfpfcnvrt$1034                                cstackBANK2  00128
_vfpfcnvrt$1035                                cstackBANK2  0012A
_vfpfcnvrt$1040                                cstackBANK2  0012C
?_sprintf                                      cstackBANK2  0013A
main@s                                         cstackBANK2  0014D
main@fco2                                      cstackBANK2  00161
main@fvr20                                     cstackBANK2  00165
main@p                                         cstackBANK2  00169
main@n                                         cstackBANK2  0016A
__pbssBANK2                                    bssBANK2     0016C
_prec                                          bssBANK2     0016C
_flags                                         bssBANK2     0016E
_ANSELA                                        (abs)        0018C
_ANSELC                                        (abs)        0018E
_RC1REG                                        (abs)        00199
_TX1REG                                        (abs)        0019A
_SP1BRGL                                       (abs)        0019B
_SP1BRGH                                       (abs)        0019C
_RC1STA                                        (abs)        0019D
_RC1STAbits                                    (abs)        0019D
_TX1STA                                        (abs)        0019E
_TX1STAbits                                    (abs)        0019E
_BAUD1CON                                      (abs)        0019F
__pbssBANK3                                    bssBANK3     001A0
floorf@F527                                    bssBANK3     001A0
___fpclassifyf@F465                            bssBANK3     001A4
_nout                                          bssBANK3     001A8
_width                                         bssBANK3     001AA
_eusartRxLastError                             bssBANK3     001AE
_EUSART_ErrorHandler                           nvBANK3      001AF
__pnvBANK3                                     nvBANK3      001AF
_EUSART_OverrunErrorHandler                    nvBANK3      001B1
_EUSART_FramingErrorHandler                    nvBANK3      001B3
_WPUA                                          (abs)        0020C
_WPUC                                          (abs)        0020E
__pbssBANK4                                    bssBANK4     00220
_dbuf                                          bssBANK4     00220
__Hspace_1                                     (abs)        00270
__S1                                           (abs)        00270
_ODCONA                                        (abs)        0028C
_ODCONC                                        (abs)        0028E
_SLRCONA                                       (abs)        0030C
_SLRCONC                                       (abs)        0030E
_INLVLA                                        (abs)        0038C
_INLVLC                                        (abs)        0038E
_PMD0                                          (abs)        00911
_PMD1                                          (abs)        00912
_PMD2                                          (abs)        00913
_PMD3                                          (abs)        00914
_PMD4                                          (abs)        00915
_PMD5                                          (abs)        00916
_OSCCON1                                       (abs)        00919
_OSCCON3                                       (abs)        0091B
_OSCEN                                         (abs)        0091D
_OSCTUNE                                       (abs)        0091E
_OSCFRQ                                        (abs)        0091F
_RXPPS                                         (abs)        00E24
_RC4PPS                                        (abs)        00EA4
__Lcinit                                       cinit        007D7
__end_of_efgtoa                                text5        007D7
__initialization                               cinit        007D7
__end_of__initialization                       cinit        007FD
end_of_initialization                          cinit        007FD
__Hcinit                                       cinit        00800
__ptext27                                      text27       00800
_putch                                         text27       00800
___fltol                                       text11       00801
__end_of_putch                                 text27       00801
__ptext11                                      text11       00801
___fldiv                                       text19       00876
__end_of___fltol                               text11       00876
__ptext19                                      text19       00876
___flmul                                       text15       00A2A
__end_of___fldiv                               text19       00A2A
__ptext15                                      text15       00A2A
__end_of___flmul                               text15       00C81
__ptext3                                       text3        00C81
_vfpfcnvrt                                     text3        00C81
__Hspace_0                                     (abs)        02000
__S0                                           (abs)        02000
__end_of_vfpfcnvrt                             text3        01000
__ptext1                                       text1        01001
_sprintf                                       text1        01001
___aomod                                       text29       0102D
__end_of_sprintf                               text1        0102D
__ptext29                                      text29       0102D
__end_of___aomod                               text29       01117
__ptext9                                       text9        01117
_floorf                                        text9        01117
__pbssBIGRAM                                   (abs)        0231C
_tSys                                          (abs)        0231C
___aodiv                                       text30       01202
__end_of_floorf                                text9        01202
__ptext30                                      text30       01202
__end_of___aodiv                               text30       01303
__pmaintext                                    maintext     01303
_main                                          maintext     01303
__end_of_main                                  maintext     01451
__ptext22                                      text22       01451
_dtoa                                          text22       01451
___fladd                                       text13       015C1
__end_of_dtoa                                  text22       015C1
__ptext13                                      text13       015C1
__end_of___fladd                               text13       01800
__pstringtext1                                 stringtext1  01800
_co2_table                                     stringtext1  01800
__end_of_co2_table                             stringtext1  018CE
__pstringtext2                                 stringtext2  018CE
__pstringtext3                                 stringtext3  018DA
__pstringtext4                                 stringtext4  018DE
__pstringtext5                                 stringtext5  018E2
__pstringtext6                                 stringtext6  018E6
__pstringtext7                                 stringtext7  018EA
_FVR_Initialize                                text41       01995
__ptext41                                      text41       01995
_WDT_Initialize                                text37       01999
__end_of_FVR_Initialize                        text41       01999
__ptext37                                      text37       01999
_EUSART_SetErrorHandler                        text45       0199D
__end_of_WDT_Initialize                        text37       0199D
__ptext45                                      text45       0199D
_EUSART_SetFramingErrorHandler                 text44       019A3
__end_of_EUSART_SetErrorHandler                text45       019A3
__ptext44                                      text44       019A3
_EUSART_SetOverrunErrorHandler                 text43       019A9
__end_of_EUSART_SetFramingErrorHandler         text44       019A9
__ptext43                                      text43       019A9
_PMD_Initialize                                text38       019AF
__end_of_EUSART_SetOverrunErrorHandler         text43       019AF
__ptext38                                      text38       019AF
_ADC_Initialize                                text46       019B7
__end_of_PMD_Initialize                        text38       019B7
__ptext46                                      text46       019B7
_OSCILLATOR_Initialize                         text40       019C0
__end_of_ADC_Initialize                        text46       019C0
__ptext40                                      text40       019C0
___flneg                                       text14       019C9
__end_of_OSCILLATOR_Initialize                 text40       019C9
__ptext14                                      text14       019C9
__end_of___flneg                               text14       019D4
clear_ram0                                     clrtext      019D4
_ADC_SelectChannel                             text48       019E0
__ptext48                                      text48       019E0
_SYSTEM_Initialize                             text36       019ED
__end_of_ADC_SelectChannel                     text48       019ED
__ptext36                                      text36       019ED
__end_of_SYSTEM_Initialize                     text36       01A03
__ptext33                                      text33       01A03
_isdigit                                       text33       01A03
__end_of_isdigit                               text33       01A1B
__ptext7                                       text7        01A1B
_isupper                                       text7        01A1B
_ADC_GetConversion                             text49       01A33
__end_of_isupper                               text7        01A33
__ptext49                                      text49       01A33
__end_of_ADC_GetConversion                     text49       01A4D
__ptext28                                      text28       01A4D
_abs                                           text28       01A4D
__end_of_abs                                   text28       01A67
__ptext24                                      text24       01A67
_strlen                                        text24       01A67
___wmul                                        text34       01A81
__end_of_strlen                                text24       01A81
__ptext34                                      text34       01A81
___flsub                                       text12       01AA0
__end_of___wmul                                text34       01AA0
__ptext12                                      text12       01AA0
__end_of___flsub                               text12       01AC0
__ptext32                                      text32       01AC0
_isspace                                       text32       01AC0
__end_of_isspace                               text32       01AE1
__ptext8                                       text8        01AE1
_strcpy                                        text8        01AE1
_EUSART_Initialize                             text42       01B02
__end_of_strcpy                                text8        01B02
__ptext42                                      text42       01B02
__Umul8_16                                     text16       01B24
__end_of_EUSART_Initialize                     text42       01B24
__ptext16                                      text16       01B24
_PIN_MANAGER_Initialize                        text39       01B47
__end_of__Umul8_16                             text16       01B47
__ptext39                                      text39       01B47
__end_of_PIN_MANAGER_Initialize                text39       01B6B
__ptext6                                       text6        01B6B
_tolower                                       text6        01B6B
__end_of_tolower                               text6        01B90
__ptext25                                      text25       01B90
_fputs                                         text25       01B90
__end_of_fputs                                 text25       01BB9
__ptext2                                       text2        01BB9
_vfprintf                                      text2        01BB9
___fleq                                        text18       01BF0
__end_of_vfprintf                              text2        01BF0
__ptext18                                      text18       01BF0
___awmod                                       text20       01C3E
__end_of___fleq                                text18       01C3E
__ptext20                                      text20       01C3E
__end_of___awmod                               text20       01C91
__ptext26                                      text26       01C91
_fputc                                         text26       01C91
__end_of_fputc                                 text26       01CE7
__ptext23                                      text23       01CE7
_pad                                           text23       01CE7
__end_of_pad                                   text23       01D40
__ptext4                                       text4        01D40
_strncmp                                       text4        01D40
___fpclassifyf                                 text10       01D9B
__end_of_strncmp                               text4        01D9B
__ptext10                                      text10       01D9B
___flge                                        text17       01E1A
__end_of___fpclassifyf                         text10       01E1A
__ptext17                                      text17       01E1A
___xxtofl                                      text35       01EA5
__end_of___flge                                text17       01EA5
__ptext35                                      text35       01EA5
__end_of___xxtofl                              text35       01F51
__ptext31                                      text31       01F51
_atoi                                          text31       01F51
__end_of_atoi                                  text31       02000
__Hspace_4                                     (abs)        10012
__Hconfig                                      config       0800B
vfpfcnvrt@fmt                                  cstackBANK1  000E2
vfpfcnvrt@ap                                   cstackBANK1  000E3
vfprintf@fmt                                   cstackBANK1  000EA
vfprintf@ap                                    cstackBANK1  000EC
vfpfcnvrt@ll                                   cstackBANK2  00120
vfpfcnvrt@f                                    cstackBANK2  0012E
vfpfcnvrt@ct                                   cstackBANK2  00132
vfpfcnvrt@c                                    cstackBANK2  00135
vfpfcnvrt@fp                                   cstackBANK2  00136
vfprintf@fp                                    cstackBANK2  00137
vfprintf@cfmt                                  cstackBANK2  00138
sprintf@fmt                                    cstackBANK2  0013A
sprintf@s                                      cstackBANK2  00144
sprintf@ap                                     cstackBANK2  00145
sprintf@f                                      cstackBANK2  00146
start_initialization                           cinit        007D7
